Java HotSpot(TM) 64-Bit Server VM (25.202-b08) for bsd-amd64 JRE (1.8.0_202-b08), built on Dec 15 2018 20:16:16 by "java_re" with gcc 4.2.1 (Based on Apple Inc. build 5658) (LLVM build 2336.11.00)
Memory: 4k page, physical 16777216k(3401948k free)

/proc/meminfo:

CommandLine flags: -XX:+AlwaysPreTouch -XX:+CMSClassUnloadingEnabled -XX:+CMSEdenChunksRecordAlways -XX:CMSInitiatingOccupancyFraction=75 -XX:+CMSParallelInitialMarkEnabled -XX:+CMSParallelRemarkEnabled -XX:CMSWaitDuration=10000 -XX:CompileCommandFile=bin/../conf/hotspot_compiler -XX:GCLogFileSize=10485760 -XX:+HeapDumpOnOutOfMemoryError -XX:InitialHeapSize=4294967296 -XX:InitialTenuringThreshold=1 -XX:+ManagementServer -XX:MaxHeapSize=4294967296 -XX:MaxNewSize=1073741824 -XX:MaxTenuringThreshold=1 -XX:NewSize=1073741824 -XX:NumberOfGCLogFiles=10 -XX:OldPLABSize=16 -XX:OnOutOfMemoryError=kill -9 %p -XX:+PerfDisableSharedMem -XX:+PrintGC -XX:+PrintGCApplicationStoppedTime -XX:+PrintGCDateStamps -XX:+PrintGCDetails -XX:+PrintGCTimeStamps -XX:+PrintHeapAtGC -XX:+PrintPromotionFailure -XX:+PrintTenuringDistribution -XX:+ResizeTLAB -XX:StringTableSize=1000003 -XX:SurvivorRatio=8 -XX:ThreadPriorityPolicy=42 -XX:ThreadStackSize=256 -XX:-UseBiasedLocking -XX:+UseCMSInitiatingOccupancyOnly -XX:+UseCompressedClassPointers -XX:+UseCompressedOops -XX:+UseConcMarkSweepGC -XX:+UseCondCardMark -XX:+UseGCLogFileRotation -XX:+UseNUMA -XX:+UseNUMAInterleaving -XX:+UseParNewGC -XX:+UseTLAB -XX:+UseThreadPriorities 
2020-12-03T11:46:41.291+0800: 1.855: Total time for which application threads were stopped: 0.0000716 seconds, Stopping threads took: 0.0000069 seconds
2020-12-03T11:46:41.649+0800: 2.212: Total time for which application threads were stopped: 0.0001371 seconds, Stopping threads took: 0.0000076 seconds
2020-12-03T11:46:41.681+0800: 2.245: Total time for which application threads were stopped: 0.0001078 seconds, Stopping threads took: 0.0000095 seconds
2020-12-03T11:46:41.834+0800: 2.398: Total time for which application threads were stopped: 0.0001727 seconds, Stopping threads took: 0.0000086 seconds
2020-12-03T11:46:41.836+0800: 2.400: Total time for which application threads were stopped: 0.0000725 seconds, Stopping threads took: 0.0000058 seconds
2020-12-03T11:46:41.838+0800: 2.402: Total time for which application threads were stopped: 0.0000584 seconds, Stopping threads took: 0.0000058 seconds
2020-12-03T11:46:41.985+0800: 2.549: Total time for which application threads were stopped: 0.0002054 seconds, Stopping threads took: 0.0000230 seconds
2020-12-03T11:46:42.122+0800: 2.685: Total time for which application threads were stopped: 0.0001607 seconds, Stopping threads took: 0.0000100 seconds
2020-12-03T11:46:42.166+0800: 2.730: Total time for which application threads were stopped: 0.0001506 seconds, Stopping threads took: 0.0000228 seconds
2020-12-03T11:46:42.172+0800: 2.736: Total time for which application threads were stopped: 0.0001369 seconds, Stopping threads took: 0.0000073 seconds
2020-12-03T11:46:42.196+0800: 2.760: Total time for which application threads were stopped: 0.0001260 seconds, Stopping threads took: 0.0000084 seconds
2020-12-03T11:46:42.276+0800: 2.840: Total time for which application threads were stopped: 0.0002420 seconds, Stopping threads took: 0.0000138 seconds
2020-12-03T11:46:42.375+0800: 2.939: Total time for which application threads were stopped: 0.0001487 seconds, Stopping threads took: 0.0000085 seconds
2020-12-03T11:46:42.419+0800: 2.983: Total time for which application threads were stopped: 0.0001390 seconds, Stopping threads took: 0.0000093 seconds
2020-12-03T11:46:42.471+0800: 3.034: Total time for which application threads were stopped: 0.0001665 seconds, Stopping threads took: 0.0000163 seconds
2020-12-03T11:46:42.591+0800: 3.155: Total time for which application threads were stopped: 0.0001695 seconds, Stopping threads took: 0.0000121 seconds
2020-12-03T11:46:42.624+0800: 3.188: Total time for which application threads were stopped: 0.0001914 seconds, Stopping threads took: 0.0000135 seconds
2020-12-03T11:46:42.644+0800: 3.208: Total time for which application threads were stopped: 0.0001833 seconds, Stopping threads took: 0.0000100 seconds
2020-12-03T11:46:42.670+0800: 3.234: Total time for which application threads were stopped: 0.0001158 seconds, Stopping threads took: 0.0000087 seconds
2020-12-03T11:46:42.742+0800: 3.306: Total time for which application threads were stopped: 0.0001134 seconds, Stopping threads took: 0.0000099 seconds
2020-12-03T11:46:42.837+0800: 3.401: Total time for which application threads were stopped: 0.0001311 seconds, Stopping threads took: 0.0000108 seconds
2020-12-03T11:46:42.871+0800: 3.434: Total time for which application threads were stopped: 0.0001333 seconds, Stopping threads took: 0.0000110 seconds
2020-12-03T11:46:42.905+0800: 3.469: Total time for which application threads were stopped: 0.0001343 seconds, Stopping threads took: 0.0000136 seconds
2020-12-03T11:46:42.918+0800: 3.482: Total time for which application threads were stopped: 0.0001613 seconds, Stopping threads took: 0.0000121 seconds
2020-12-03T11:46:42.939+0800: 3.503: Total time for which application threads were stopped: 0.0001270 seconds, Stopping threads took: 0.0000087 seconds
2020-12-03T11:46:42.967+0800: 3.531: Total time for which application threads were stopped: 0.0001279 seconds, Stopping threads took: 0.0000104 seconds
2020-12-03T11:46:42.995+0800: 3.558: Total time for which application threads were stopped: 0.0001313 seconds, Stopping threads took: 0.0000098 seconds
2020-12-03T11:46:42.995+0800: 3.558: Total time for which application threads were stopped: 0.0000329 seconds, Stopping threads took: 0.0000141 seconds
2020-12-03T11:46:43.019+0800: 3.583: Total time for which application threads were stopped: 0.0001326 seconds, Stopping threads took: 0.0000100 seconds
2020-12-03T11:46:43.054+0800: 3.618: Total time for which application threads were stopped: 0.0001496 seconds, Stopping threads took: 0.0000121 seconds
2020-12-03T11:46:43.074+0800: 3.637: Total time for which application threads were stopped: 0.0001740 seconds, Stopping threads took: 0.0000204 seconds
2020-12-03T11:46:43.082+0800: 3.646: Total time for which application threads were stopped: 0.0001416 seconds, Stopping threads took: 0.0000102 seconds
2020-12-03T11:46:43.118+0800: 3.682: Total time for which application threads were stopped: 0.0000887 seconds, Stopping threads took: 0.0000094 seconds
2020-12-03T11:46:43.143+0800: 3.707: Total time for which application threads were stopped: 0.0000917 seconds, Stopping threads took: 0.0000109 seconds
2020-12-03T11:46:43.161+0800: 3.725: Total time for which application threads were stopped: 0.0000808 seconds, Stopping threads took: 0.0000090 seconds
2020-12-03T11:46:43.195+0800: 3.759: Total time for which application threads were stopped: 0.0000931 seconds, Stopping threads took: 0.0000092 seconds
2020-12-03T11:46:43.212+0800: 3.776: Total time for which application threads were stopped: 0.0000706 seconds, Stopping threads took: 0.0000076 seconds
2020-12-03T11:46:43.241+0800: 3.805: Total time for which application threads were stopped: 0.0001322 seconds, Stopping threads took: 0.0000129 seconds
2020-12-03T11:46:43.260+0800: 3.823: Total time for which application threads were stopped: 0.0000967 seconds, Stopping threads took: 0.0000107 seconds
2020-12-03T11:46:43.306+0800: 3.869: Total time for which application threads were stopped: 0.0001209 seconds, Stopping threads took: 0.0000102 seconds
2020-12-03T11:46:43.344+0800: 3.908: Total time for which application threads were stopped: 0.0001681 seconds, Stopping threads took: 0.0000328 seconds
2020-12-03T11:46:43.386+0800: 3.950: Total time for which application threads were stopped: 0.0001511 seconds, Stopping threads took: 0.0000106 seconds
2020-12-03T11:46:43.417+0800: 3.981: Total time for which application threads were stopped: 0.0001642 seconds, Stopping threads took: 0.0000285 seconds
2020-12-03T11:46:43.459+0800: 4.023: Total time for which application threads were stopped: 0.0001523 seconds, Stopping threads took: 0.0000112 seconds
2020-12-03T11:46:43.520+0800: 4.084: Total time for which application threads were stopped: 0.0001990 seconds, Stopping threads took: 0.0000121 seconds
2020-12-03T11:46:43.877+0800: 4.440: Total time for which application threads were stopped: 0.0002594 seconds, Stopping threads took: 0.0000123 seconds
2020-12-03T11:46:43.891+0800: 4.454: Total time for which application threads were stopped: 0.0001229 seconds, Stopping threads took: 0.0000112 seconds
2020-12-03T11:46:43.920+0800: 4.483: Total time for which application threads were stopped: 0.0001153 seconds, Stopping threads took: 0.0000115 seconds
2020-12-03T11:46:43.947+0800: 4.511: Total time for which application threads were stopped: 0.0001511 seconds, Stopping threads took: 0.0000105 seconds
2020-12-03T11:46:44.045+0800: 4.609: Total time for which application threads were stopped: 0.0002127 seconds, Stopping threads took: 0.0000333 seconds
2020-12-03T11:46:44.069+0800: 4.632: Total time for which application threads were stopped: 0.0002535 seconds, Stopping threads took: 0.0000123 seconds
2020-12-03T11:46:44.093+0800: 4.657: Total time for which application threads were stopped: 0.0001488 seconds, Stopping threads took: 0.0000132 seconds
2020-12-03T11:46:44.121+0800: 4.685: Total time for which application threads were stopped: 0.0001514 seconds, Stopping threads took: 0.0000219 seconds
2020-12-03T11:46:44.164+0800: 4.728: Total time for which application threads were stopped: 0.0001623 seconds, Stopping threads took: 0.0000194 seconds
2020-12-03T11:46:44.295+0800: 4.859: Total time for which application threads were stopped: 0.0001720 seconds, Stopping threads took: 0.0000233 seconds
2020-12-03T11:46:44.334+0800: 4.897: Total time for which application threads were stopped: 0.0001674 seconds, Stopping threads took: 0.0000157 seconds
2020-12-03T11:46:44.372+0800: 4.936: Total time for which application threads were stopped: 0.0001381 seconds, Stopping threads took: 0.0000108 seconds
2020-12-03T11:46:44.417+0800: 4.981: Total time for which application threads were stopped: 0.0001583 seconds, Stopping threads took: 0.0000198 seconds
2020-12-03T11:46:44.452+0800: 5.016: Total time for which application threads were stopped: 0.0001677 seconds, Stopping threads took: 0.0000104 seconds
2020-12-03T11:46:44.487+0800: 5.051: Total time for which application threads were stopped: 0.0001491 seconds, Stopping threads took: 0.0000109 seconds
2020-12-03T11:46:44.526+0800: 5.090: Total time for which application threads were stopped: 0.0002081 seconds, Stopping threads took: 0.0000129 seconds
2020-12-03T11:46:44.540+0800: 5.103: Total time for which application threads were stopped: 0.0001249 seconds, Stopping threads took: 0.0000119 seconds
2020-12-03T11:46:44.588+0800: 5.152: Total time for which application threads were stopped: 0.0001963 seconds, Stopping threads took: 0.0000216 seconds
{Heap before GC invocations=0 (full 0):
 par new generation   total 943744K, used 838912K [0x00000006c0000000, 0x0000000700000000, 0x0000000700000000)
  eden space 838912K, 100% used [0x00000006c0000000, 0x00000006f3340000, 0x00000006f3340000)
  from space 104832K,   0% used [0x00000006f3340000, 0x00000006f3340000, 0x00000006f99a0000)
  to   space 104832K,   0% used [0x00000006f99a0000, 0x00000006f99a0000, 0x0000000700000000)
 concurrent mark-sweep generation total 3145728K, used 0K [0x0000000700000000, 0x00000007c0000000, 0x00000007c0000000)
 Metaspace       used 35148K, capacity 36089K, committed 36236K, reserved 1081344K
  class space    used 4907K, capacity 5148K, committed 5204K, reserved 1048576K
2020-12-03T11:46:44.606+0800: 5.170: [GC (Allocation Failure) 2020-12-03T11:46:44.606+0800: 5.170: [ParNew
Desired survivor size 53673984 bytes, new threshold 1 (max 1)
- age   1:   47704256 bytes,   47704256 total
: 838912K->46719K(943744K), 0.0142565 secs] 838912K->46719K(4089472K), 0.0143404 secs] [Times: user=0.10 sys=0.01, real=0.02 secs] 
Heap after GC invocations=1 (full 0):
 par new generation   total 943744K, used 46719K [0x00000006c0000000, 0x0000000700000000, 0x0000000700000000)
  eden space 838912K,   0% used [0x00000006c0000000, 0x00000006c0000000, 0x00000006f3340000)
  from space 104832K,  44% used [0x00000006f99a0000, 0x00000006fc73ffa0, 0x0000000700000000)
  to   space 104832K,   0% used [0x00000006f3340000, 0x00000006f3340000, 0x00000006f99a0000)
 concurrent mark-sweep generation total 3145728K, used 0K [0x0000000700000000, 0x00000007c0000000, 0x00000007c0000000)
 Metaspace       used 35148K, capacity 36089K, committed 36236K, reserved 1081344K
  class space    used 4907K, capacity 5148K, committed 5204K, reserved 1048576K
}
2020-12-03T11:46:44.621+0800: 5.184: Total time for which application threads were stopped: 0.0144945 seconds, Stopping threads took: 0.0000193 seconds
2020-12-03T11:46:44.621+0800: 5.184: [GC (CMS Initial Mark) [1 CMS-initial-mark: 0K(3145728K)] 63498K(4089472K), 0.0025804 secs] [Times: user=0.02 sys=0.00, real=0.00 secs] 
2020-12-03T11:46:44.623+0800: 5.187: Total time for which application threads were stopped: 0.0026808 seconds, Stopping threads took: 0.0000306 seconds
2020-12-03T11:46:44.623+0800: 5.187: [CMS-concurrent-mark-start]
2020-12-03T11:46:44.624+0800: 5.188: [CMS-concurrent-mark: 0.001/0.001 secs] [Times: user=0.00 sys=0.00, real=0.00 secs] 
2020-12-03T11:46:44.624+0800: 5.188: [CMS-concurrent-preclean-start]
2020-12-03T11:46:44.629+0800: 5.192: [CMS-concurrent-preclean: 0.005/0.005 secs] [Times: user=0.03 sys=0.00, real=0.00 secs] 
2020-12-03T11:46:44.629+0800: 5.192: [CMS-concurrent-abortable-preclean-start]
2020-12-03T11:46:44.631+0800: 5.195: Total time for which application threads were stopped: 0.0002067 seconds, Stopping threads took: 0.0000262 seconds
2020-12-03T11:46:44.662+0800: 5.226: Total time for which application threads were stopped: 0.0001668 seconds, Stopping threads took: 0.0000136 seconds
2020-12-03T11:46:44.681+0800: 5.245: Total time for which application threads were stopped: 0.0003295 seconds, Stopping threads took: 0.0000124 seconds
2020-12-03T11:46:44.683+0800: 5.246: Total time for which application threads were stopped: 0.0002867 seconds, Stopping threads took: 0.0000106 seconds
2020-12-03T11:46:44.698+0800: 5.262: Total time for which application threads were stopped: 0.0001690 seconds, Stopping threads took: 0.0000129 seconds
2020-12-03T11:46:44.722+0800: 5.286: Total time for which application threads were stopped: 0.0002954 seconds, Stopping threads took: 0.0000145 seconds
2020-12-03T11:46:44.732+0800: 5.296: Total time for which application threads were stopped: 0.0001514 seconds, Stopping threads took: 0.0000119 seconds
2020-12-03T11:46:44.752+0800: 5.316: Total time for which application threads were stopped: 0.0001548 seconds, Stopping threads took: 0.0000218 seconds
2020-12-03T11:46:44.785+0800: 5.349: Total time for which application threads were stopped: 0.0001631 seconds, Stopping threads took: 0.0000115 seconds
2020-12-03T11:46:44.796+0800: 5.360: Total time for which application threads were stopped: 0.0002699 seconds, Stopping threads took: 0.0000121 seconds
2020-12-03T11:46:44.820+0800: 5.384: Total time for which application threads were stopped: 0.0001530 seconds, Stopping threads took: 0.0000137 seconds
2020-12-03T11:46:44.871+0800: 5.435: Total time for which application threads were stopped: 0.0002334 seconds, Stopping threads took: 0.0000398 seconds
2020-12-03T11:46:44.906+0800: 5.469: Total time for which application threads were stopped: 0.0001887 seconds, Stopping threads took: 0.0000255 seconds
2020-12-03T11:46:44.934+0800: 5.498: Total time for which application threads were stopped: 0.0003095 seconds, Stopping threads took: 0.0000143 seconds
2020-12-03T11:46:44.942+0800: 5.506: Total time for which application threads were stopped: 0.0001729 seconds, Stopping threads took: 0.0000156 seconds
2020-12-03T11:46:44.966+0800: 5.530: Total time for which application threads were stopped: 0.0001229 seconds, Stopping threads took: 0.0000128 seconds
2020-12-03T11:46:44.998+0800: 5.562: Total time for which application threads were stopped: 0.0001692 seconds, Stopping threads took: 0.0000141 seconds
2020-12-03T11:46:45.019+0800: 5.583: Total time for which application threads were stopped: 0.0003334 seconds, Stopping threads took: 0.0000167 seconds
2020-12-03T11:46:45.029+0800: 5.592: Total time for which application threads were stopped: 0.0001595 seconds, Stopping threads took: 0.0000139 seconds
2020-12-03T11:46:45.072+0800: 5.635: Total time for which application threads were stopped: 0.0002381 seconds, Stopping threads took: 0.0000322 seconds
2020-12-03T11:46:45.106+0800: 5.669: Total time for which application threads were stopped: 0.0001580 seconds, Stopping threads took: 0.0000138 seconds
2020-12-03T11:46:45.129+0800: 5.693: Total time for which application threads were stopped: 0.0001445 seconds, Stopping threads took: 0.0000136 seconds
2020-12-03T11:46:45.231+0800: 5.795: Total time for which application threads were stopped: 0.0002302 seconds, Stopping threads took: 0.0000178 seconds
2020-12-03T11:46:45.370+0800: 5.933: Total time for which application threads were stopped: 0.0003260 seconds, Stopping threads took: 0.0000249 seconds
2020-12-03T11:46:45.580+0800: 6.143: Total time for which application threads were stopped: 0.0002909 seconds, Stopping threads took: 0.0000262 seconds
2020-12-03T11:46:45.663+0800: 6.226: Total time for which application threads were stopped: 0.0005491 seconds, Stopping threads took: 0.0000263 seconds
2020-12-03T11:46:45.687+0800: 6.251: Total time for which application threads were stopped: 0.0001827 seconds, Stopping threads took: 0.0000149 seconds
2020-12-03T11:46:45.722+0800: 6.286: Total time for which application threads were stopped: 0.0002515 seconds, Stopping threads took: 0.0000413 seconds
2020-12-03T11:46:45.736+0800: 6.300: Total time for which application threads were stopped: 0.0002169 seconds, Stopping threads took: 0.0000314 seconds
2020-12-03T11:46:45.747+0800: 6.311: Total time for which application threads were stopped: 0.0004859 seconds, Stopping threads took: 0.0000479 seconds
2020-12-03T11:46:45.755+0800: 6.319: Total time for which application threads were stopped: 0.0001955 seconds, Stopping threads took: 0.0000310 seconds
2020-12-03T11:46:45.755+0800: 6.319: Total time for which application threads were stopped: 0.0000829 seconds, Stopping threads took: 0.0000305 seconds
2020-12-03T11:46:45.802+0800: 6.366: Total time for which application threads were stopped: 0.0003163 seconds, Stopping threads took: 0.0000582 seconds
2020-12-03T11:46:45.802+0800: 6.366: Total time for which application threads were stopped: 0.0000789 seconds, Stopping threads took: 0.0000123 seconds
2020-12-03T11:46:46.804+0800: 7.367: Total time for which application threads were stopped: 0.0002773 seconds, Stopping threads took: 0.0000396 seconds
2020-12-03T11:46:47.804+0800: 8.368: Total time for which application threads were stopped: 0.0001863 seconds, Stopping threads took: 0.0000411 seconds
2020-12-03T11:46:48.805+0800: 9.368: Total time for which application threads were stopped: 0.0001667 seconds, Stopping threads took: 0.0000351 seconds
 CMS: abort preclean due to time 2020-12-03T11:46:49.774+0800: 10.338: [CMS-concurrent-abortable-preclean: 3.215/5.146 secs] [Times: user=7.05 sys=0.42, real=5.15 secs] 
2020-12-03T11:46:49.774+0800: 10.338: [GC (CMS Final Remark) [YG occupancy: 384675 K (943744 K)]2020-12-03T11:46:49.774+0800: 10.338: [Rescan (parallel) , 0.0084110 secs]2020-12-03T11:46:49.783+0800: 10.347: [weak refs processing, 0.0000527 secs]2020-12-03T11:46:49.783+0800: 10.347: [class unloading, 0.0045123 secs]2020-12-03T11:46:49.787+0800: 10.351: [scrub symbol table, 0.0030439 secs]2020-12-03T11:46:49.791+0800: 10.354: [scrub string table, 0.0025591 secs][1 CMS-remark: 0K(3145728K)] 384675K(4089472K), 0.0200802 secs] [Times: user=0.09 sys=0.00, real=0.02 secs] 
2020-12-03T11:46:49.795+0800: 10.358: Total time for which application threads were stopped: 0.0201903 seconds, Stopping threads took: 0.0000152 seconds
2020-12-03T11:46:49.795+0800: 10.358: [CMS-concurrent-sweep-start]
2020-12-03T11:46:49.795+0800: 10.358: [CMS-concurrent-sweep: 0.000/0.000 secs] [Times: user=0.00 sys=0.00, real=0.00 secs] 
2020-12-03T11:46:49.795+0800: 10.358: [CMS-concurrent-reset-start]
2020-12-03T11:46:49.799+0800: 10.363: [CMS-concurrent-reset: 0.005/0.005 secs] [Times: user=0.01 sys=0.00, real=0.00 secs] 
2020-12-03T11:46:50.795+0800: 11.359: Total time for which application threads were stopped: 0.0001182 seconds, Stopping threads took: 0.0000244 seconds
2020-12-03T11:46:52.797+0800: 13.360: Total time for which application threads were stopped: 0.0001600 seconds, Stopping threads took: 0.0000588 seconds
2020-12-03T11:46:55.714+0800: 16.277: Total time for which application threads were stopped: 0.0004553 seconds, Stopping threads took: 0.0000163 seconds
2020-12-03T11:46:55.823+0800: 16.386: Total time for which application threads were stopped: 0.0003896 seconds, Stopping threads took: 0.0000152 seconds
2020-12-03T11:46:56.824+0800: 17.387: Total time for which application threads were stopped: 0.0001915 seconds, Stopping threads took: 0.0000386 seconds
2020-12-03T11:47:05.828+0800: 26.391: Total time for which application threads were stopped: 0.0001527 seconds, Stopping threads took: 0.0000324 seconds
2020-12-03T11:47:06.829+0800: 27.392: Total time for which application threads were stopped: 0.0001800 seconds, Stopping threads took: 0.0000405 seconds
2020-12-03T11:47:15.832+0800: 36.395: Total time for which application threads were stopped: 0.0002049 seconds, Stopping threads took: 0.0000201 seconds
2020-12-03T11:47:16.832+0800: 37.395: Total time for which application threads were stopped: 0.0000990 seconds, Stopping threads took: 0.0000205 seconds
2020-12-03T11:47:17.833+0800: 38.396: Total time for which application threads were stopped: 0.0001789 seconds, Stopping threads took: 0.0000377 seconds
2020-12-03T11:47:20.837+0800: 41.400: Total time for which application threads were stopped: 0.0001814 seconds, Stopping threads took: 0.0000369 seconds
2020-12-03T11:47:21.837+0800: 42.400: Total time for which application threads were stopped: 0.0001781 seconds, Stopping threads took: 0.0000381 seconds
2020-12-03T11:47:22.838+0800: 43.401: Total time for which application threads were stopped: 0.0001901 seconds, Stopping threads took: 0.0000386 seconds
2020-12-03T11:47:28.844+0800: 49.407: Total time for which application threads were stopped: 0.0001284 seconds, Stopping threads took: 0.0000291 seconds
2020-12-03T11:47:34.849+0800: 55.412: Total time for which application threads were stopped: 0.0001855 seconds, Stopping threads took: 0.0000415 seconds
2020-12-03T11:47:35.850+0800: 56.412: Total time for which application threads were stopped: 0.0001245 seconds, Stopping threads took: 0.0000254 seconds
2020-12-03T11:47:41.854+0800: 62.417: Total time for which application threads were stopped: 0.0001233 seconds, Stopping threads took: 0.0000263 seconds
2020-12-03T11:47:42.856+0800: 63.418: Total time for which application threads were stopped: 0.0001852 seconds, Stopping threads took: 0.0000389 seconds
2020-12-03T11:47:44.858+0800: 65.420: Total time for which application threads were stopped: 0.0001723 seconds, Stopping threads took: 0.0000354 seconds
2020-12-03T11:47:45.859+0800: 66.421: Total time for which application threads were stopped: 0.0001187 seconds, Stopping threads took: 0.0000270 seconds
2020-12-03T11:47:46.860+0800: 67.423: Total time for which application threads were stopped: 0.0001561 seconds, Stopping threads took: 0.0000346 seconds
2020-12-03T11:47:47.861+0800: 68.424: Total time for which application threads were stopped: 0.0001565 seconds, Stopping threads took: 0.0000338 seconds
2020-12-03T11:47:49.863+0800: 70.425: Total time for which application threads were stopped: 0.0001613 seconds, Stopping threads took: 0.0000315 seconds
2020-12-03T11:47:52.866+0800: 73.428: Total time for which application threads were stopped: 0.0001568 seconds, Stopping threads took: 0.0000343 seconds
2020-12-03T11:47:54.868+0800: 75.430: Total time for which application threads were stopped: 0.0001887 seconds, Stopping threads took: 0.0000341 seconds
2020-12-03T11:47:55.869+0800: 76.432: Total time for which application threads were stopped: 0.0001658 seconds, Stopping threads took: 0.0000345 seconds
2020-12-03T11:47:56.870+0800: 77.433: Total time for which application threads were stopped: 0.0000765 seconds, Stopping threads took: 0.0000158 seconds
2020-12-03T11:47:57.642+0800: 78.205: Total time for which application threads were stopped: 0.0004516 seconds, Stopping threads took: 0.0000117 seconds
2020-12-03T11:47:58.643+0800: 79.205: Total time for which application threads were stopped: 0.0002569 seconds, Stopping threads took: 0.0000332 seconds
2020-12-03T11:48:11.653+0800: 92.215: Total time for which application threads were stopped: 0.0001721 seconds, Stopping threads took: 0.0000395 seconds
2020-12-03T11:48:39.671+0800: 120.233: Total time for which application threads were stopped: 0.0001976 seconds, Stopping threads took: 0.0000572 seconds
2020-12-03T11:48:41.673+0800: 122.234: Total time for which application threads were stopped: 0.0001620 seconds, Stopping threads took: 0.0000336 seconds
2020-12-03T11:48:45.677+0800: 126.238: Total time for which application threads were stopped: 0.0001662 seconds, Stopping threads took: 0.0000360 seconds
2020-12-03T11:48:54.685+0800: 135.246: Total time for which application threads were stopped: 0.0001663 seconds, Stopping threads took: 0.0000346 seconds
2020-12-03T11:48:55.686+0800: 136.247: Total time for which application threads were stopped: 0.0001675 seconds, Stopping threads took: 0.0000357 seconds
2020-12-03T11:49:07.697+0800: 148.258: Total time for which application threads were stopped: 0.0001588 seconds, Stopping threads took: 0.0000344 seconds
2020-12-03T11:49:09.698+0800: 150.259: Total time for which application threads were stopped: 0.0000910 seconds, Stopping threads took: 0.0000203 seconds
2020-12-03T11:49:12.701+0800: 153.261: Total time for which application threads were stopped: 0.0001856 seconds, Stopping threads took: 0.0000638 seconds
2020-12-03T11:49:14.701+0800: 155.262: Total time for which application threads were stopped: 0.0001108 seconds, Stopping threads took: 0.0000245 seconds
2020-12-03T11:49:24.708+0800: 165.269: Total time for which application threads were stopped: 0.0001546 seconds, Stopping threads took: 0.0000323 seconds
2020-12-03T11:49:25.710+0800: 166.270: Total time for which application threads were stopped: 0.0001570 seconds, Stopping threads took: 0.0000349 seconds
2020-12-03T11:49:40.723+0800: 181.283: Total time for which application threads were stopped: 0.0001583 seconds, Stopping threads took: 0.0000344 seconds
2020-12-03T11:49:45.728+0800: 186.288: Total time for which application threads were stopped: 0.0001832 seconds, Stopping threads took: 0.0000353 seconds
2020-12-03T11:49:51.733+0800: 192.293: Total time for which application threads were stopped: 0.0001933 seconds, Stopping threads took: 0.0000676 seconds
2020-12-03T11:49:55.737+0800: 196.297: Total time for which application threads were stopped: 0.0001703 seconds, Stopping threads took: 0.0000336 seconds
2020-12-03T11:49:56.738+0800: 197.298: Total time for which application threads were stopped: 0.0001652 seconds, Stopping threads took: 0.0000345 seconds
2020-12-03T11:49:57.739+0800: 198.299: Total time for which application threads were stopped: 0.0002063 seconds, Stopping threads took: 0.0000393 seconds
2020-12-03T11:49:58.740+0800: 199.300: Total time for which application threads were stopped: 0.0001692 seconds, Stopping threads took: 0.0000472 seconds
2020-12-03T11:50:10.752+0800: 211.312: Total time for which application threads were stopped: 0.0001596 seconds, Stopping threads took: 0.0000343 seconds
2020-12-03T11:50:12.755+0800: 213.314: Total time for which application threads were stopped: 0.0001432 seconds, Stopping threads took: 0.0000294 seconds
2020-12-03T11:50:14.756+0800: 215.315: Total time for which application threads were stopped: 0.0001512 seconds, Stopping threads took: 0.0000315 seconds
2020-12-03T11:50:15.756+0800: 216.316: Total time for which application threads were stopped: 0.0001575 seconds, Stopping threads took: 0.0000333 seconds
2020-12-03T11:50:17.758+0800: 218.317: Total time for which application threads were stopped: 0.0001660 seconds, Stopping threads took: 0.0000350 seconds
2020-12-03T11:50:22.761+0800: 223.321: Total time for which application threads were stopped: 0.0001631 seconds, Stopping threads took: 0.0000362 seconds
2020-12-03T11:50:23.763+0800: 224.322: Total time for which application threads were stopped: 0.0001585 seconds, Stopping threads took: 0.0000340 seconds
2020-12-03T11:50:25.765+0800: 226.324: Total time for which application threads were stopped: 0.0001696 seconds, Stopping threads took: 0.0000356 seconds
2020-12-03T11:50:29.768+0800: 230.327: Total time for which application threads were stopped: 0.0001675 seconds, Stopping threads took: 0.0000351 seconds
2020-12-03T11:50:38.774+0800: 239.333: Total time for which application threads were stopped: 0.0000825 seconds, Stopping threads took: 0.0000181 seconds
2020-12-03T11:50:39.776+0800: 240.334: Total time for which application threads were stopped: 0.0001642 seconds, Stopping threads took: 0.0000367 seconds
2020-12-03T11:50:41.778+0800: 242.337: Total time for which application threads were stopped: 0.0001754 seconds, Stopping threads took: 0.0000357 seconds
2020-12-03T11:50:46.782+0800: 247.341: Total time for which application threads were stopped: 0.0001767 seconds, Stopping threads took: 0.0000351 seconds
2020-12-03T11:50:48.783+0800: 249.341: Total time for which application threads were stopped: 0.0001781 seconds, Stopping threads took: 0.0000368 seconds
2020-12-03T11:50:50.784+0800: 251.343: Total time for which application threads were stopped: 0.0001660 seconds, Stopping threads took: 0.0000350 seconds
2020-12-03T11:50:51.786+0800: 252.344: Total time for which application threads were stopped: 0.0001768 seconds, Stopping threads took: 0.0000359 seconds
2020-12-03T11:50:54.788+0800: 255.347: Total time for which application threads were stopped: 0.0001860 seconds, Stopping threads took: 0.0000352 seconds
2020-12-03T11:50:56.790+0800: 257.348: Total time for which application threads were stopped: 0.0001653 seconds, Stopping threads took: 0.0000368 seconds
2020-12-03T11:50:58.791+0800: 259.349: Total time for which application threads were stopped: 0.0001645 seconds, Stopping threads took: 0.0000349 seconds
2020-12-03T11:51:00.792+0800: 261.351: Total time for which application threads were stopped: 0.0001661 seconds, Stopping threads took: 0.0000356 seconds
2020-12-03T11:51:01.793+0800: 262.351: Total time for which application threads were stopped: 0.0001214 seconds, Stopping threads took: 0.0000248 seconds
2020-12-03T11:51:02.794+0800: 263.352: Total time for which application threads were stopped: 0.0001690 seconds, Stopping threads took: 0.0000342 seconds
2020-12-03T11:51:05.797+0800: 266.355: Total time for which application threads were stopped: 0.0001399 seconds, Stopping threads took: 0.0000557 seconds
2020-12-03T11:51:06.798+0800: 267.357: Total time for which application threads were stopped: 0.0001685 seconds, Stopping threads took: 0.0000350 seconds
{Heap before GC invocations=1 (full 1):
 par new generation   total 943744K, used 885631K [0x00000006c0000000, 0x0000000700000000, 0x0000000700000000)
  eden space 838912K, 100% used [0x00000006c0000000, 0x00000006f3340000, 0x00000006f3340000)
  from space 104832K,  44% used [0x00000006f99a0000, 0x00000006fc73ffa0, 0x0000000700000000)
  to   space 104832K,   0% used [0x00000006f3340000, 0x00000006f3340000, 0x00000006f99a0000)
 concurrent mark-sweep generation total 3145728K, used 0K [0x0000000700000000, 0x00000007c0000000, 0x00000007c0000000)
 Metaspace       used 43839K, capacity 45670K, committed 45844K, reserved 1089536K
  class space    used 6093K, capacity 6529K, committed 6576K, reserved 1048576K
2020-12-03T11:51:15.576+0800: 276.134: [GC (Allocation Failure) 2020-12-03T11:51:15.576+0800: 276.135: [ParNew
Desired survivor size 53673984 bytes, new threshold 1 (max 1)
- age   1:   23171816 bytes,   23171816 total
: 885631K->30084K(943744K), 0.0404112 secs] 885631K->47570K(4089472K), 0.0406147 secs] [Times: user=0.25 sys=0.02, real=0.04 secs] 
Heap after GC invocations=2 (full 1):
 par new generation   total 943744K, used 30084K [0x00000006c0000000, 0x0000000700000000, 0x0000000700000000)
  eden space 838912K,   0% used [0x00000006c0000000, 0x00000006c0000000, 0x00000006f3340000)
  from space 104832K,  28% used [0x00000006f3340000, 0x00000006f50a1268, 0x00000006f99a0000)
  to   space 104832K,   0% used [0x00000006f99a0000, 0x00000006f99a0000, 0x0000000700000000)
 concurrent mark-sweep generation total 3145728K, used 17486K [0x0000000700000000, 0x00000007c0000000, 0x00000007c0000000)
 Metaspace       used 43839K, capacity 45670K, committed 45844K, reserved 1089536K
  class space    used 6093K, capacity 6529K, committed 6576K, reserved 1048576K
}
2020-12-03T11:51:15.617+0800: 276.175: Total time for which application threads were stopped: 0.0408938 seconds, Stopping threads took: 0.0000274 seconds
2020-12-03T11:51:16.618+0800: 277.176: Total time for which application threads were stopped: 0.0001869 seconds, Stopping threads took: 0.0000388 seconds
2020-12-03T11:51:38.639+0800: 299.196: Total time for which application threads were stopped: 0.0000767 seconds, Stopping threads took: 0.0000174 seconds
2020-12-03T11:51:46.646+0800: 307.203: Total time for which application threads were stopped: 0.0000978 seconds, Stopping threads took: 0.0000204 seconds
2020-12-03T11:52:15.662+0800: 336.219: Total time for which application threads were stopped: 0.0002759 seconds, Stopping threads took: 0.0000386 seconds
2020-12-03T11:52:25.669+0800: 346.225: Total time for which application threads were stopped: 0.0002027 seconds, Stopping threads took: 0.0000364 seconds
2020-12-03T11:52:31.675+0800: 352.231: Total time for which application threads were stopped: 0.0001792 seconds, Stopping threads took: 0.0000357 seconds
2020-12-03T11:52:35.678+0800: 356.235: Total time for which application threads were stopped: 0.0001736 seconds, Stopping threads took: 0.0000355 seconds
2020-12-03T11:52:36.679+0800: 357.235: Total time for which application threads were stopped: 0.0001756 seconds, Stopping threads took: 0.0000322 seconds
2020-12-03T11:52:37.680+0800: 358.236: Total time for which application threads were stopped: 0.0001710 seconds, Stopping threads took: 0.0000356 seconds
2020-12-03T11:52:46.687+0800: 367.243: Total time for which application threads were stopped: 0.0002136 seconds, Stopping threads took: 0.0000386 seconds
2020-12-03T11:52:58.698+0800: 379.254: Total time for which application threads were stopped: 0.0001832 seconds, Stopping threads took: 0.0000385 seconds
2020-12-03T11:53:09.706+0800: 390.261: Total time for which application threads were stopped: 0.0001611 seconds, Stopping threads took: 0.0000328 seconds
2020-12-03T11:53:11.708+0800: 392.263: Total time for which application threads were stopped: 0.0001750 seconds, Stopping threads took: 0.0000329 seconds
2020-12-03T11:53:16.711+0800: 397.266: Total time for which application threads were stopped: 0.0001778 seconds, Stopping threads took: 0.0000368 seconds
2020-12-03T11:53:23.715+0800: 404.271: Total time for which application threads were stopped: 0.0000829 seconds, Stopping threads took: 0.0000191 seconds
2020-12-03T11:53:32.720+0800: 413.275: Total time for which application threads were stopped: 0.0001708 seconds, Stopping threads took: 0.0000357 seconds
2020-12-03T11:53:35.723+0800: 416.278: Total time for which application threads were stopped: 0.0002059 seconds, Stopping threads took: 0.0000681 seconds
2020-12-03T11:53:45.731+0800: 426.286: Total time for which application threads were stopped: 0.0001751 seconds, Stopping threads took: 0.0000339 seconds
2020-12-03T11:53:47.733+0800: 428.288: Total time for which application threads were stopped: 0.0001756 seconds, Stopping threads took: 0.0000357 seconds
2020-12-03T11:54:05.750+0800: 446.304: Total time for which application threads were stopped: 0.0001231 seconds, Stopping threads took: 0.0000268 seconds
2020-12-03T11:54:25.763+0800: 466.317: Total time for which application threads were stopped: 0.0001523 seconds, Stopping threads took: 0.0000557 seconds
2020-12-03T11:55:18.804+0800: 519.357: Total time for which application threads were stopped: 0.0001840 seconds, Stopping threads took: 0.0000341 seconds
2020-12-03T11:55:19.804+0800: 520.357: Total time for which application threads were stopped: 0.0001802 seconds, Stopping threads took: 0.0000328 seconds
2020-12-03T11:55:45.825+0800: 546.377: Total time for which application threads were stopped: 0.0002032 seconds, Stopping threads took: 0.0000361 seconds
2020-12-03T11:56:34.863+0800: 595.414: Total time for which application threads were stopped: 0.0001829 seconds, Stopping threads took: 0.0000368 seconds
2020-12-03T11:56:35.864+0800: 596.415: Total time for which application threads were stopped: 0.0001688 seconds, Stopping threads took: 0.0000365 seconds
2020-12-03T11:56:36.865+0800: 597.416: Total time for which application threads were stopped: 0.0001760 seconds, Stopping threads took: 0.0000372 seconds
2020-12-03T11:56:42.869+0800: 603.420: Total time for which application threads were stopped: 0.0001783 seconds, Stopping threads took: 0.0000356 seconds
2020-12-03T11:56:44.870+0800: 605.421: Total time for which application threads were stopped: 0.0001843 seconds, Stopping threads took: 0.0000396 seconds
2020-12-03T11:56:45.871+0800: 606.422: Total time for which application threads were stopped: 0.0001859 seconds, Stopping threads took: 0.0000409 seconds
2020-12-03T11:57:05.886+0800: 626.437: Total time for which application threads were stopped: 0.0001754 seconds, Stopping threads took: 0.0000352 seconds
2020-12-03T11:57:15.894+0800: 636.444: Total time for which application threads were stopped: 0.0002272 seconds, Stopping threads took: 0.0000355 seconds
2020-12-03T11:57:27.903+0800: 648.454: Total time for which application threads were stopped: 0.0001758 seconds, Stopping threads took: 0.0000333 seconds
2020-12-03T11:57:28.905+0800: 649.455: Total time for which application threads were stopped: 0.0001861 seconds, Stopping threads took: 0.0000394 seconds
2020-12-03T11:57:35.909+0800: 656.459: Total time for which application threads were stopped: 0.0001607 seconds, Stopping threads took: 0.0000317 seconds
2020-12-03T11:57:45.917+0800: 666.467: Total time for which application threads were stopped: 0.0001912 seconds, Stopping threads took: 0.0000360 seconds
2020-12-03T11:57:55.927+0800: 676.476: Total time for which application threads were stopped: 0.0001291 seconds, Stopping threads took: 0.0000264 seconds
2020-12-03T11:58:05.933+0800: 686.482: Total time for which application threads were stopped: 0.0001819 seconds, Stopping threads took: 0.0000385 seconds
2020-12-03T11:58:06.934+0800: 687.484: Total time for which application threads were stopped: 0.0001744 seconds, Stopping threads took: 0.0000356 seconds
2020-12-03T11:58:45.966+0800: 726.514: Total time for which application threads were stopped: 0.0001204 seconds, Stopping threads took: 0.0000239 seconds
2020-12-03T11:59:05.983+0800: 746.531: Total time for which application threads were stopped: 0.0001730 seconds, Stopping threads took: 0.0000357 seconds
2020-12-03T11:59:35.006+0800: 775.554: Total time for which application threads were stopped: 0.0002268 seconds, Stopping threads took: 0.0000590 seconds
2020-12-03T11:59:36.007+0800: 776.555: Total time for which application threads were stopped: 0.0001531 seconds, Stopping threads took: 0.0000511 seconds
2020-12-03T12:00:46.065+0800: 846.611: Total time for which application threads were stopped: 0.0001829 seconds, Stopping threads took: 0.0000532 seconds
2020-12-03T12:01:33.098+0800: 893.643: Total time for which application threads were stopped: 0.0001177 seconds, Stopping threads took: 0.0000364 seconds
2020-12-03T12:01:35.100+0800: 895.645: Total time for which application threads were stopped: 0.0001791 seconds, Stopping threads took: 0.0000372 seconds
2020-12-03T12:01:36.100+0800: 896.645: Total time for which application threads were stopped: 0.0001329 seconds, Stopping threads took: 0.0000294 seconds
2020-12-03T12:01:37.101+0800: 897.646: Total time for which application threads were stopped: 0.0001427 seconds, Stopping threads took: 0.0000451 seconds
2020-12-03T12:01:39.104+0800: 899.649: Total time for which application threads were stopped: 0.0000858 seconds, Stopping threads took: 0.0000218 seconds
2020-12-03T12:01:40.104+0800: 900.649: Total time for which application threads were stopped: 0.0000967 seconds, Stopping threads took: 0.0000241 seconds
2020-12-03T12:01:46.106+0800: 906.651: Total time for which application threads were stopped: 0.0001220 seconds, Stopping threads took: 0.0000215 seconds
2020-12-03T12:01:49.107+0800: 909.652: Total time for which application threads were stopped: 0.0000929 seconds, Stopping threads took: 0.0000207 seconds
2020-12-03T12:01:55.111+0800: 915.655: Total time for which application threads were stopped: 0.0001078 seconds, Stopping threads took: 0.0000347 seconds
2020-12-03T12:02:11.122+0800: 931.666: Total time for which application threads were stopped: 0.0001781 seconds, Stopping threads took: 0.0000360 seconds
2020-12-03T12:02:16.125+0800: 936.669: Total time for which application threads were stopped: 0.0001857 seconds, Stopping threads took: 0.0000329 seconds
2020-12-03T12:02:26.131+0800: 946.675: Total time for which application threads were stopped: 0.0000886 seconds, Stopping threads took: 0.0000188 seconds
{Heap before GC invocations=2 (full 1):
 par new generation   total 943744K, used 868996K [0x00000006c0000000, 0x0000000700000000, 0x0000000700000000)
  eden space 838912K, 100% used [0x00000006c0000000, 0x00000006f3340000, 0x00000006f3340000)
  from space 104832K,  28% used [0x00000006f3340000, 0x00000006f50a1268, 0x00000006f99a0000)
  to   space 104832K,   0% used [0x00000006f99a0000, 0x00000006f99a0000, 0x0000000700000000)
 concurrent mark-sweep generation total 3145728K, used 17486K [0x0000000700000000, 0x00000007c0000000, 0x00000007c0000000)
 Metaspace       used 44095K, capacity 45896K, committed 46100K, reserved 1089536K
  class space    used 6095K, capacity 6530K, committed 6576K, reserved 1048576K
2020-12-03T12:02:42.466+0800: 963.009: [GC (Allocation Failure) 2020-12-03T12:02:42.467+0800: 963.010: [ParNew
Desired survivor size 53673984 bytes, new threshold 1 (max 1)
- age   1:    4969104 bytes,    4969104 total
: 868996K->16186K(943744K), 0.0157304 secs] 886482K->47617K(4089472K), 0.0169180 secs] [Times: user=0.12 sys=0.00, real=0.02 secs] 
Heap after GC invocations=3 (full 1):
 par new generation   total 943744K, used 16186K [0x00000006c0000000, 0x0000000700000000, 0x0000000700000000)
  eden space 838912K,   0% used [0x00000006c0000000, 0x00000006c0000000, 0x00000006f3340000)
  from space 104832K,  15% used [0x00000006f99a0000, 0x00000006fa96eb40, 0x0000000700000000)
  to   space 104832K,   0% used [0x00000006f3340000, 0x00000006f3340000, 0x00000006f99a0000)
 concurrent mark-sweep generation total 3145728K, used 31430K [0x0000000700000000, 0x00000007c0000000, 0x00000007c0000000)
 Metaspace       used 44095K, capacity 45896K, committed 46100K, reserved 1089536K
  class space    used 6095K, capacity 6530K, committed 6576K, reserved 1048576K
}
2020-12-03T12:02:42.483+0800: 963.026: Total time for which application threads were stopped: 0.0171983 seconds, Stopping threads took: 0.0000266 seconds
2020-12-03T12:02:43.483+0800: 964.027: Total time for which application threads were stopped: 0.0000998 seconds, Stopping threads took: 0.0000238 seconds
2020-12-03T12:02:46.486+0800: 967.030: Total time for which application threads were stopped: 0.0002126 seconds, Stopping threads took: 0.0000412 seconds
2020-12-03T12:02:55.492+0800: 976.035: Total time for which application threads were stopped: 0.0001847 seconds, Stopping threads took: 0.0000372 seconds
2020-12-03T12:02:58.495+0800: 979.038: Total time for which application threads were stopped: 0.0002104 seconds, Stopping threads took: 0.0000371 seconds
2020-12-03T12:03:01.497+0800: 982.040: Total time for which application threads were stopped: 0.0001078 seconds, Stopping threads took: 0.0000228 seconds
2020-12-03T12:03:26.510+0800: 1007.053: Total time for which application threads were stopped: 0.0001286 seconds, Stopping threads took: 0.0000408 seconds
2020-12-03T12:03:46.525+0800: 1027.068: Total time for which application threads were stopped: 0.0002025 seconds, Stopping threads took: 0.0000371 seconds
2020-12-03T12:04:10.548+0800: 1051.090: Total time for which application threads were stopped: 0.0001739 seconds, Stopping threads took: 0.0000362 seconds
2020-12-03T12:04:15.552+0800: 1056.094: Total time for which application threads were stopped: 0.0001903 seconds, Stopping threads took: 0.0000393 seconds
2020-12-03T12:05:36.618+0800: 1137.158: Total time for which application threads were stopped: 0.0002182 seconds, Stopping threads took: 0.0000785 seconds
2020-12-03T12:05:46.628+0800: 1147.168: Total time for which application threads were stopped: 0.0001894 seconds, Stopping threads took: 0.0000433 seconds
2020-12-03T12:05:56.636+0800: 1157.175: Total time for which application threads were stopped: 0.0001876 seconds, Stopping threads took: 0.0000364 seconds
2020-12-03T12:06:16.649+0800: 1177.188: Total time for which application threads were stopped: 0.0001888 seconds, Stopping threads took: 0.0000480 seconds
2020-12-03T12:07:15.691+0800: 1236.229: Total time for which application threads were stopped: 0.0001930 seconds, Stopping threads took: 0.0000352 seconds
2020-12-03T12:07:16.691+0800: 1237.229: Total time for which application threads were stopped: 0.0001168 seconds, Stopping threads took: 0.0000235 seconds
2020-12-03T12:07:47.710+0800: 1268.247: Total time for which application threads were stopped: 0.0001739 seconds, Stopping threads took: 0.0000355 seconds
2020-12-03T12:08:25.738+0800: 1306.275: Total time for which application threads were stopped: 0.0001801 seconds, Stopping threads took: 0.0000388 seconds
2020-12-03T12:08:35.745+0800: 1316.281: Total time for which application threads were stopped: 0.0001838 seconds, Stopping threads took: 0.0000354 seconds
2020-12-03T12:09:12.777+0800: 1353.313: Total time for which application threads were stopped: 0.0001765 seconds, Stopping threads took: 0.0000364 seconds
2020-12-03T12:09:45.789+0800: 1386.340: Total time for which application threads were stopped: 0.0001833 seconds, Stopping threads took: 0.0000363 seconds
2020-12-03T12:10:23.817+0800: 1424.373: Total time for which application threads were stopped: 0.0001902 seconds, Stopping threads took: 0.0000329 seconds
2020-12-03T12:10:47.840+0800: 1448.395: Total time for which application threads were stopped: 0.0001137 seconds, Stopping threads took: 0.0000288 seconds
2020-12-03T12:11:45.889+0800: 1506.444: Total time for which application threads were stopped: 0.0001750 seconds, Stopping threads took: 0.0000379 seconds
2020-12-03T12:11:46.890+0800: 1507.445: Total time for which application threads were stopped: 0.0001784 seconds, Stopping threads took: 0.0000368 seconds
2020-12-03T12:12:06.907+0800: 1527.462: Total time for which application threads were stopped: 0.0001795 seconds, Stopping threads took: 0.0000366 seconds
2020-12-03T12:13:56.005+0800: 1636.557: Total time for which application threads were stopped: 0.0001754 seconds, Stopping threads took: 0.0000355 seconds
2020-12-03T12:14:21.028+0800: 1661.580: Total time for which application threads were stopped: 0.0001846 seconds, Stopping threads took: 0.0000377 seconds
2020-12-03T12:16:04.106+0800: 1764.656: Total time for which application threads were stopped: 0.0001834 seconds, Stopping threads took: 0.0000407 seconds
2020-12-03T12:16:30.134+0800: 1790.683: Total time for which application threads were stopped: 0.0001645 seconds, Stopping threads took: 0.0000333 seconds
{Heap before GC invocations=3 (full 1):
 par new generation   total 943744K, used 855098K [0x00000006c0000000, 0x0000000700000000, 0x0000000700000000)
  eden space 838912K, 100% used [0x00000006c0000000, 0x00000006f3340000, 0x00000006f3340000)
  from space 104832K,  15% used [0x00000006f99a0000, 0x00000006fa96eb40, 0x0000000700000000)
  to   space 104832K,   0% used [0x00000006f3340000, 0x00000006f3340000, 0x00000006f99a0000)
 concurrent mark-sweep generation total 3145728K, used 31430K [0x0000000700000000, 0x00000007c0000000, 0x00000007c0000000)
 Metaspace       used 44216K, capacity 46036K, committed 46100K, reserved 1089536K
  class space    used 6096K, capacity 6530K, committed 6576K, reserved 1048576K
2020-12-03T12:16:31.508+0800: 1792.057: [GC (Allocation Failure) 2020-12-03T12:16:31.509+0800: 1792.058: [ParNew
Desired survivor size 53673984 bytes, new threshold 1 (max 1)
- age   1:    9149608 bytes,    9149608 total
: 855098K->11956K(943744K), 0.0102183 secs] 886529K->44436K(4089472K), 0.0114160 secs] [Times: user=0.10 sys=0.00, real=0.01 secs] 
Heap after GC invocations=4 (full 1):
 par new generation   total 943744K, used 11956K [0x00000006c0000000, 0x0000000700000000, 0x0000000700000000)
  eden space 838912K,   0% used [0x00000006c0000000, 0x00000006c0000000, 0x00000006f3340000)
  from space 104832K,  11% used [0x00000006f3340000, 0x00000006f3eed168, 0x00000006f99a0000)
  to   space 104832K,   0% used [0x00000006f99a0000, 0x00000006f99a0000, 0x0000000700000000)
 concurrent mark-sweep generation total 3145728K, used 32480K [0x0000000700000000, 0x00000007c0000000, 0x00000007c0000000)
 Metaspace       used 44216K, capacity 46036K, committed 46100K, reserved 1089536K
  class space    used 6096K, capacity 6530K, committed 6576K, reserved 1048576K
}
2020-12-03T12:16:31.519+0800: 1792.068: Total time for which application threads were stopped: 0.0116862 seconds, Stopping threads took: 0.0000272 seconds
2020-12-03T12:16:32.522+0800: 1793.070: Total time for which application threads were stopped: 0.0001793 seconds, Stopping threads took: 0.0000365 seconds
2020-12-03T12:16:35.528+0800: 1796.077: Total time for which application threads were stopped: 0.0001810 seconds, Stopping threads took: 0.0000360 seconds
2020-12-03T12:16:41.538+0800: 1802.086: Total time for which application threads were stopped: 0.0002234 seconds, Stopping threads took: 0.0000488 seconds
2020-12-03T12:16:46.543+0800: 1807.091: Total time for which application threads were stopped: 0.0002043 seconds, Stopping threads took: 0.0000447 seconds
2020-12-03T12:16:51.554+0800: 1812.102: Total time for which application threads were stopped: 0.0001753 seconds, Stopping threads took: 0.0000359 seconds
2020-12-03T12:17:01.567+0800: 1822.115: Total time for which application threads were stopped: 0.0001849 seconds, Stopping threads took: 0.0000389 seconds
2020-12-03T12:17:15.593+0800: 1836.140: Total time for which application threads were stopped: 0.0002053 seconds, Stopping threads took: 0.0000360 seconds
2020-12-03T12:18:55.748+0800: 1936.294: Total time for which application threads were stopped: 0.0001854 seconds, Stopping threads took: 0.0000400 seconds
2020-12-03T12:19:16.782+0800: 1957.327: Total time for which application threads were stopped: 0.0001847 seconds, Stopping threads took: 0.0000364 seconds
2020-12-03T12:19:45.822+0800: 1986.366: Total time for which application threads were stopped: 0.0001921 seconds, Stopping threads took: 0.0000414 seconds
2020-12-03T12:21:06.949+0800: 2067.491: Total time for which application threads were stopped: 0.0001747 seconds, Stopping threads took: 0.0000353 seconds
2020-12-03T12:21:22.979+0800: 2083.521: Total time for which application threads were stopped: 0.0001731 seconds, Stopping threads took: 0.0000356 seconds
2020-12-03T12:21:29.990+0800: 2090.532: Total time for which application threads were stopped: 0.0001832 seconds, Stopping threads took: 0.0000367 seconds
2020-12-03T12:22:16.058+0800: 2136.598: Total time for which application threads were stopped: 0.0002056 seconds, Stopping threads took: 0.0000364 seconds
2020-12-03T12:22:37.087+0800: 2157.627: Total time for which application threads were stopped: 0.0001989 seconds, Stopping threads took: 0.0000377 seconds
2020-12-03T12:22:51.114+0800: 2171.654: Total time for which application threads were stopped: 0.0001765 seconds, Stopping threads took: 0.0000360 seconds
2020-12-03T12:26:32.307+0800: 2392.842: Total time for which application threads were stopped: 0.0001786 seconds, Stopping threads took: 0.0000367 seconds
2020-12-03T12:26:36.312+0800: 2396.846: Total time for which application threads were stopped: 0.0001762 seconds, Stopping threads took: 0.0000357 seconds
2020-12-03T12:26:46.323+0800: 2406.857: Total time for which application threads were stopped: 0.0001781 seconds, Stopping threads took: 0.0000355 seconds
2020-12-03T12:27:16.351+0800: 2436.884: Total time for which application threads were stopped: 0.0001961 seconds, Stopping threads took: 0.0000375 seconds
2020-12-03T12:27:26.359+0800: 2446.892: Total time for which application threads were stopped: 0.0001791 seconds, Stopping threads took: 0.0000339 seconds
2020-12-03T12:27:36.368+0800: 2456.901: Total time for which application threads were stopped: 0.0001802 seconds, Stopping threads took: 0.0000371 seconds
2020-12-03T12:27:46.376+0800: 2466.909: Total time for which application threads were stopped: 0.0001781 seconds, Stopping threads took: 0.0000351 seconds
2020-12-03T12:28:12.398+0800: 2492.930: Total time for which application threads were stopped: 0.0001906 seconds, Stopping threads took: 0.0000400 seconds
2020-12-03T12:28:36.421+0800: 2516.953: Total time for which application threads were stopped: 0.0001893 seconds, Stopping threads took: 0.0000366 seconds
2020-12-03T12:28:46.431+0800: 2526.962: Total time for which application threads were stopped: 0.0001832 seconds, Stopping threads took: 0.0000353 seconds
2020-12-03T12:28:56.440+0800: 2536.971: Total time for which application threads were stopped: 0.0002071 seconds, Stopping threads took: 0.0000353 seconds
2020-12-03T12:29:56.490+0800: 2597.020: Total time for which application threads were stopped: 0.0001875 seconds, Stopping threads took: 0.0000354 seconds
{Heap before GC invocations=4 (full 1):
 par new generation   total 943744K, used 850868K [0x00000006c0000000, 0x0000000700000000, 0x0000000700000000)
  eden space 838912K, 100% used [0x00000006c0000000, 0x00000006f3340000, 0x00000006f3340000)
  from space 104832K,  11% used [0x00000006f3340000, 0x00000006f3eed168, 0x00000006f99a0000)
  to   space 104832K,   0% used [0x00000006f99a0000, 0x00000006f99a0000, 0x0000000700000000)
 concurrent mark-sweep generation total 3145728K, used 32480K [0x0000000700000000, 0x00000007c0000000, 0x00000007c0000000)
 Metaspace       used 44335K, capacity 46100K, committed 46356K, reserved 1089536K
  class space    used 6096K, capacity 6530K, committed 6576K, reserved 1048576K
2020-12-03T12:29:57.851+0800: 2598.380: [GC (Allocation Failure) 2020-12-03T12:29:57.851+0800: 2598.380: [ParNew
Desired survivor size 53673984 bytes, new threshold 1 (max 1)
- age   1:    9140896 bytes,    9140896 total
: 850868K->10060K(943744K), 0.0097576 secs] 883348K->43581K(4089472K), 0.0099108 secs] [Times: user=0.09 sys=0.00, real=0.01 secs] 
Heap after GC invocations=5 (full 1):
 par new generation   total 943744K, used 10060K [0x00000006c0000000, 0x0000000700000000, 0x0000000700000000)
  eden space 838912K,   0% used [0x00000006c0000000, 0x00000006c0000000, 0x00000006f3340000)
  from space 104832K,   9% used [0x00000006f99a0000, 0x00000006fa373180, 0x0000000700000000)
  to   space 104832K,   0% used [0x00000006f3340000, 0x00000006f3340000, 0x00000006f99a0000)
 concurrent mark-sweep generation total 3145728K, used 33520K [0x0000000700000000, 0x00000007c0000000, 0x00000007c0000000)
 Metaspace       used 44335K, capacity 46100K, committed 46356K, reserved 1089536K
  class space    used 6096K, capacity 6530K, committed 6576K, reserved 1048576K
}
2020-12-03T12:29:57.861+0800: 2598.390: Total time for which application threads were stopped: 0.0101883 seconds, Stopping threads took: 0.0000277 seconds
2020-12-03T12:29:58.863+0800: 2599.393: Total time for which application threads were stopped: 0.0001771 seconds, Stopping threads took: 0.0000357 seconds
2020-12-03T12:30:10.880+0800: 2611.409: Total time for which application threads were stopped: 0.0001775 seconds, Stopping threads took: 0.0000349 seconds
2020-12-03T12:30:45.933+0800: 2646.462: Total time for which application threads were stopped: 0.0001915 seconds, Stopping threads took: 0.0000397 seconds
2020-12-03T12:31:34.009+0800: 2694.536: Total time for which application threads were stopped: 0.0001762 seconds, Stopping threads took: 0.0000356 seconds
2020-12-03T12:31:37.012+0800: 2697.539: Total time for which application threads were stopped: 0.0001226 seconds, Stopping threads took: 0.0000251 seconds
2020-12-03T12:31:39.015+0800: 2699.542: Total time for which application threads were stopped: 0.0001846 seconds, Stopping threads took: 0.0000384 seconds
2020-12-03T12:32:16.071+0800: 2736.597: Total time for which application threads were stopped: 0.0001845 seconds, Stopping threads took: 0.0000357 seconds
2020-12-03T12:32:27.088+0800: 2747.614: Total time for which application threads were stopped: 0.0001931 seconds, Stopping threads took: 0.0000429 seconds
2020-12-03T12:32:47.118+0800: 2767.643: Total time for which application threads were stopped: 0.0001956 seconds, Stopping threads took: 0.0000358 seconds
2020-12-03T12:33:13.159+0800: 2793.684: Total time for which application threads were stopped: 0.0001936 seconds, Stopping threads took: 0.0000379 seconds
2020-12-03T12:37:16.527+0800: 3037.046: Total time for which application threads were stopped: 0.0002168 seconds, Stopping threads took: 0.0000399 seconds
2020-12-03T12:37:46.575+0800: 3067.093: Total time for which application threads were stopped: 0.0001832 seconds, Stopping threads took: 0.0000382 seconds
2020-12-03T12:39:46.746+0800: 3187.261: Total time for which application threads were stopped: 0.0003362 seconds, Stopping threads took: 0.0001728 seconds
2020-12-03T12:40:05.777+0800: 3206.293: Total time for which application threads were stopped: 0.0001796 seconds, Stopping threads took: 0.0000367 seconds
2020-12-03T12:40:36.830+0800: 3237.345: Total time for which application threads were stopped: 0.0001903 seconds, Stopping threads took: 0.0000403 seconds
2020-12-03T12:47:27.098+0800: 3336.221: Total time for which application threads were stopped: 0.0001940 seconds, Stopping threads took: 0.0000362 seconds
2020-12-03T12:47:58.119+0800: 3367.240: Total time for which application threads were stopped: 0.0001168 seconds, Stopping threads took: 0.0000244 seconds
2020-12-03T12:49:19.182+0800: 3448.302: Total time for which application threads were stopped: 0.0001752 seconds, Stopping threads took: 0.0000340 seconds
{Heap before GC invocations=5 (full 1):
 par new generation   total 943744K, used 848972K [0x00000006c0000000, 0x0000000700000000, 0x0000000700000000)
  eden space 838912K, 100% used [0x00000006c0000000, 0x00000006f3340000, 0x00000006f3340000)
  from space 104832K,   9% used [0x00000006f99a0000, 0x00000006fa373180, 0x0000000700000000)
  to   space 104832K,   0% used [0x00000006f3340000, 0x00000006f3340000, 0x00000006f99a0000)
 concurrent mark-sweep generation total 3145728K, used 33520K [0x0000000700000000, 0x00000007c0000000, 0x00000007c0000000)
 Metaspace       used 44391K, capacity 46232K, committed 46356K, reserved 1089536K
  class space    used 6096K, capacity 6530K, committed 6576K, reserved 1048576K
2020-12-03T12:49:20.252+0800: 3449.372: [GC (Allocation Failure) 2020-12-03T12:49:20.252+0800: 3449.372: [ParNew
Desired survivor size 53673984 bytes, new threshold 1 (max 1)
- age   1:    9137920 bytes,    9137920 total
: 848972K->11494K(943744K), 0.0100444 secs] 882493K->45022K(4089472K), 0.0101709 secs] [Times: user=0.10 sys=0.00, real=0.01 secs] 
Heap after GC invocations=6 (full 1):
 par new generation   total 943744K, used 11494K [0x00000006c0000000, 0x0000000700000000, 0x0000000700000000)
  eden space 838912K,   0% used [0x00000006c0000000, 0x00000006c0000000, 0x00000006f3340000)
  from space 104832K,  10% used [0x00000006f3340000, 0x00000006f3e798c0, 0x00000006f99a0000)
  to   space 104832K,   0% used [0x00000006f99a0000, 0x00000006f99a0000, 0x0000000700000000)
 concurrent mark-sweep generation total 3145728K, used 33527K [0x0000000700000000, 0x00000007c0000000, 0x00000007c0000000)
 Metaspace       used 44391K, capacity 46232K, committed 46356K, reserved 1089536K
  class space    used 6096K, capacity 6530K, committed 6576K, reserved 1048576K
}
2020-12-03T12:49:20.262+0800: 3449.382: Total time for which application threads were stopped: 0.0114936 seconds, Stopping threads took: 0.0000279 seconds
2020-12-03T12:49:21.263+0800: 3450.383: Total time for which application threads were stopped: 0.0001878 seconds, Stopping threads took: 0.0000375 seconds
2020-12-03T12:49:38.278+0800: 3467.398: Total time for which application threads were stopped: 0.0002305 seconds, Stopping threads took: 0.0000355 seconds
2020-12-03T12:49:59.296+0800: 3488.416: Total time for which application threads were stopped: 0.0001886 seconds, Stopping threads took: 0.0000418 seconds
2020-12-03T12:50:57.336+0800: 3546.454: Total time for which application threads were stopped: 0.0002061 seconds, Stopping threads took: 0.0000400 seconds
2020-12-03T12:51:56.383+0800: 3605.500: Total time for which application threads were stopped: 0.0001780 seconds, Stopping threads took: 0.0000184 seconds
2020-12-03T12:51:58.386+0800: 3607.502: Total time for which application threads were stopped: 0.0002002 seconds, Stopping threads took: 0.0000373 seconds
2020-12-03T12:51:59.387+0800: 3608.503: Total time for which application threads were stopped: 0.0001894 seconds, Stopping threads took: 0.0000348 seconds
2020-12-03T12:52:27.410+0800: 3636.526: Total time for which application threads were stopped: 0.0002480 seconds, Stopping threads took: 0.0000359 seconds
2020-12-03T12:52:57.430+0800: 3666.546: Total time for which application threads were stopped: 0.0001554 seconds, Stopping threads took: 0.0000367 seconds
2020-12-03T12:52:59.432+0800: 3668.547: Total time for which application threads were stopped: 0.0001024 seconds, Stopping threads took: 0.0000213 seconds
2020-12-03T12:53:54.465+0800: 3723.579: Total time for which application threads were stopped: 0.0001716 seconds, Stopping threads took: 0.0000350 seconds
2020-12-03T12:54:08.476+0800: 3737.590: Total time for which application threads were stopped: 0.0001820 seconds, Stopping threads took: 0.0000336 seconds
2020-12-03T12:54:48.506+0800: 3777.619: Total time for which application threads were stopped: 0.0001785 seconds, Stopping threads took: 0.0000362 seconds
2020-12-03T12:54:49.506+0800: 3778.619: Total time for which application threads were stopped: 0.0001869 seconds, Stopping threads took: 0.0000384 seconds
2020-12-03T12:54:57.514+0800: 3786.627: Total time for which application threads were stopped: 0.0001878 seconds, Stopping threads took: 0.0000318 seconds
2020-12-03T12:55:48.546+0800: 3837.658: Total time for which application threads were stopped: 0.0001199 seconds, Stopping threads took: 0.0000227 seconds
2020-12-03T12:56:07.557+0800: 3856.669: Total time for which application threads were stopped: 0.0001730 seconds, Stopping threads took: 0.0000347 seconds
2020-12-03T12:56:28.573+0800: 3877.684: Total time for which application threads were stopped: 0.0001949 seconds, Stopping threads took: 0.0000387 seconds
2020-12-03T12:57:27.613+0800: 3936.723: Total time for which application threads were stopped: 0.0001797 seconds, Stopping threads took: 0.0000361 seconds
2020-12-03T12:58:19.652+0800: 3988.760: Total time for which application threads were stopped: 0.0001856 seconds, Stopping threads took: 0.0000352 seconds
2020-12-03T13:00:28.744+0800: 4117.850: Total time for which application threads were stopped: 0.0001851 seconds, Stopping threads took: 0.0000369 seconds
2020-12-03T13:02:27.850+0800: 4236.953: Total time for which application threads were stopped: 0.0000956 seconds, Stopping threads took: 0.0000207 seconds
{Heap before GC invocations=6 (full 1):
 par new generation   total 943744K, used 850406K [0x00000006c0000000, 0x0000000700000000, 0x0000000700000000)
  eden space 838912K, 100% used [0x00000006c0000000, 0x00000006f3340000, 0x00000006f3340000)
  from space 104832K,  10% used [0x00000006f3340000, 0x00000006f3e798c0, 0x00000006f99a0000)
  to   space 104832K,   0% used [0x00000006f99a0000, 0x00000006f99a0000, 0x0000000700000000)
 concurrent mark-sweep generation total 3145728K, used 33527K [0x0000000700000000, 0x00000007c0000000, 0x00000007c0000000)
 Metaspace       used 44524K, capacity 46364K, committed 46612K, reserved 1089536K
  class space    used 6103K, capacity 6532K, committed 6576K, reserved 1048576K
2020-12-03T13:03:11.171+0800: 4280.274: [GC (Allocation Failure) 2020-12-03T13:03:11.172+0800: 4280.275: [ParNew
Desired survivor size 53673984 bytes, new threshold 1 (max 1)
- age   1:    9250688 bytes,    9250688 total
: 850406K->10916K(943744K), 0.0154467 secs] 883934K->50285K(4089472K), 0.0164581 secs] [Times: user=0.09 sys=0.00, real=0.01 secs] 
Heap after GC invocations=7 (full 1):
 par new generation   total 943744K, used 10916K [0x00000006c0000000, 0x0000000700000000, 0x0000000700000000)
  eden space 838912K,   0% used [0x00000006c0000000, 0x00000006c0000000, 0x00000006f3340000)
  from space 104832K,  10% used [0x00000006f99a0000, 0x00000006fa4492b8, 0x0000000700000000)
  to   space 104832K,   0% used [0x00000006f3340000, 0x00000006f3340000, 0x00000006f99a0000)
 concurrent mark-sweep generation total 3145728K, used 39368K [0x0000000700000000, 0x00000007c0000000, 0x00000007c0000000)
 Metaspace       used 44524K, capacity 46364K, committed 46612K, reserved 1089536K
  class space    used 6103K, capacity 6532K, committed 6576K, reserved 1048576K
}
2020-12-03T13:03:11.188+0800: 4280.290: Total time for which application threads were stopped: 0.0167214 seconds, Stopping threads took: 0.0000274 seconds
2020-12-03T13:03:12.189+0800: 4281.291: Total time for which application threads were stopped: 0.0001259 seconds, Stopping threads took: 0.0000437 seconds
2020-12-03T13:03:28.198+0800: 4297.300: Total time for which application threads were stopped: 0.0001844 seconds, Stopping threads took: 0.0000355 seconds
2020-12-03T13:03:29.199+0800: 4298.301: Total time for which application threads were stopped: 0.0001559 seconds, Stopping threads took: 0.0000610 seconds
2020-12-03T13:03:39.203+0800: 4308.305: Total time for which application threads were stopped: 0.0001774 seconds, Stopping threads took: 0.0000351 seconds
2020-12-03T13:03:44.207+0800: 4313.309: Total time for which application threads were stopped: 0.0001856 seconds, Stopping threads took: 0.0000394 seconds
2020-12-03T13:03:58.215+0800: 4327.316: Total time for which application threads were stopped: 0.0001236 seconds, Stopping threads took: 0.0000260 seconds
2020-12-03T13:07:27.362+0800: 4536.459: Total time for which application threads were stopped: 0.0001704 seconds, Stopping threads took: 0.0000271 seconds
2020-12-03T13:07:49.377+0800: 4558.474: Total time for which application threads were stopped: 0.0001307 seconds, Stopping threads took: 0.0000308 seconds
2020-12-03T13:10:09.478+0800: 4698.580: Total time for which application threads were stopped: 0.0001776 seconds, Stopping threads took: 0.0000356 seconds
2020-12-03T13:10:29.503+0800: 4718.612: Total time for which application threads were stopped: 0.0001815 seconds, Stopping threads took: 0.0000356 seconds
2020-12-03T13:14:44.727+0800: 4746.678: Total time for which application threads were stopped: 0.0001846 seconds, Stopping threads took: 0.0000385 seconds
2020-12-03T13:15:47.784+0800: 4809.726: Total time for which application threads were stopped: 0.0001906 seconds, Stopping threads took: 0.0000363 seconds
2020-12-03T13:16:40.813+0800: 4862.754: Total time for which application threads were stopped: 0.0001561 seconds, Stopping threads took: 0.0000322 seconds
2020-12-03T13:18:30.879+0800: 4972.818: Total time for which application threads were stopped: 0.0001775 seconds, Stopping threads took: 0.0000355 seconds
2020-12-03T13:18:56.899+0800: 4998.837: Total time for which application threads were stopped: 0.0001723 seconds, Stopping threads took: 0.0000340 seconds
2020-12-03T13:19:45.935+0800: 5047.872: Total time for which application threads were stopped: 0.0001791 seconds, Stopping threads took: 0.0000350 seconds
2020-12-03T13:20:02.945+0800: 5064.882: Total time for which application threads were stopped: 0.0001272 seconds, Stopping threads took: 0.0000267 seconds
2020-12-03T13:20:45.976+0800: 5107.912: Total time for which application threads were stopped: 0.0001022 seconds, Stopping threads took: 0.0000199 seconds
2020-12-03T13:21:14.994+0800: 5136.929: Total time for which application threads were stopped: 0.0000831 seconds, Stopping threads took: 0.0000163 seconds
{Heap before GC invocations=7 (full 1):
 par new generation   total 943744K, used 849828K [0x00000006c0000000, 0x0000000700000000, 0x0000000700000000)
  eden space 838912K, 100% used [0x00000006c0000000, 0x00000006f3340000, 0x00000006f3340000)
  from space 104832K,  10% used [0x00000006f99a0000, 0x00000006fa4492b8, 0x0000000700000000)
  to   space 104832K,   0% used [0x00000006f3340000, 0x00000006f3340000, 0x00000006f99a0000)
 concurrent mark-sweep generation total 3145728K, used 39368K [0x0000000700000000, 0x00000007c0000000, 0x00000007c0000000)
 Metaspace       used 44562K, capacity 46428K, committed 46612K, reserved 1089536K
  class space    used 6103K, capacity 6532K, committed 6576K, reserved 1048576K
2020-12-03T13:21:19.171+0800: 5141.105: [GC (Allocation Failure) 2020-12-03T13:21:19.171+0800: 5141.105: [ParNew
Desired survivor size 53673984 bytes, new threshold 1 (max 1)
- age   1:    8086368 bytes,    8086368 total
: 849828K->9346K(943744K), 0.0080666 secs] 889197K->51884K(4089472K), 0.0081586 secs] [Times: user=0.06 sys=0.01, real=0.00 secs] 
Heap after GC invocations=8 (full 1):
 par new generation   total 943744K, used 9346K [0x00000006c0000000, 0x0000000700000000, 0x0000000700000000)
  eden space 838912K,   0% used [0x00000006c0000000, 0x00000006c0000000, 0x00000006f3340000)
  from space 104832K,   8% used [0x00000006f3340000, 0x00000006f3c60930, 0x00000006f99a0000)
  to   space 104832K,   0% used [0x00000006f99a0000, 0x00000006f99a0000, 0x0000000700000000)
 concurrent mark-sweep generation total 3145728K, used 42538K [0x0000000700000000, 0x00000007c0000000, 0x00000007c0000000)
 Metaspace       used 44562K, capacity 46428K, committed 46612K, reserved 1089536K
  class space    used 6103K, capacity 6532K, committed 6576K, reserved 1048576K
}
2020-12-03T13:21:19.179+0800: 5141.114: Total time for which application threads were stopped: 0.0088254 seconds, Stopping threads took: 0.0000139 seconds
2020-12-03T13:21:20.179+0800: 5142.114: Total time for which application threads were stopped: 0.0001023 seconds, Stopping threads took: 0.0000204 seconds
2020-12-03T13:21:26.185+0800: 5148.119: Total time for which application threads were stopped: 0.0001854 seconds, Stopping threads took: 0.0000367 seconds
2020-12-03T13:21:40.196+0800: 5162.131: Total time for which application threads were stopped: 0.0001139 seconds, Stopping threads took: 0.0000236 seconds
2020-12-03T13:22:00.210+0800: 5182.144: Total time for which application threads were stopped: 0.0001783 seconds, Stopping threads took: 0.0000360 seconds
2020-12-03T13:22:16.224+0800: 5198.157: Total time for which application threads were stopped: 0.0001157 seconds, Stopping threads took: 0.0000230 seconds
2020-12-03T13:22:26.231+0800: 5208.164: Total time for which application threads were stopped: 0.0001533 seconds, Stopping threads took: 0.0000257 seconds
2020-12-03T13:23:46.279+0800: 5288.210: Total time for which application threads were stopped: 0.0001530 seconds, Stopping threads took: 0.0000334 seconds
2020-12-03T13:23:48.280+0800: 5290.211: Total time for which application threads were stopped: 0.0001382 seconds, Stopping threads took: 0.0000478 seconds
2020-12-03T13:23:56.286+0800: 5298.217: Total time for which application threads were stopped: 0.0000891 seconds, Stopping threads took: 0.0000205 seconds
2020-12-03T13:25:26.343+0800: 5388.272: Total time for which application threads were stopped: 0.0001281 seconds, Stopping threads took: 0.0000261 seconds
2020-12-03T13:25:28.345+0800: 5390.274: Total time for which application threads were stopped: 0.0001064 seconds, Stopping threads took: 0.0000228 seconds
2020-12-03T13:25:33.348+0800: 5395.277: Total time for which application threads were stopped: 0.0001798 seconds, Stopping threads took: 0.0000361 seconds
2020-12-03T13:25:45.357+0800: 5407.285: Total time for which application threads were stopped: 0.0001945 seconds, Stopping threads took: 0.0000337 seconds
2020-12-03T13:26:15.377+0800: 5437.305: Total time for which application threads were stopped: 0.0001317 seconds, Stopping threads took: 0.0000481 seconds
2020-12-03T13:27:37.434+0800: 5519.360: Total time for which application threads were stopped: 0.0001059 seconds, Stopping threads took: 0.0000223 seconds
2020-12-03T13:29:48.513+0800: 5650.437: Total time for which application threads were stopped: 0.0001000 seconds, Stopping threads took: 0.0000217 seconds
2020-12-03T13:29:55.517+0800: 5657.440: Total time for which application threads were stopped: 0.0001438 seconds, Stopping threads took: 0.0000475 seconds
2020-12-03T13:30:05.522+0800: 5667.445: Total time for which application threads were stopped: 0.0000910 seconds, Stopping threads took: 0.0000197 seconds
2020-12-03T13:31:53.577+0800: 5775.497: Total time for which application threads were stopped: 0.0000966 seconds, Stopping threads took: 0.0000237 seconds
2020-12-03T13:35:43.687+0800: 6005.603: Total time for which application threads were stopped: 0.0000957 seconds, Stopping threads took: 0.0000227 seconds
{Heap before GC invocations=8 (full 1):
 par new generation   total 943744K, used 848258K [0x00000006c0000000, 0x0000000700000000, 0x0000000700000000)
  eden space 838912K, 100% used [0x00000006c0000000, 0x00000006f3340000, 0x00000006f3340000)
  from space 104832K,   8% used [0x00000006f3340000, 0x00000006f3c60930, 0x00000006f99a0000)
  to   space 104832K,   0% used [0x00000006f99a0000, 0x00000006f99a0000, 0x0000000700000000)
 concurrent mark-sweep generation total 3145728K, used 42538K [0x0000000700000000, 0x00000007c0000000, 0x00000007c0000000)
 Metaspace       used 44573K, capacity 46428K, committed 46612K, reserved 1089536K
  class space    used 6105K, capacity 6532K, committed 6576K, reserved 1048576K
2020-12-03T13:36:14.617+0800: 6036.531: [GC (Allocation Failure) 2020-12-03T13:36:14.617+0800: 6036.531: [ParNew
Desired survivor size 53673984 bytes, new threshold 1 (max 1)
- age   1:    5059184 bytes,    5059184 total
: 848258K->6614K(943744K), 0.0079413 secs] 890796K->51201K(4089472K), 0.0080212 secs] [Times: user=0.07 sys=0.01, real=0.01 secs] 
Heap after GC invocations=9 (full 1):
 par new generation   total 943744K, used 6614K [0x00000006c0000000, 0x0000000700000000, 0x0000000700000000)
  eden space 838912K,   0% used [0x00000006c0000000, 0x00000006c0000000, 0x00000006f3340000)
  from space 104832K,   6% used [0x00000006f99a0000, 0x00000006fa015978, 0x0000000700000000)
  to   space 104832K,   0% used [0x00000006f3340000, 0x00000006f3340000, 0x00000006f99a0000)
 concurrent mark-sweep generation total 3145728K, used 44587K [0x0000000700000000, 0x00000007c0000000, 0x00000007c0000000)
 Metaspace       used 44573K, capacity 46428K, committed 46612K, reserved 1089536K
  class space    used 6105K, capacity 6532K, committed 6576K, reserved 1048576K
}
2020-12-03T13:36:14.625+0800: 6036.539: Total time for which application threads were stopped: 0.0092932 seconds, Stopping threads took: 0.0000159 seconds
2020-12-03T13:36:15.625+0800: 6037.540: Total time for which application threads were stopped: 0.0001319 seconds, Stopping threads took: 0.0000233 seconds
2020-12-03T13:39:32.722+0800: 6234.632: Total time for which application threads were stopped: 0.0000878 seconds, Stopping threads took: 0.0000187 seconds
2020-12-03T13:40:25.751+0800: 6287.660: Total time for which application threads were stopped: 0.0001669 seconds, Stopping threads took: 0.0000322 seconds
2020-12-03T13:40:26.751+0800: 6288.660: Total time for which application threads were stopped: 0.0000903 seconds, Stopping threads took: 0.0000203 seconds
2020-12-03T13:40:28.753+0800: 6290.662: Total time for which application threads were stopped: 0.0001236 seconds, Stopping threads took: 0.0000276 seconds
2020-12-03T13:41:14.772+0800: 6336.680: Total time for which application threads were stopped: 0.0001146 seconds, Stopping threads took: 0.0000222 seconds
2020-12-03T13:42:06.792+0800: 6388.699: Total time for which application threads were stopped: 0.0001006 seconds, Stopping threads took: 0.0000225 seconds
{Heap before GC invocations=9 (full 1):
 par new generation   total 943744K, used 845526K [0x00000006c0000000, 0x0000000700000000, 0x0000000700000000)
  eden space 838912K, 100% used [0x00000006c0000000, 0x00000006f3340000, 0x00000006f3340000)
  from space 104832K,   6% used [0x00000006f99a0000, 0x00000006fa015978, 0x0000000700000000)
  to   space 104832K,   0% used [0x00000006f3340000, 0x00000006f3340000, 0x00000006f99a0000)
 concurrent mark-sweep generation total 3145728K, used 44587K [0x0000000700000000, 0x00000007c0000000, 0x00000007c0000000)
 Metaspace       used 44584K, capacity 46428K, committed 46612K, reserved 1089536K
  class space    used 6105K, capacity 6532K, committed 6576K, reserved 1048576K
2020-12-03T13:50:40.633+0800: 6902.528: [GC (Allocation Failure) 2020-12-03T13:50:40.634+0800: 6902.529: [ParNew
Desired survivor size 53673984 bytes, new threshold 1 (max 1)
- age   1:    7037064 bytes,    7037064 total
: 845526K->7713K(943744K), 0.0083560 secs] 890113K->53329K(4089472K), 0.0094872 secs] [Times: user=0.08 sys=0.00, real=0.01 secs] 
Heap after GC invocations=10 (full 1):
 par new generation   total 943744K, used 7713K [0x00000006c0000000, 0x0000000700000000, 0x0000000700000000)
  eden space 838912K,   0% used [0x00000006c0000000, 0x00000006c0000000, 0x00000006f3340000)
  from space 104832K,   7% used [0x00000006f3340000, 0x00000006f3ac8490, 0x00000006f99a0000)
  to   space 104832K,   0% used [0x00000006f99a0000, 0x00000006f99a0000, 0x0000000700000000)
 concurrent mark-sweep generation total 3145728K, used 45616K [0x0000000700000000, 0x00000007c0000000, 0x00000007c0000000)
 Metaspace       used 44584K, capacity 46428K, committed 46612K, reserved 1089536K
  class space    used 6105K, capacity 6532K, committed 6576K, reserved 1048576K
}
2020-12-03T13:50:40.643+0800: 6902.538: Total time for which application threads were stopped: 0.0096767 seconds, Stopping threads took: 0.0000158 seconds
2020-12-03T13:50:41.643+0800: 6903.538: Total time for which application threads were stopped: 0.0000897 seconds, Stopping threads took: 0.0000201 seconds
2020-12-03T13:51:15.658+0800: 6937.553: Total time for which application threads were stopped: 0.0000988 seconds, Stopping threads took: 0.0000218 seconds
2020-12-03T13:54:44.717+0800: 7146.637: Total time for which application threads were stopped: 0.0001251 seconds, Stopping threads took: 0.0000261 seconds
2020-12-03T13:55:43.746+0800: 7205.664: Total time for which application threads were stopped: 0.0001821 seconds, Stopping threads took: 0.0000426 seconds
2020-12-03T13:55:44.747+0800: 7206.665: Total time for which application threads were stopped: 0.0001256 seconds, Stopping threads took: 0.0000254 seconds
2020-12-03T13:55:45.748+0800: 7207.666: Total time for which application threads were stopped: 0.0001086 seconds, Stopping threads took: 0.0000254 seconds
2020-12-03T13:55:46.748+0800: 7208.666: Total time for which application threads were stopped: 0.0001654 seconds, Stopping threads took: 0.0000703 seconds
2020-12-03T13:55:48.748+0800: 7210.667: Total time for which application threads were stopped: 0.0000978 seconds, Stopping threads took: 0.0000208 seconds
2020-12-03T13:56:15.760+0800: 7237.678: Total time for which application threads were stopped: 0.0001115 seconds, Stopping threads took: 0.0000248 seconds
2020-12-03T13:56:43.770+0800: 7265.687: Total time for which application threads were stopped: 0.0000887 seconds, Stopping threads took: 0.0000192 seconds
2020-12-03T13:57:44.797+0800: 7326.712: Total time for which application threads were stopped: 0.0000910 seconds, Stopping threads took: 0.0000199 seconds
2020-12-03T13:58:18.811+0800: 7360.725: Total time for which application threads were stopped: 0.0001133 seconds, Stopping threads took: 0.0000203 seconds
2020-12-03T13:58:25.815+0800: 7367.728: Total time for which application threads were stopped: 0.0001263 seconds, Stopping threads took: 0.0000199 seconds
2020-12-03T13:58:26.816+0800: 7368.730: Total time for which application threads were stopped: 0.0000881 seconds, Stopping threads took: 0.0000199 seconds
2020-12-03T13:58:44.823+0800: 7386.736: Total time for which application threads were stopped: 0.0001217 seconds, Stopping threads took: 0.0000373 seconds
2020-12-03T14:00:05.856+0800: 7467.767: Total time for which application threads were stopped: 0.0001474 seconds, Stopping threads took: 0.0000282 seconds
2020-12-03T14:00:25.862+0800: 7487.772: Total time for which application threads were stopped: 0.0001269 seconds, Stopping threads took: 0.0000313 seconds
2020-12-03T14:01:14.880+0800: 7536.789: Total time for which application threads were stopped: 0.0001777 seconds, Stopping threads took: 0.0000887 seconds
2020-12-03T14:01:28.888+0800: 7550.796: Total time for which application threads were stopped: 0.0001372 seconds, Stopping threads took: 0.0000283 seconds
2020-12-03T14:01:44.895+0800: 7566.803: Total time for which application threads were stopped: 0.0001272 seconds, Stopping threads took: 0.0000443 seconds
2020-12-03T14:01:46.897+0800: 7568.804: Total time for which application threads were stopped: 0.0001124 seconds, Stopping threads took: 0.0000222 seconds
{Heap before GC invocations=10 (full 1):
 par new generation   total 943744K, used 846625K [0x00000006c0000000, 0x0000000700000000, 0x0000000700000000)
  eden space 838912K, 100% used [0x00000006c0000000, 0x00000006f3340000, 0x00000006f3340000)
  from space 104832K,   7% used [0x00000006f3340000, 0x00000006f3ac8490, 0x00000006f99a0000)
  to   space 104832K,   0% used [0x00000006f99a0000, 0x00000006f99a0000, 0x0000000700000000)
 concurrent mark-sweep generation total 3145728K, used 45616K [0x0000000700000000, 0x00000007c0000000, 0x00000007c0000000)
 Metaspace       used 44645K, capacity 46428K, committed 46612K, reserved 1089536K
  class space    used 6106K, capacity 6532K, committed 6576K, reserved 1048576K
2020-12-03T14:04:36.222+0800: 7738.124: [GC (Allocation Failure) 2020-12-03T14:04:36.223+0800: 7738.126: [ParNew
Desired survivor size 53673984 bytes, new threshold 1 (max 1)
- age   1:   15171096 bytes,   15171096 total
: 846625K->17108K(943744K), 0.0102717 secs] 892241K->63750K(4089472K), 0.0116839 secs] [Times: user=0.10 sys=0.00, real=0.01 secs] 
Heap after GC invocations=11 (full 1):
 par new generation   total 943744K, used 17108K [0x00000006c0000000, 0x0000000700000000, 0x0000000700000000)
  eden space 838912K,   0% used [0x00000006c0000000, 0x00000006c0000000, 0x00000006f3340000)
  from space 104832K,  16% used [0x00000006f99a0000, 0x00000006faa55348, 0x0000000700000000)
  to   space 104832K,   0% used [0x00000006f3340000, 0x00000006f3340000, 0x00000006f99a0000)
 concurrent mark-sweep generation total 3145728K, used 46641K [0x0000000700000000, 0x00000007c0000000, 0x00000007c0000000)
 Metaspace       used 44645K, capacity 46428K, committed 46612K, reserved 1089536K
  class space    used 6106K, capacity 6532K, committed 6576K, reserved 1048576K
}
2020-12-03T14:04:36.234+0800: 7738.136: Total time for which application threads were stopped: 0.0119695 seconds, Stopping threads took: 0.0000283 seconds
2020-12-03T14:04:37.235+0800: 7739.137: Total time for which application threads were stopped: 0.0002336 seconds, Stopping threads took: 0.0000856 seconds
2020-12-03T14:05:05.255+0800: 7767.157: Total time for which application threads were stopped: 0.0001297 seconds, Stopping threads took: 0.0000266 seconds
2020-12-03T14:05:45.280+0800: 7807.181: Total time for which application threads were stopped: 0.0001032 seconds, Stopping threads took: 0.0000210 seconds
2020-12-03T14:06:57.328+0800: 7879.227: Total time for which application threads were stopped: 0.0001893 seconds, Stopping threads took: 0.0000388 seconds
2020-12-03T14:07:45.356+0800: 7927.253: Total time for which application threads were stopped: 0.0001396 seconds, Stopping threads took: 0.0000406 seconds
2020-12-03T14:10:45.487+0800: 8107.381: Total time for which application threads were stopped: 0.0001741 seconds, Stopping threads took: 0.0000338 seconds
2020-12-03T14:11:14.507+0800: 8136.401: Total time for which application threads were stopped: 0.0001990 seconds, Stopping threads took: 0.0000365 seconds
2020-12-03T14:11:15.508+0800: 8137.402: Total time for which application threads were stopped: 0.0001818 seconds, Stopping threads took: 0.0000354 seconds
2020-12-03T14:14:44.647+0800: 8346.535: Total time for which application threads were stopped: 0.0000932 seconds, Stopping threads took: 0.0000208 seconds
2020-12-03T14:16:15.702+0800: 8437.587: Total time for which application threads were stopped: 0.0002112 seconds, Stopping threads took: 0.0000430 seconds
2020-12-03T14:17:57.776+0800: 8539.658: Total time for which application threads were stopped: 0.0001688 seconds, Stopping threads took: 0.0000314 seconds
{Heap before GC invocations=11 (full 1):
 par new generation   total 943744K, used 856020K [0x00000006c0000000, 0x0000000700000000, 0x0000000700000000)
  eden space 838912K, 100% used [0x00000006c0000000, 0x00000006f3340000, 0x00000006f3340000)
  from space 104832K,  16% used [0x00000006f99a0000, 0x00000006faa55348, 0x0000000700000000)
  to   space 104832K,   0% used [0x00000006f3340000, 0x00000006f3340000, 0x00000006f99a0000)
 concurrent mark-sweep generation total 3145728K, used 46641K [0x0000000700000000, 0x00000007c0000000, 0x00000007c0000000)
 Metaspace       used 44658K, capacity 46492K, committed 46612K, reserved 1089536K
  class space    used 6106K, capacity 6532K, committed 6576K, reserved 1048576K
2020-12-03T14:19:00.142+0800: 8602.023: [GC (Allocation Failure) 2020-12-03T14:19:00.144+0800: 8602.024: [ParNew
Desired survivor size 53673984 bytes, new threshold 1 (max 1)
- age   1:    4948176 bytes,    4948176 total
: 856020K->10372K(943744K), 0.0166004 secs] 902662K->63916K(4089472K), 0.0182008 secs] [Times: user=0.10 sys=0.01, real=0.02 secs] 
Heap after GC invocations=12 (full 1):
 par new generation   total 943744K, used 10372K [0x00000006c0000000, 0x0000000700000000, 0x0000000700000000)
  eden space 838912K,   0% used [0x00000006c0000000, 0x00000006c0000000, 0x00000006f3340000)
  from space 104832K,   9% used [0x00000006f3340000, 0x00000006f3d611a0, 0x00000006f99a0000)
  to   space 104832K,   0% used [0x00000006f99a0000, 0x00000006f99a0000, 0x0000000700000000)
 concurrent mark-sweep generation total 3145728K, used 53544K [0x0000000700000000, 0x00000007c0000000, 0x00000007c0000000)
 Metaspace       used 44658K, capacity 46492K, committed 46612K, reserved 1089536K
  class space    used 6106K, capacity 6532K, committed 6576K, reserved 1048576K
}
2020-12-03T14:19:00.161+0800: 8602.041: Total time for which application threads were stopped: 0.0184753 seconds, Stopping threads took: 0.0000272 seconds
2020-12-03T14:19:01.162+0800: 8603.042: Total time for which application threads were stopped: 0.0001855 seconds, Stopping threads took: 0.0000356 seconds
2020-12-03T14:19:45.198+0800: 8647.077: Total time for which application threads were stopped: 0.0001290 seconds, Stopping threads took: 0.0000274 seconds
2020-12-03T14:21:15.255+0800: 8737.131: Total time for which application threads were stopped: 0.0001098 seconds, Stopping threads took: 0.0000435 seconds
2020-12-03T14:25:47.447+0800: 9009.315: Total time for which application threads were stopped: 0.0001779 seconds, Stopping threads took: 0.0000360 seconds
2020-12-03T14:26:15.470+0800: 9037.337: Total time for which application threads were stopped: 0.0001915 seconds, Stopping threads took: 0.0000354 seconds
2020-12-03T14:27:27.510+0800: 9109.375: Total time for which application threads were stopped: 0.0001252 seconds, Stopping threads took: 0.0000259 seconds
2020-12-03T14:31:15.651+0800: 9337.523: Total time for which application threads were stopped: 0.0001376 seconds, Stopping threads took: 0.0000518 seconds
{Heap before GC invocations=12 (full 1):
 par new generation   total 943744K, used 849284K [0x00000006c0000000, 0x0000000700000000, 0x0000000700000000)
  eden space 838912K, 100% used [0x00000006c0000000, 0x00000006f3340000, 0x00000006f3340000)
  from space 104832K,   9% used [0x00000006f3340000, 0x00000006f3d611a0, 0x00000006f99a0000)
  to   space 104832K,   0% used [0x00000006f99a0000, 0x00000006f99a0000, 0x0000000700000000)
 concurrent mark-sweep generation total 3145728K, used 53544K [0x0000000700000000, 0x00000007c0000000, 0x00000007c0000000)
 Metaspace       used 44669K, capacity 46492K, committed 46612K, reserved 1089536K
  class space    used 6106K, capacity 6532K, committed 6576K, reserved 1048576K
2020-12-03T14:33:23.050+0800: 9464.919: [GC (Allocation Failure) 2020-12-03T14:33:23.052+0800: 9464.920: [ParNew
Desired survivor size 53673984 bytes, new threshold 1 (max 1)
- age   1:   12280552 bytes,   12280552 total
: 849284K->13457K(943744K), 0.0091855 secs] 902828K->67009K(4089472K), 0.0110809 secs] [Times: user=0.09 sys=0.01, real=0.01 secs] 
Heap after GC invocations=13 (full 1):
 par new generation   total 943744K, used 13457K [0x00000006c0000000, 0x0000000700000000, 0x0000000700000000)
  eden space 838912K,   0% used [0x00000006c0000000, 0x00000006c0000000, 0x00000006f3340000)
  from space 104832K,  12% used [0x00000006f99a0000, 0x00000006fa6c46f8, 0x0000000700000000)
  to   space 104832K,   0% used [0x00000006f3340000, 0x00000006f3340000, 0x00000006f99a0000)
 concurrent mark-sweep generation total 3145728K, used 53551K [0x0000000700000000, 0x00000007c0000000, 0x00000007c0000000)
 Metaspace       used 44669K, capacity 46492K, committed 46612K, reserved 1089536K
  class space    used 6106K, capacity 6532K, committed 6576K, reserved 1048576K
}
2020-12-03T14:33:23.062+0800: 9464.930: Total time for which application threads were stopped: 0.0113688 seconds, Stopping threads took: 0.0000305 seconds
2020-12-03T14:34:48.113+0800: 9549.979: Total time for which application threads were stopped: 0.0001904 seconds, Stopping threads took: 0.0000360 seconds
2020-12-03T14:40:46.368+0800: 9908.223: Total time for which application threads were stopped: 0.0001564 seconds, Stopping threads took: 0.0000524 seconds
2020-12-03T14:41:15.386+0800: 9937.240: Total time for which application threads were stopped: 0.0001119 seconds, Stopping threads took: 0.0000346 seconds
2020-12-03T14:43:28.468+0800: 10070.317: Total time for which application threads were stopped: 0.0001828 seconds, Stopping threads took: 0.0000354 seconds
2020-12-03T14:43:38.474+0800: 10080.323: Total time for which application threads were stopped: 0.0001193 seconds, Stopping threads took: 0.0000230 seconds
2020-12-03T14:43:45.480+0800: 10087.329: Total time for which application threads were stopped: 0.0000879 seconds, Stopping threads took: 0.0000174 seconds
2020-12-03T14:46:15.579+0800: 10237.423: Total time for which application threads were stopped: 0.0002109 seconds, Stopping threads took: 0.0000347 seconds
{Heap before GC invocations=13 (full 1):
 par new generation   total 943744K, used 852369K [0x00000006c0000000, 0x0000000700000000, 0x0000000700000000)
  eden space 838912K, 100% used [0x00000006c0000000, 0x00000006f3340000, 0x00000006f3340000)
  from space 104832K,  12% used [0x00000006f99a0000, 0x00000006fa6c46f8, 0x0000000700000000)
  to   space 104832K,   0% used [0x00000006f3340000, 0x00000006f3340000, 0x00000006f99a0000)
 concurrent mark-sweep generation total 3145728K, used 53551K [0x0000000700000000, 0x00000007c0000000, 0x00000007c0000000)
 Metaspace       used 44680K, capacity 46492K, committed 46612K, reserved 1089536K
  class space    used 6106K, capacity 6532K, committed 6576K, reserved 1048576K
2020-12-03T14:47:48.954+0800: 10330.811: [GC (Allocation Failure) 2020-12-03T14:47:48.956+0800: 10330.813: [ParNew
Desired survivor size 53673984 bytes, new threshold 1 (max 1)
- age   1:    5994536 bytes,    5994536 total
: 852369K->8210K(943744K), 0.0089906 secs] 905921K->63809K(4089472K), 0.0105695 secs] [Times: user=0.08 sys=0.00, real=0.01 secs] 
Heap after GC invocations=14 (full 1):
 par new generation   total 943744K, used 8210K [0x00000006c0000000, 0x0000000700000000, 0x0000000700000000)
  eden space 838912K,   0% used [0x00000006c0000000, 0x00000006c0000000, 0x00000006f3340000)
  from space 104832K,   7% used [0x00000006f3340000, 0x00000006f3b44910, 0x00000006f99a0000)
  to   space 104832K,   0% used [0x00000006f99a0000, 0x00000006f99a0000, 0x0000000700000000)
 concurrent mark-sweep generation total 3145728K, used 55599K [0x0000000700000000, 0x00000007c0000000, 0x00000007c0000000)
 Metaspace       used 44680K, capacity 46492K, committed 46612K, reserved 1089536K
  class space    used 6106K, capacity 6532K, committed 6576K, reserved 1048576K
}
2020-12-03T14:47:48.965+0800: 10330.822: Total time for which application threads were stopped: 0.0108682 seconds, Stopping threads took: 0.0000498 seconds
2020-12-03T14:48:45.005+0800: 10386.860: Total time for which application threads were stopped: 0.0001763 seconds, Stopping threads took: 0.0000348 seconds
2020-12-03T14:49:48.049+0800: 10449.903: Total time for which application threads were stopped: 0.0001844 seconds, Stopping threads took: 0.0000351 seconds
2020-12-03T14:50:45.088+0800: 10506.940: Total time for which application threads were stopped: 0.0001406 seconds, Stopping threads took: 0.0000289 seconds
2020-12-03T14:51:16.111+0800: 10537.962: Total time for which application threads were stopped: 0.0001744 seconds, Stopping threads took: 0.0000342 seconds
2020-12-03T14:55:43.299+0800: 10805.142: Total time for which application threads were stopped: 0.0002238 seconds, Stopping threads took: 0.0000457 seconds
2020-12-03T14:55:44.300+0800: 10806.142: Total time for which application threads were stopped: 0.0002027 seconds, Stopping threads took: 0.0000382 seconds
{Heap before GC invocations=14 (full 1):
 par new generation   total 943744K, used 847122K [0x00000006c0000000, 0x0000000700000000, 0x0000000700000000)
  eden space 838912K, 100% used [0x00000006c0000000, 0x00000006f3340000, 0x00000006f3340000)
  from space 104832K,   7% used [0x00000006f3340000, 0x00000006f3b44910, 0x00000006f99a0000)
  to   space 104832K,   0% used [0x00000006f99a0000, 0x00000006f99a0000, 0x0000000700000000)
 concurrent mark-sweep generation total 3145728K, used 55599K [0x0000000700000000, 0x00000007c0000000, 0x00000007c0000000)
 Metaspace       used 44720K, capacity 46556K, committed 46612K, reserved 1089536K
  class space    used 6106K, capacity 6532K, committed 6576K, reserved 1048576K
2020-12-03T15:01:54.882+0800: 11176.714: [GC (Allocation Failure) 2020-12-03T15:01:54.883+0800: 11176.715: [ParNew
Desired survivor size 53673984 bytes, new threshold 1 (max 1)
- age   1:   16210280 bytes,   16210280 total
: 847122K->17973K(943744K), 0.0102027 secs] 902721K->74602K(4089472K), 0.0112041 secs] [Times: user=0.10 sys=0.00, real=0.01 secs] 
Heap after GC invocations=15 (full 1):
 par new generation   total 943744K, used 17973K [0x00000006c0000000, 0x0000000700000000, 0x0000000700000000)
  eden space 838912K,   0% used [0x00000006c0000000, 0x00000006c0000000, 0x00000006f3340000)
  from space 104832K,  17% used [0x00000006f99a0000, 0x00000006fab2d638, 0x0000000700000000)
  to   space 104832K,   0% used [0x00000006f3340000, 0x00000006f3340000, 0x00000006f99a0000)
 concurrent mark-sweep generation total 3145728K, used 56628K [0x0000000700000000, 0x00000007c0000000, 0x00000007c0000000)
 Metaspace       used 44720K, capacity 46556K, committed 46612K, reserved 1089536K
  class space    used 6106K, capacity 6532K, committed 6576K, reserved 1048576K
}
2020-12-03T15:01:54.893+0800: 11176.725: Total time for which application threads were stopped: 0.0114820 seconds, Stopping threads took: 0.0000288 seconds
2020-12-03T15:01:55.894+0800: 11177.726: Total time for which application threads were stopped: 0.0001886 seconds, Stopping threads took: 0.0000363 seconds
2020-12-03T15:03:44.974+0800: 11286.802: Total time for which application threads were stopped: 0.0001297 seconds, Stopping threads took: 0.0000285 seconds
2020-12-03T15:06:16.075+0800: 11437.914: Total time for which application threads were stopped: 0.0001452 seconds, Stopping threads took: 0.0000432 seconds
2020-12-03T15:10:58.293+0800: 11720.123: Total time for which application threads were stopped: 0.0001789 seconds, Stopping threads took: 0.0000360 seconds
{Heap before GC invocations=15 (full 1):
 par new generation   total 943744K, used 856885K [0x00000006c0000000, 0x0000000700000000, 0x0000000700000000)
  eden space 838912K, 100% used [0x00000006c0000000, 0x00000006f3340000, 0x00000006f3340000)
  from space 104832K,  17% used [0x00000006f99a0000, 0x00000006fab2d638, 0x0000000700000000)
  to   space 104832K,   0% used [0x00000006f3340000, 0x00000006f3340000, 0x00000006f99a0000)
 concurrent mark-sweep generation total 3145728K, used 56628K [0x0000000700000000, 0x00000007c0000000, 0x00000007c0000000)
 Metaspace       used 44734K, capacity 46556K, committed 46612K, reserved 1089536K
  class space    used 6106K, capacity 6532K, committed 6576K, reserved 1048576K
2020-12-03T15:16:20.876+0800: 12042.697: [GC (Allocation Failure) 2020-12-03T15:16:20.878+0800: 12042.699: [ParNew
Desired survivor size 53673984 bytes, new threshold 1 (max 1)
- age   1:    4943008 bytes,    4943008 total
: 856885K->9690K(943744K), 0.0162574 secs] 913514K->73224K(4089472K), 0.0178507 secs] [Times: user=0.11 sys=0.01, real=0.02 secs] 
Heap after GC invocations=16 (full 1):
 par new generation   total 943744K, used 9690K [0x00000006c0000000, 0x0000000700000000, 0x0000000700000000)
  eden space 838912K,   0% used [0x00000006c0000000, 0x00000006c0000000, 0x00000006f3340000)
  from space 104832K,   9% used [0x00000006f3340000, 0x00000006f3cb68f8, 0x00000006f99a0000)
  to   space 104832K,   0% used [0x00000006f99a0000, 0x00000006f99a0000, 0x0000000700000000)
 concurrent mark-sweep generation total 3145728K, used 63533K [0x0000000700000000, 0x00000007c0000000, 0x00000007c0000000)
 Metaspace       used 44734K, capacity 46556K, committed 46612K, reserved 1089536K
  class space    used 6106K, capacity 6532K, committed 6576K, reserved 1048576K
}
2020-12-03T15:16:20.894+0800: 12042.715: Total time for which application threads were stopped: 0.0181419 seconds, Stopping threads took: 0.0000349 seconds
2020-12-03T15:16:21.896+0800: 12043.716: Total time for which application threads were stopped: 0.0001856 seconds, Stopping threads took: 0.0000359 seconds
2020-12-03T15:21:16.099+0800: 12337.911: Total time for which application threads were stopped: 0.0001956 seconds, Stopping threads took: 0.0000364 seconds
2020-12-03T15:21:45.118+0800: 12366.929: Total time for which application threads were stopped: 0.0001747 seconds, Stopping threads took: 0.0000330 seconds
2020-12-03T15:25:45.281+0800: 12607.100: Total time for which application threads were stopped: 0.0001886 seconds, Stopping threads took: 0.0000361 seconds
2020-12-03T15:26:16.304+0800: 12638.122: Total time for which application threads were stopped: 0.0001926 seconds, Stopping threads took: 0.0000357 seconds
2020-12-03T15:29:39.448+0800: 12841.260: Total time for which application threads were stopped: 0.0001997 seconds, Stopping threads took: 0.0000335 seconds
2020-12-03T15:31:09.506+0800: 12931.316: Total time for which application threads were stopped: 0.0001801 seconds, Stopping threads took: 0.0000355 seconds
{Heap before GC invocations=16 (full 1):
 par new generation   total 943744K, used 848602K [0x00000006c0000000, 0x0000000700000000, 0x0000000700000000)
  eden space 838912K, 100% used [0x00000006c0000000, 0x00000006f3340000, 0x00000006f3340000)
  from space 104832K,   9% used [0x00000006f3340000, 0x00000006f3cb68f8, 0x00000006f99a0000)
  to   space 104832K,   0% used [0x00000006f99a0000, 0x00000006f99a0000, 0x0000000700000000)
 concurrent mark-sweep generation total 3145728K, used 63533K [0x0000000700000000, 0x00000007c0000000, 0x00000007c0000000)
 Metaspace       used 44745K, capacity 46556K, committed 46612K, reserved 1089536K
  class space    used 6106K, capacity 6532K, committed 6576K, reserved 1048576K
2020-12-03T15:31:13.861+0800: 12935.670: [GC (Allocation Failure) 2020-12-03T15:31:13.862+0800: 12935.671: [ParNew
Desired survivor size 53673984 bytes, new threshold 1 (max 1)
- age   1:   11236520 bytes,   11236520 total
: 848602K->12735K(943744K), 0.0083755 secs] 912136K->76269K(4089472K), 0.0094988 secs] [Times: user=0.08 sys=0.00, real=0.01 secs] 
Heap after GC invocations=17 (full 1):
 par new generation   total 943744K, used 12735K [0x00000006c0000000, 0x0000000700000000, 0x0000000700000000)
  eden space 838912K,   0% used [0x00000006c0000000, 0x00000006c0000000, 0x00000006f3340000)
  from space 104832K,  12% used [0x00000006f99a0000, 0x00000006fa60fcb0, 0x0000000700000000)
  to   space 104832K,   0% used [0x00000006f3340000, 0x00000006f3340000, 0x00000006f99a0000)
 concurrent mark-sweep generation total 3145728K, used 63534K [0x0000000700000000, 0x00000007c0000000, 0x00000007c0000000)
 Metaspace       used 44745K, capacity 46556K, committed 46612K, reserved 1089536K
  class space    used 6106K, capacity 6532K, committed 6576K, reserved 1048576K
}
2020-12-03T15:31:13.871+0800: 12935.680: Total time for which application threads were stopped: 0.0096881 seconds, Stopping threads took: 0.0000170 seconds
2020-12-03T15:31:16.873+0800: 12938.682: Total time for which application threads were stopped: 0.0002092 seconds, Stopping threads took: 0.0000355 seconds
2020-12-03T15:40:19.228+0800: 13481.020: Total time for which application threads were stopped: 0.0001809 seconds, Stopping threads took: 0.0000361 seconds
{Heap before GC invocations=17 (full 1):
 par new generation   total 943744K, used 851647K [0x00000006c0000000, 0x0000000700000000, 0x0000000700000000)
  eden space 838912K, 100% used [0x00000006c0000000, 0x00000006f3340000, 0x00000006f3340000)
  from space 104832K,  12% used [0x00000006f99a0000, 0x00000006fa60fcb0, 0x0000000700000000)
  to   space 104832K,   0% used [0x00000006f3340000, 0x00000006f3340000, 0x00000006f99a0000)
 concurrent mark-sweep generation total 3145728K, used 63534K [0x0000000700000000, 0x00000007c0000000, 0x00000007c0000000)
 Metaspace       used 44754K, capacity 46556K, committed 46612K, reserved 1089536K
  class space    used 6106K, capacity 6532K, committed 6576K, reserved 1048576K
2020-12-03T15:45:38.983+0800: 13800.782: [GC (Allocation Failure) 2020-12-03T15:45:38.984+0800: 13800.783: [ParNew
Desired survivor size 53673984 bytes, new threshold 1 (max 1)
- age   1:   11234136 bytes,   11234136 total
: 851647K->12971K(943744K), 0.0078352 secs] 915181K->77533K(4089472K), 0.0087870 secs] [Times: user=0.07 sys=0.00, real=0.01 secs] 
Heap after GC invocations=18 (full 1):
 par new generation   total 943744K, used 12971K [0x00000006c0000000, 0x0000000700000000, 0x0000000700000000)
  eden space 838912K,   0% used [0x00000006c0000000, 0x00000006c0000000, 0x00000006f3340000)
  from space 104832K,  12% used [0x00000006f3340000, 0x00000006f3fead70, 0x00000006f99a0000)
  to   space 104832K,   0% used [0x00000006f99a0000, 0x00000006f99a0000, 0x0000000700000000)
 concurrent mark-sweep generation total 3145728K, used 64561K [0x0000000700000000, 0x00000007c0000000, 0x00000007c0000000)
 Metaspace       used 44754K, capacity 46556K, committed 46612K, reserved 1089536K
  class space    used 6106K, capacity 6532K, committed 6576K, reserved 1048576K
}
2020-12-03T15:45:38.992+0800: 13800.791: Total time for which application threads were stopped: 0.0090200 seconds, Stopping threads took: 0.0000208 seconds
2020-12-03T15:45:39.992+0800: 13801.791: Total time for which application threads were stopped: 0.0001203 seconds, Stopping threads took: 0.0000240 seconds
2020-12-03T15:45:43.995+0800: 13805.793: Total time for which application threads were stopped: 0.0001744 seconds, Stopping threads took: 0.0000338 seconds
2020-12-03T15:51:16.196+0800: 14137.984: Total time for which application threads were stopped: 0.0002059 seconds, Stopping threads took: 0.0000357 seconds
2020-12-03T15:54:49.359+0800: 14351.142: Total time for which application threads were stopped: 0.0001811 seconds, Stopping threads took: 0.0000356 seconds
2020-12-03T15:55:43.129+0800: 14404.910: Total time for which application threads were stopped: 0.0001735 seconds, Stopping threads took: 0.0000174 seconds
2020-12-03T15:55:44.130+0800: 14405.911: Total time for which application threads were stopped: 0.0002838 seconds, Stopping threads took: 0.0000372 seconds
2020-12-03T15:55:50.134+0800: 14411.915: Total time for which application threads were stopped: 0.0001987 seconds, Stopping threads took: 0.0000425 seconds
2020-12-03T15:56:00.142+0800: 14421.922: Total time for which application threads were stopped: 0.0001851 seconds, Stopping threads took: 0.0000359 seconds
2020-12-03T15:56:17.154+0800: 14438.934: Total time for which application threads were stopped: 0.0001880 seconds, Stopping threads took: 0.0000242 seconds
{Heap before GC invocations=18 (full 1):
 par new generation   total 943744K, used 851883K [0x00000006c0000000, 0x0000000700000000, 0x0000000700000000)
  eden space 838912K, 100% used [0x00000006c0000000, 0x00000006f3340000, 0x00000006f3340000)
  from space 104832K,  12% used [0x00000006f3340000, 0x00000006f3fead70, 0x00000006f99a0000)
  to   space 104832K,   0% used [0x00000006f99a0000, 0x00000006f99a0000, 0x0000000700000000)
 concurrent mark-sweep generation total 3145728K, used 64561K [0x0000000700000000, 0x00000007c0000000, 0x00000007c0000000)
 Metaspace       used 44929K, capacity 46782K, committed 46868K, reserved 1089536K
  class space    used 6112K, capacity 6535K, committed 6576K, reserved 1048576K
2020-12-03T15:58:50.616+0800: 14592.392: [GC (Allocation Failure) 2020-12-03T15:58:50.617+0800: 14592.393: [ParNew
Desired survivor size 53673984 bytes, new threshold 1 (max 1)
- age   1:   18368448 bytes,   18368448 total
: 851883K->20406K(943744K), 0.0103419 secs] 916445K->84968K(4089472K), 0.0114245 secs] [Times: user=0.09 sys=0.00, real=0.01 secs] 
Heap after GC invocations=19 (full 1):
 par new generation   total 943744K, used 20406K [0x00000006c0000000, 0x0000000700000000, 0x0000000700000000)
  eden space 838912K,   0% used [0x00000006c0000000, 0x00000006c0000000, 0x00000006f3340000)
  from space 104832K,  19% used [0x00000006f99a0000, 0x00000006fad8da00, 0x0000000700000000)
  to   space 104832K,   0% used [0x00000006f3340000, 0x00000006f3340000, 0x00000006f99a0000)
 concurrent mark-sweep generation total 3145728K, used 64562K [0x0000000700000000, 0x00000007c0000000, 0x00000007c0000000)
 Metaspace       used 44929K, capacity 46782K, committed 46868K, reserved 1089536K
  class space    used 6112K, capacity 6535K, committed 6576K, reserved 1048576K
}
2020-12-03T15:58:50.628+0800: 14592.403: Total time for which application threads were stopped: 0.0117004 seconds, Stopping threads took: 0.0000282 seconds
2020-12-03T15:59:49.673+0800: 14651.447: Total time for which application threads were stopped: 0.0001805 seconds, Stopping threads took: 0.0000356 seconds
2020-12-03T16:01:16.739+0800: 14738.525: Total time for which application threads were stopped: 0.0001809 seconds, Stopping threads took: 0.0000365 seconds
2020-12-03T16:03:46.847+0800: 14888.629: Total time for which application threads were stopped: 0.0001834 seconds, Stopping threads took: 0.0000364 seconds
2020-12-03T16:04:49.890+0800: 14951.670: Total time for which application threads were stopped: 0.0001307 seconds, Stopping threads took: 0.0000267 seconds
2020-12-03T16:06:16.947+0800: 15038.724: Total time for which application threads were stopped: 0.0001934 seconds, Stopping threads took: 0.0000352 seconds
2020-12-03T16:12:40.178+0800: 15421.944: Total time for which application threads were stopped: 0.0001824 seconds, Stopping threads took: 0.0000359 seconds
{Heap before GC invocations=19 (full 1):
 par new generation   total 943744K, used 859318K [0x00000006c0000000, 0x0000000700000000, 0x0000000700000000)
  eden space 838912K, 100% used [0x00000006c0000000, 0x00000006f3340000, 0x00000006f3340000)
  from space 104832K,  19% used [0x00000006f99a0000, 0x00000006fad8da00, 0x0000000700000000)
  to   space 104832K,   0% used [0x00000006f3340000, 0x00000006f3340000, 0x00000006f99a0000)
 concurrent mark-sweep generation total 3145728K, used 64562K [0x0000000700000000, 0x00000007c0000000, 0x00000007c0000000)
 Metaspace       used 44956K, capacity 46790K, committed 46868K, reserved 1089536K
  class space    used 6112K, capacity 6535K, committed 6576K, reserved 1048576K
2020-12-03T16:13:42.517+0800: 15484.281: [GC (Allocation Failure) 2020-12-03T16:13:42.517+0800: 15484.281: [ParNew
Desired survivor size 53673984 bytes, new threshold 1 (max 1)
- age   1:    4998248 bytes,    4998248 total
: 859318K->9734K(943744K), 0.0147172 secs] 923880K->84318K(4089472K), 0.0148737 secs] [Times: user=0.10 sys=0.01, real=0.02 secs] 
Heap after GC invocations=20 (full 1):
 par new generation   total 943744K, used 9734K [0x00000006c0000000, 0x0000000700000000, 0x0000000700000000)
  eden space 838912K,   0% used [0x00000006c0000000, 0x00000006c0000000, 0x00000006f3340000)
  from space 104832K,   9% used [0x00000006f3340000, 0x00000006f3cc1810, 0x00000006f99a0000)
  to   space 104832K,   0% used [0x00000006f99a0000, 0x00000006f99a0000, 0x0000000700000000)
 concurrent mark-sweep generation total 3145728K, used 74584K [0x0000000700000000, 0x00000007c0000000, 0x00000007c0000000)
 Metaspace       used 44956K, capacity 46790K, committed 46868K, reserved 1089536K
  class space    used 6112K, capacity 6535K, committed 6576K, reserved 1048576K
}
2020-12-03T16:13:42.532+0800: 15484.296: Total time for which application threads were stopped: 0.0151498 seconds, Stopping threads took: 0.0000275 seconds
2020-12-03T16:24:16.947+0800: 16118.707: Total time for which application threads were stopped: 0.0001325 seconds, Stopping threads took: 0.0000269 seconds
2020-12-03T16:24:44.968+0800: 16146.727: Total time for which application threads were stopped: 0.0001821 seconds, Stopping threads took: 0.0000372 seconds
2020-12-03T16:26:17.028+0800: 16238.784: Total time for which application threads were stopped: 0.0001235 seconds, Stopping threads took: 0.0000231 seconds
2020-12-03T16:26:45.046+0800: 16266.802: Total time for which application threads were stopped: 0.0001759 seconds, Stopping threads took: 0.0000357 seconds
{Heap before GC invocations=20 (full 1):
 par new generation   total 943744K, used 848646K [0x00000006c0000000, 0x0000000700000000, 0x0000000700000000)
  eden space 838912K, 100% used [0x00000006c0000000, 0x00000006f3340000, 0x00000006f3340000)
  from space 104832K,   9% used [0x00000006f3340000, 0x00000006f3cc1810, 0x00000006f99a0000)
  to   space 104832K,   0% used [0x00000006f99a0000, 0x00000006f99a0000, 0x0000000700000000)
 concurrent mark-sweep generation total 3145728K, used 74584K [0x0000000700000000, 0x00000007c0000000, 0x00000007c0000000)
 Metaspace       used 44958K, capacity 46790K, committed 46868K, reserved 1089536K
  class space    used 6112K, capacity 6535K, committed 6576K, reserved 1048576K
2020-12-03T16:28:44.491+0800: 16386.243: [GC (Allocation Failure) 2020-12-03T16:28:44.492+0800: 16386.244: [ParNew
Desired survivor size 53673984 bytes, new threshold 1 (max 1)
- age   1:   13329232 bytes,   13329232 total
: 848646K->14522K(943744K), 0.0089947 secs] 923230K->89165K(4089472K), 0.0100099 secs] [Times: user=0.09 sys=0.00, real=0.01 secs] 
Heap after GC invocations=21 (full 1):
 par new generation   total 943744K, used 14522K [0x00000006c0000000, 0x0000000700000000, 0x0000000700000000)
  eden space 838912K,   0% used [0x00000006c0000000, 0x00000006c0000000, 0x00000006f3340000)
  from space 104832K,  13% used [0x00000006f99a0000, 0x00000006fa7cea20, 0x0000000700000000)
  to   space 104832K,   0% used [0x00000006f3340000, 0x00000006f3340000, 0x00000006f99a0000)
 concurrent mark-sweep generation total 3145728K, used 74643K [0x0000000700000000, 0x00000007c0000000, 0x00000007c0000000)
 Metaspace       used 44958K, capacity 46790K, committed 46868K, reserved 1089536K
  class space    used 6112K, capacity 6535K, committed 6576K, reserved 1048576K
}
2020-12-03T16:28:44.501+0800: 16386.253: Total time for which application threads were stopped: 0.0102234 seconds, Stopping threads took: 0.0000209 seconds
2020-12-03T16:28:45.502+0800: 16387.254: Total time for which application threads were stopped: 0.0001822 seconds, Stopping threads took: 0.0000388 seconds
2020-12-03T16:31:16.606+0800: 16538.354: Total time for which application threads were stopped: 0.0001181 seconds, Stopping threads took: 0.0000400 seconds
2020-12-03T16:35:44.786+0800: 16806.525: Total time for which application threads were stopped: 0.0001770 seconds, Stopping threads took: 0.0000322 seconds
2020-12-03T16:36:36.814+0800: 16858.565: Total time for which application threads were stopped: 0.0001770 seconds, Stopping threads took: 0.0000356 seconds
2020-12-03T16:36:46.822+0800: 16868.573: Total time for which application threads were stopped: 0.0001766 seconds, Stopping threads took: 0.0000358 seconds
2020-12-03T16:37:46.869+0800: 16928.619: Total time for which application threads were stopped: 0.0001249 seconds, Stopping threads took: 0.0000270 seconds
2020-12-03T16:38:20.901+0800: 16962.650: Total time for which application threads were stopped: 0.0001765 seconds, Stopping threads took: 0.0000359 seconds
2020-12-03T16:38:30.910+0800: 16972.659: Total time for which application threads were stopped: 0.0001789 seconds, Stopping threads took: 0.0000355 seconds
{Heap before GC invocations=21 (full 1):
 par new generation   total 943744K, used 853434K [0x00000006c0000000, 0x0000000700000000, 0x0000000700000000)
  eden space 838912K, 100% used [0x00000006c0000000, 0x00000006f3340000, 0x00000006f3340000)
  from space 104832K,  13% used [0x00000006f99a0000, 0x00000006fa7cea20, 0x0000000700000000)
  to   space 104832K,   0% used [0x00000006f3340000, 0x00000006f3340000, 0x00000006f99a0000)
 concurrent mark-sweep generation total 3145728K, used 74643K [0x0000000700000000, 0x00000007c0000000, 0x00000007c0000000)
 Metaspace       used 44959K, capacity 46790K, committed 46868K, reserved 1089536K
  class space    used 6112K, capacity 6535K, committed 6576K, reserved 1048576K
2020-12-03T16:43:46.728+0800: 17288.467: [GC (Allocation Failure) 2020-12-03T16:43:46.728+0800: 17288.467: [ParNew
Desired survivor size 53673984 bytes, new threshold 1 (max 1)
- age   1:    7037200 bytes,    7037200 total
: 853434K->8881K(943744K), 0.0068410 secs] 928077K->84550K(4089472K), 0.0069438 secs] [Times: user=0.06 sys=0.00, real=0.01 secs] 
Heap after GC invocations=22 (full 1):
 par new generation   total 943744K, used 8881K [0x00000006c0000000, 0x0000000700000000, 0x0000000700000000)
  eden space 838912K,   0% used [0x00000006c0000000, 0x00000006c0000000, 0x00000006f3340000)
  from space 104832K,   8% used [0x00000006f3340000, 0x00000006f3bec630, 0x00000006f99a0000)
  to   space 104832K,   0% used [0x00000006f99a0000, 0x00000006f99a0000, 0x0000000700000000)
 concurrent mark-sweep generation total 3145728K, used 75669K [0x0000000700000000, 0x00000007c0000000, 0x00000007c0000000)
 Metaspace       used 44959K, capacity 46790K, committed 46868K, reserved 1089536K
  class space    used 6112K, capacity 6535K, committed 6576K, reserved 1048576K
}
2020-12-03T16:43:46.735+0800: 17288.474: Total time for which application threads were stopped: 0.0071229 seconds, Stopping threads took: 0.0000190 seconds
2020-12-03T16:43:47.735+0800: 17289.474: Total time for which application threads were stopped: 0.0001784 seconds, Stopping threads took: 0.0000363 seconds
2020-12-03T16:46:00.824+0800: 17422.559: Total time for which application threads were stopped: 0.0001920 seconds, Stopping threads took: 0.0000355 seconds
2020-12-03T16:46:40.850+0800: 17462.584: Total time for which application threads were stopped: 0.0000864 seconds, Stopping threads took: 0.0000188 seconds
2020-12-03T16:52:45.046+0800: 17826.769: Total time for which application threads were stopped: 0.0000870 seconds, Stopping threads took: 0.0000178 seconds
2020-12-03T16:54:21.087+0800: 17922.820: Total time for which application threads were stopped: 0.0001838 seconds, Stopping threads took: 0.0000355 seconds
2020-12-03T16:54:34.092+0800: 17935.827: Total time for which application threads were stopped: 0.0000985 seconds, Stopping threads took: 0.0000209 seconds
2020-12-03T16:54:47.100+0800: 17948.835: Total time for which application threads were stopped: 0.0001724 seconds, Stopping threads took: 0.0000335 seconds
2020-12-03T16:54:51.102+0800: 17952.837: Total time for which application threads were stopped: 0.0001463 seconds, Stopping threads took: 0.0000495 seconds
2020-12-03T16:55:43.127+0800: 18004.861: Total time for which application threads were stopped: 0.0001214 seconds, Stopping threads took: 0.0000197 seconds
2020-12-03T16:55:44.128+0800: 18005.862: Total time for which application threads were stopped: 0.0001044 seconds, Stopping threads took: 0.0000298 seconds
2020-12-03T16:56:17.150+0800: 18038.882: Total time for which application threads were stopped: 0.0001803 seconds, Stopping threads took: 0.0000308 seconds
{Heap before GC invocations=22 (full 1):
 par new generation   total 943744K, used 847793K [0x00000006c0000000, 0x0000000700000000, 0x0000000700000000)
  eden space 838912K, 100% used [0x00000006c0000000, 0x00000006f3340000, 0x00000006f3340000)
  from space 104832K,   8% used [0x00000006f3340000, 0x00000006f3bec630, 0x00000006f99a0000)
  to   space 104832K,   0% used [0x00000006f99a0000, 0x00000006f99a0000, 0x0000000700000000)
 concurrent mark-sweep generation total 3145728K, used 75669K [0x0000000700000000, 0x00000007c0000000, 0x00000007c0000000)
 Metaspace       used 45013K, capacity 46854K, committed 47124K, reserved 1089536K
  class space    used 6112K, capacity 6535K, committed 6576K, reserved 1048576K
2020-12-03T16:57:33.331+0800: 18115.062: [GC (Allocation Failure) 2020-12-03T16:57:33.332+0800: 18115.063: [ParNew
Desired survivor size 53673984 bytes, new threshold 1 (max 1)
- age   1:   15195448 bytes,   15195448 total
: 847793K->16945K(943744K), 0.0101136 secs] 923462K->92616K(4089472K), 0.0112027 secs] [Times: user=0.09 sys=0.00, real=0.01 secs] 
Heap after GC invocations=23 (full 1):
 par new generation   total 943744K, used 16945K [0x00000006c0000000, 0x0000000700000000, 0x0000000700000000)
  eden space 838912K,   0% used [0x00000006c0000000, 0x00000006c0000000, 0x00000006f3340000)
  from space 104832K,  16% used [0x00000006f99a0000, 0x00000006faa2c6a0, 0x0000000700000000)
  to   space 104832K,   0% used [0x00000006f3340000, 0x00000006f3340000, 0x00000006f99a0000)
 concurrent mark-sweep generation total 3145728K, used 75670K [0x0000000700000000, 0x00000007c0000000, 0x00000007c0000000)
 Metaspace       used 45013K, capacity 46854K, committed 47124K, reserved 1089536K
  class space    used 6112K, capacity 6535K, committed 6576K, reserved 1048576K
}
2020-12-03T16:57:33.342+0800: 18115.073: Total time for which application threads were stopped: 0.0114803 seconds, Stopping threads took: 0.0000274 seconds
2020-12-03T16:59:45.442+0800: 18247.168: Total time for which application threads were stopped: 0.0000951 seconds, Stopping threads took: 0.0000195 seconds
{Heap before GC invocations=23 (full 1):
 par new generation   total 943744K, used 855857K [0x00000006c0000000, 0x0000000700000000, 0x0000000700000000)
  eden space 838912K, 100% used [0x00000006c0000000, 0x00000006f3340000, 0x00000006f3340000)
  from space 104832K,  16% used [0x00000006f99a0000, 0x00000006faa2c6a0, 0x0000000700000000)
  to   space 104832K,   0% used [0x00000006f3340000, 0x00000006f3340000, 0x00000006f99a0000)
 concurrent mark-sweep generation total 3145728K, used 75670K [0x0000000700000000, 0x00000007c0000000, 0x00000007c0000000)
 Metaspace       used 45014K, capacity 46854K, committed 47124K, reserved 1089536K
  class space    used 6112K, capacity 6535K, committed 6576K, reserved 1048576K
2020-12-03T17:11:58.255+0800: 18979.968: [GC (Allocation Failure) 2020-12-03T17:11:58.255+0800: 18979.969: [ParNew
Desired survivor size 53673984 bytes, new threshold 1 (max 1)
- age   1:    4946008 bytes,    4946008 total
: 855857K->9718K(943744K), 0.0144718 secs] 931528K->93348K(4089472K), 0.0152870 secs] [Times: user=0.08 sys=0.01, real=0.02 secs] 
Heap after GC invocations=24 (full 1):
 par new generation   total 943744K, used 9718K [0x00000006c0000000, 0x0000000700000000, 0x0000000700000000)
  eden space 838912K,   0% used [0x00000006c0000000, 0x00000006c0000000, 0x00000006f3340000)
  from space 104832K,   9% used [0x00000006f3340000, 0x00000006f3cbd8b0, 0x00000006f99a0000)
  to   space 104832K,   0% used [0x00000006f99a0000, 0x00000006f99a0000, 0x0000000700000000)
 concurrent mark-sweep generation total 3145728K, used 83630K [0x0000000700000000, 0x00000007c0000000, 0x00000007c0000000)
 Metaspace       used 45014K, capacity 46854K, committed 47124K, reserved 1089536K
  class space    used 6112K, capacity 6535K, committed 6576K, reserved 1048576K
}
2020-12-03T17:11:58.270+0800: 18979.983: Total time for which application threads were stopped: 0.0154950 seconds, Stopping threads took: 0.0000218 seconds
2020-12-03T17:15:47.384+0800: 19209.096: Total time for which application threads were stopped: 0.0001260 seconds, Stopping threads took: 0.0000267 seconds
2020-12-03T17:16:17.395+0800: 19239.107: Total time for which application threads were stopped: 0.0001604 seconds, Stopping threads took: 0.0000592 seconds
2020-12-03T17:17:31.436+0800: 19313.145: Total time for which application threads were stopped: 0.0000997 seconds, Stopping threads took: 0.0000357 seconds
2020-12-03T17:22:31.584+0800: 19613.284: Total time for which application threads were stopped: 0.0001391 seconds, Stopping threads took: 0.0000429 seconds
2020-12-03T17:25:44.682+0800: 19806.376: Total time for which application threads were stopped: 0.0001191 seconds, Stopping threads took: 0.0000233 seconds
{Heap before GC invocations=24 (full 1):
 par new generation   total 943744K, used 848630K [0x00000006c0000000, 0x0000000700000000, 0x0000000700000000)
  eden space 838912K, 100% used [0x00000006c0000000, 0x00000006f3340000, 0x00000006f3340000)
  from space 104832K,   9% used [0x00000006f3340000, 0x00000006f3cbd8b0, 0x00000006f99a0000)
  to   space 104832K,   0% used [0x00000006f99a0000, 0x00000006f99a0000, 0x0000000700000000)
 concurrent mark-sweep generation total 3145728K, used 83630K [0x0000000700000000, 0x00000007c0000000, 0x00000007c0000000)
 Metaspace       used 45015K, capacity 46854K, committed 47124K, reserved 1089536K
  class space    used 6112K, capacity 6535K, committed 6576K, reserved 1048576K
2020-12-03T17:26:21.114+0800: 19842.807: [GC (Allocation Failure) 2020-12-03T17:26:21.115+0800: 19842.808: [ParNew
Desired survivor size 53673984 bytes, new threshold 1 (max 1)
- age   1:    8090832 bytes,    8090832 total
: 848630K->9364K(943744K), 0.0062453 secs] 932260K->92999K(4089472K), 0.0070220 secs] [Times: user=0.06 sys=0.00, real=0.01 secs] 
Heap after GC invocations=25 (full 1):
 par new generation   total 943744K, used 9364K [0x00000006c0000000, 0x0000000700000000, 0x0000000700000000)
  eden space 838912K,   0% used [0x00000006c0000000, 0x00000006c0000000, 0x00000006f3340000)
  from space 104832K,   8% used [0x00000006f99a0000, 0x00000006fa2c52f0, 0x0000000700000000)
  to   space 104832K,   0% used [0x00000006f3340000, 0x00000006f3340000, 0x00000006f99a0000)
 concurrent mark-sweep generation total 3145728K, used 83634K [0x0000000700000000, 0x00000007c0000000, 0x00000007c0000000)
 Metaspace       used 45015K, capacity 46854K, committed 47124K, reserved 1089536K
  class space    used 6112K, capacity 6535K, committed 6576K, reserved 1048576K
}
2020-12-03T17:26:21.121+0800: 19842.814: Total time for which application threads were stopped: 0.0071874 seconds, Stopping threads took: 0.0000165 seconds
2020-12-03T17:31:17.301+0800: 20139.001: Total time for which application threads were stopped: 0.0001813 seconds, Stopping threads took: 0.0000359 seconds
2020-12-03T17:33:28.396+0800: 20270.092: Total time for which application threads were stopped: 0.0001251 seconds, Stopping threads took: 0.0000237 seconds
{Heap before GC invocations=25 (full 1):
 par new generation   total 943744K, used 848276K [0x00000006c0000000, 0x0000000700000000, 0x0000000700000000)
  eden space 838912K, 100% used [0x00000006c0000000, 0x00000006f3340000, 0x00000006f3340000)
  from space 104832K,   8% used [0x00000006f99a0000, 0x00000006fa2c52f0, 0x0000000700000000)
  to   space 104832K,   0% used [0x00000006f3340000, 0x00000006f3340000, 0x00000006f99a0000)
 concurrent mark-sweep generation total 3145728K, used 83634K [0x0000000700000000, 0x00000007c0000000, 0x00000007c0000000)
 Metaspace       used 45016K, capacity 46854K, committed 47124K, reserved 1089536K
  class space    used 6112K, capacity 6535K, committed 6576K, reserved 1048576K
2020-12-03T17:41:17.282+0800: 20738.963: [GC (Allocation Failure) 2020-12-03T17:41:17.283+0800: 20738.965: [ParNew
Desired survivor size 53673984 bytes, new threshold 1 (max 1)
- age   1:    7145264 bytes,    7145264 total
: 848276K->8877K(943744K), 0.0082642 secs] 931911K->93537K(4089472K), 0.0096891 secs] [Times: user=0.08 sys=0.00, real=0.01 secs] 
Heap after GC invocations=26 (full 1):
 par new generation   total 943744K, used 8877K [0x00000006c0000000, 0x0000000700000000, 0x0000000700000000)
  eden space 838912K,   0% used [0x00000006c0000000, 0x00000006c0000000, 0x00000006f3340000)
  from space 104832K,   8% used [0x00000006f3340000, 0x00000006f3beb7b0, 0x00000006f99a0000)
  to   space 104832K,   0% used [0x00000006f99a0000, 0x00000006f99a0000, 0x0000000700000000)
 concurrent mark-sweep generation total 3145728K, used 84659K [0x0000000700000000, 0x00000007c0000000, 0x00000007c0000000)
 Metaspace       used 45016K, capacity 46854K, committed 47124K, reserved 1089536K
  class space    used 6112K, capacity 6535K, committed 6576K, reserved 1048576K
}
2020-12-03T17:41:17.292+0800: 20738.973: Total time for which application threads were stopped: 0.0098646 seconds, Stopping threads took: 0.0000170 seconds
2020-12-03T17:41:18.293+0800: 20739.974: Total time for which application threads were stopped: 0.0001806 seconds, Stopping threads took: 0.0000359 seconds
2020-12-03T17:46:17.641+0800: 21039.314: Total time for which application threads were stopped: 0.0001279 seconds, Stopping threads took: 0.0000248 seconds
2020-12-03T18:28:42.833+0800: 21339.747: Total time for which application threads were stopped: 0.0001207 seconds, Stopping threads took: 0.0000241 seconds
2020-12-03T18:30:09.887+0800: 21426.789: Total time for which application threads were stopped: 0.0000951 seconds, Stopping threads took: 0.0000171 seconds
{Heap before GC invocations=26 (full 1):
 par new generation   total 943744K, used 847789K [0x00000006c0000000, 0x0000000700000000, 0x0000000700000000)
  eden space 838912K, 100% used [0x00000006c0000000, 0x00000006f3340000, 0x00000006f3340000)
  from space 104832K,   8% used [0x00000006f3340000, 0x00000006f3beb7b0, 0x00000006f99a0000)
  to   space 104832K,   0% used [0x00000006f99a0000, 0x00000006f99a0000, 0x0000000700000000)
 concurrent mark-sweep generation total 3145728K, used 84659K [0x0000000700000000, 0x00000007c0000000, 0x00000007c0000000)
 Metaspace       used 45016K, capacity 46854K, committed 47124K, reserved 1089536K
  class space    used 6112K, capacity 6535K, committed 6576K, reserved 1048576K
2020-12-03T18:32:38.139+0800: 21575.038: [GC (Allocation Failure) 2020-12-03T18:32:38.140+0800: 21575.039: [ParNew
Desired survivor size 53673984 bytes, new threshold 1 (max 1)
- age   1:   11237320 bytes,   11237320 total
: 847789K->13690K(943744K), 0.0086801 secs] 932449K->98350K(4089472K), 0.0095110 secs] [Times: user=0.09 sys=0.01, real=0.01 secs] 
Heap after GC invocations=27 (full 1):
 par new generation   total 943744K, used 13690K [0x00000006c0000000, 0x0000000700000000, 0x0000000700000000)
  eden space 838912K,   0% used [0x00000006c0000000, 0x00000006c0000000, 0x00000006f3340000)
  from space 104832K,  13% used [0x00000006f99a0000, 0x00000006fa6fe910, 0x0000000700000000)
  to   space 104832K,   0% used [0x00000006f3340000, 0x00000006f3340000, 0x00000006f99a0000)
 concurrent mark-sweep generation total 3145728K, used 84660K [0x0000000700000000, 0x00000007c0000000, 0x00000007c0000000)
 Metaspace       used 45016K, capacity 46854K, committed 47124K, reserved 1089536K
  class space    used 6112K, capacity 6535K, committed 6576K, reserved 1048576K
}
2020-12-03T18:32:38.149+0800: 21575.047: Total time for which application threads were stopped: 0.0097466 seconds, Stopping threads took: 0.0000276 seconds
2020-12-03T18:32:39.149+0800: 21576.048: Total time for which application threads were stopped: 0.0001843 seconds, Stopping threads took: 0.0000368 seconds
2020-12-03T18:33:08.166+0800: 21605.064: Total time for which application threads were stopped: 0.0001329 seconds, Stopping threads took: 0.0000237 seconds
2020-12-03T18:33:09.167+0800: 21606.065: Total time for which application threads were stopped: 0.0000933 seconds, Stopping threads took: 0.0000199 seconds
2020-12-03T18:44:10.501+0800: 22267.384: Total time for which application threads were stopped: 0.0001017 seconds, Stopping threads took: 0.0000216 seconds
2020-12-03T18:45:58.552+0800: 22375.434: Total time for which application threads were stopped: 0.0001306 seconds, Stopping threads took: 0.0000220 seconds
{Heap before GC invocations=27 (full 1):
 par new generation   total 943744K, used 852602K [0x00000006c0000000, 0x0000000700000000, 0x0000000700000000)
  eden space 838912K, 100% used [0x00000006c0000000, 0x00000006f3340000, 0x00000006f3340000)
  from space 104832K,  13% used [0x00000006f99a0000, 0x00000006fa6fe910, 0x0000000700000000)
  to   space 104832K,   0% used [0x00000006f3340000, 0x00000006f3340000, 0x00000006f99a0000)
 concurrent mark-sweep generation total 3145728K, used 84660K [0x0000000700000000, 0x00000007c0000000, 0x00000007c0000000)
 Metaspace       used 45029K, capacity 46854K, committed 47124K, reserved 1089536K
  class space    used 6112K, capacity 6535K, committed 6576K, reserved 1048576K
2020-12-03T18:46:07.775+0800: 22384.656: [GC (Allocation Failure) 2020-12-03T18:46:07.776+0800: 22384.657: [ParNew
Desired survivor size 53673984 bytes, new threshold 1 (max 1)
- age   1:    9185024 bytes,    9185024 total
: 852602K->10850K(943744K), 0.0144347 secs] 937262K->101348K(4089472K), 0.0152257 secs] [Times: user=0.09 sys=0.01, real=0.02 secs] 
Heap after GC invocations=28 (full 1):
 par new generation   total 943744K, used 10850K [0x00000006c0000000, 0x0000000700000000, 0x0000000700000000)
  eden space 838912K,   0% used [0x00000006c0000000, 0x00000006c0000000, 0x00000006f3340000)
  from space 104832K,  10% used [0x00000006f3340000, 0x00000006f3dd8aa8, 0x00000006f99a0000)
  to   space 104832K,   0% used [0x00000006f99a0000, 0x00000006f99a0000, 0x0000000700000000)
 concurrent mark-sweep generation total 3145728K, used 90497K [0x0000000700000000, 0x00000007c0000000, 0x00000007c0000000)
 Metaspace       used 45029K, capacity 46854K, committed 47124K, reserved 1089536K
  class space    used 6112K, capacity 6535K, committed 6576K, reserved 1048576K
}
2020-12-03T18:46:07.791+0800: 22384.671: Total time for which application threads were stopped: 0.0154112 seconds, Stopping threads took: 0.0000184 seconds
2020-12-03T18:46:08.791+0800: 22385.672: Total time for which application threads were stopped: 0.0001061 seconds, Stopping threads took: 0.0000260 seconds
2020-12-03T18:48:43.875+0800: 22540.753: Total time for which application threads were stopped: 0.0001438 seconds, Stopping threads took: 0.0000503 seconds
2020-12-03T18:50:11.925+0800: 22628.801: Total time for which application threads were stopped: 0.0000988 seconds, Stopping threads took: 0.0000204 seconds
2020-12-03T18:53:43.026+0800: 22839.897: Total time for which application threads were stopped: 0.0001231 seconds, Stopping threads took: 0.0000245 seconds
2020-12-03T18:58:43.174+0800: 23140.038: Total time for which application threads were stopped: 0.0001398 seconds, Stopping threads took: 0.0000314 seconds
{Heap before GC invocations=28 (full 1):
 par new generation   total 943744K, used 849762K [0x00000006c0000000, 0x0000000700000000, 0x0000000700000000)
  eden space 838912K, 100% used [0x00000006c0000000, 0x00000006f3340000, 0x00000006f3340000)
  from space 104832K,  10% used [0x00000006f3340000, 0x00000006f3dd8aa8, 0x00000006f99a0000)
  to   space 104832K,   0% used [0x00000006f99a0000, 0x00000006f99a0000, 0x0000000700000000)
 concurrent mark-sweep generation total 3145728K, used 90497K [0x0000000700000000, 0x00000007c0000000, 0x00000007c0000000)
 Metaspace       used 45061K, capacity 46918K, committed 47124K, reserved 1089536K
  class space    used 6112K, capacity 6535K, committed 6576K, reserved 1048576K
2020-12-03T19:00:31.438+0800: 23248.300: [GC (Allocation Failure) 2020-12-03T19:00:31.440+0800: 23248.302: [ParNew
Desired survivor size 53673984 bytes, new threshold 1 (max 1)
- age   1:    7041152 bytes,    7041152 total
: 849762K->8990K(943744K), 0.0076018 secs] 940260K->102603K(4089472K), 0.0090173 secs] [Times: user=0.07 sys=0.00, real=0.01 secs] 
Heap after GC invocations=29 (full 1):
 par new generation   total 943744K, used 8990K [0x00000006c0000000, 0x0000000700000000, 0x0000000700000000)
  eden space 838912K,   0% used [0x00000006c0000000, 0x00000006c0000000, 0x00000006f3340000)
  from space 104832K,   8% used [0x00000006f99a0000, 0x00000006fa267938, 0x0000000700000000)
  to   space 104832K,   0% used [0x00000006f3340000, 0x00000006f3340000, 0x00000006f99a0000)
 concurrent mark-sweep generation total 3145728K, used 93612K [0x0000000700000000, 0x00000007c0000000, 0x00000007c0000000)
 Metaspace       used 45061K, capacity 46918K, committed 47124K, reserved 1089536K
  class space    used 6112K, capacity 6535K, committed 6576K, reserved 1048576K
}
2020-12-03T19:00:31.448+0800: 23248.310: Total time for which application threads were stopped: 0.0092229 seconds, Stopping threads took: 0.0000144 seconds
2020-12-03T19:03:48.550+0800: 23445.408: Total time for which application threads were stopped: 0.0000906 seconds, Stopping threads took: 0.0000183 seconds
2020-12-03T19:09:10.691+0800: 23767.569: Total time for which application threads were stopped: 0.0001165 seconds, Stopping threads took: 0.0000445 seconds
{Heap before GC invocations=29 (full 1):
 par new generation   total 943744K, used 847902K [0x00000006c0000000, 0x0000000700000000, 0x0000000700000000)
  eden space 838912K, 100% used [0x00000006c0000000, 0x00000006f3340000, 0x00000006f3340000)
  from space 104832K,   8% used [0x00000006f99a0000, 0x00000006fa267938, 0x0000000700000000)
  to   space 104832K,   0% used [0x00000006f3340000, 0x00000006f3340000, 0x00000006f99a0000)
 concurrent mark-sweep generation total 3145728K, used 93612K [0x0000000700000000, 0x00000007c0000000, 0x00000007c0000000)
 Metaspace       used 45061K, capacity 46918K, committed 47124K, reserved 1089536K
  class space    used 6112K, capacity 6535K, committed 6576K, reserved 1048576K
2020-12-03T19:14:57.104+0800: 24113.972: [GC (Allocation Failure) 2020-12-03T19:14:57.104+0800: 24113.972: [ParNew
Desired survivor size 53673984 bytes, new threshold 1 (max 1)
- age   1:    7041568 bytes,    7041568 total
: 847902K->8284K(943744K), 0.0078353 secs] 941515K->102922K(4089472K), 0.0079421 secs] [Times: user=0.07 sys=0.00, real=0.01 secs] 
Heap after GC invocations=30 (full 1):
 par new generation   total 943744K, used 8284K [0x00000006c0000000, 0x0000000700000000, 0x0000000700000000)
  eden space 838912K,   0% used [0x00000006c0000000, 0x00000006c0000000, 0x00000006f3340000)
  from space 104832K,   7% used [0x00000006f3340000, 0x00000006f3b57370, 0x00000006f99a0000)
  to   space 104832K,   0% used [0x00000006f99a0000, 0x00000006f99a0000, 0x0000000700000000)
 concurrent mark-sweep generation total 3145728K, used 94637K [0x0000000700000000, 0x00000007c0000000, 0x00000007c0000000)
 Metaspace       used 45061K, capacity 46918K, committed 47124K, reserved 1089536K
  class space    used 6112K, capacity 6535K, committed 6576K, reserved 1048576K
}
2020-12-03T19:14:57.112+0800: 24113.980: Total time for which application threads were stopped: 0.0081457 seconds, Stopping threads took: 0.0000197 seconds
2020-12-03T19:17:59.216+0800: 24296.079: Total time for which application threads were stopped: 0.0001040 seconds, Stopping threads took: 0.0000251 seconds
2020-12-03T19:27:33.563+0800: 24870.415: Total time for which application threads were stopped: 0.0001312 seconds, Stopping threads took: 0.0000263 seconds
{Heap before GC invocations=30 (full 1):
 par new generation   total 943744K, used 847196K [0x00000006c0000000, 0x0000000700000000, 0x0000000700000000)
  eden space 838912K, 100% used [0x00000006c0000000, 0x00000006f3340000, 0x00000006f3340000)
  from space 104832K,   7% used [0x00000006f3340000, 0x00000006f3b57370, 0x00000006f99a0000)
  to   space 104832K,   0% used [0x00000006f99a0000, 0x00000006f99a0000, 0x0000000700000000)
 concurrent mark-sweep generation total 3145728K, used 94637K [0x0000000700000000, 0x00000007c0000000, 0x00000007c0000000)
 Metaspace       used 45062K, capacity 46922K, committed 47124K, reserved 1089536K
  class space    used 6112K, capacity 6535K, committed 6576K, reserved 1048576K
2020-12-03T19:29:19.890+0800: 24976.739: [GC (Allocation Failure) 2020-12-03T19:29:19.891+0800: 24976.740: [ParNew
Desired survivor size 53673984 bytes, new threshold 1 (max 1)
- age   1:    9141232 bytes,    9141232 total
: 847196K->11174K(943744K), 0.0097925 secs] 941834K->105813K(4089472K), 0.0108878 secs] [Times: user=0.09 sys=0.00, real=0.01 secs] 
Heap after GC invocations=31 (full 1):
 par new generation   total 943744K, used 11174K [0x00000006c0000000, 0x0000000700000000, 0x0000000700000000)
  eden space 838912K,   0% used [0x00000006c0000000, 0x00000006c0000000, 0x00000006f3340000)
  from space 104832K,  10% used [0x00000006f99a0000, 0x00000006fa489bd0, 0x0000000700000000)
  to   space 104832K,   0% used [0x00000006f3340000, 0x00000006f3340000, 0x00000006f99a0000)
 concurrent mark-sweep generation total 3145728K, used 94638K [0x0000000700000000, 0x00000007c0000000, 0x00000007c0000000)
 Metaspace       used 45062K, capacity 46922K, committed 47124K, reserved 1089536K
  class space    used 6112K, capacity 6535K, committed 6576K, reserved 1048576K
}
2020-12-03T19:29:19.901+0800: 24976.750: Total time for which application threads were stopped: 0.0111684 seconds, Stopping threads took: 0.0000273 seconds
2020-12-03T19:29:20.902+0800: 24977.751: Total time for which application threads were stopped: 0.0002004 seconds, Stopping threads took: 0.0000407 seconds
2020-12-03T19:33:08.066+0800: 25204.907: Total time for which application threads were stopped: 0.0002952 seconds, Stopping threads took: 0.0000980 seconds
2020-12-03T19:33:09.066+0800: 25205.907: Total time for which application threads were stopped: 0.0001856 seconds, Stopping threads took: 0.0000352 seconds
2020-12-03T19:33:10.066+0800: 25206.908: Total time for which application threads were stopped: 0.0000970 seconds, Stopping threads took: 0.0000204 seconds
2020-12-03T19:33:43.090+0800: 25239.930: Total time for which application threads were stopped: 0.0001988 seconds, Stopping threads took: 0.0000367 seconds
2020-12-03T19:35:59.184+0800: 25376.020: Total time for which application threads were stopped: 0.0000787 seconds, Stopping threads took: 0.0000164 seconds
2020-12-03T19:38:19.279+0800: 25516.111: Total time for which application threads were stopped: 0.0001347 seconds, Stopping threads took: 0.0000408 seconds
2020-12-03T19:38:43.295+0800: 25540.126: Total time for which application threads were stopped: 0.0001800 seconds, Stopping threads took: 0.0000341 seconds
2020-12-03T19:40:29.371+0800: 25646.199: Total time for which application threads were stopped: 0.0000970 seconds, Stopping threads took: 0.0000201 seconds
{Heap before GC invocations=31 (full 1):
 par new generation   total 943744K, used 850086K [0x00000006c0000000, 0x0000000700000000, 0x0000000700000000)
  eden space 838912K, 100% used [0x00000006c0000000, 0x00000006f3340000, 0x00000006f3340000)
  from space 104832K,  10% used [0x00000006f99a0000, 0x00000006fa489bd0, 0x0000000700000000)
  to   space 104832K,   0% used [0x00000006f3340000, 0x00000006f3340000, 0x00000006f99a0000)
 concurrent mark-sweep generation total 3145728K, used 94638K [0x0000000700000000, 0x00000007c0000000, 0x00000007c0000000)
 Metaspace       used 45123K, capacity 46934K, committed 47124K, reserved 1089536K
  class space    used 6113K, capacity 6535K, committed 6576K, reserved 1048576K
2020-12-03T19:42:54.025+0800: 25790.863: [GC (Allocation Failure) 2020-12-03T19:42:54.025+0800: 25790.863: [ParNew
Desired survivor size 53673984 bytes, new threshold 1 (max 1)
- age   1:   10271000 bytes,   10271000 total
: 850086K->12614K(943744K), 0.0160895 secs] 944725K->113089K(4089472K), 0.0162685 secs] [Times: user=0.10 sys=0.01, real=0.02 secs] 
Heap after GC invocations=32 (full 1):
 par new generation   total 943744K, used 12614K [0x00000006c0000000, 0x0000000700000000, 0x0000000700000000)
  eden space 838912K,   0% used [0x00000006c0000000, 0x00000006c0000000, 0x00000006f3340000)
  from space 104832K,  12% used [0x00000006f3340000, 0x00000006f3f91a90, 0x00000006f99a0000)
  to   space 104832K,   0% used [0x00000006f99a0000, 0x00000006f99a0000, 0x0000000700000000)
 concurrent mark-sweep generation total 3145728K, used 100474K [0x0000000700000000, 0x00000007c0000000, 0x00000007c0000000)
 Metaspace       used 45123K, capacity 46934K, committed 47124K, reserved 1089536K
  class space    used 6113K, capacity 6535K, committed 6576K, reserved 1048576K
}
2020-12-03T19:42:54.041+0800: 25790.879: Total time for which application threads were stopped: 0.0166329 seconds, Stopping threads took: 0.0000359 seconds
2020-12-03T19:46:30.191+0800: 26007.023: Total time for which application threads were stopped: 0.0001795 seconds, Stopping threads took: 0.0000372 seconds
2020-12-03T19:48:20.268+0800: 26117.097: Total time for which application threads were stopped: 0.0000953 seconds, Stopping threads took: 0.0000192 seconds
2020-12-03T19:52:09.412+0800: 26346.234: Total time for which application threads were stopped: 0.0001591 seconds, Stopping threads took: 0.0000552 seconds
2020-12-03T19:53:19.460+0800: 26416.280: Total time for which application threads were stopped: 0.0001113 seconds, Stopping threads took: 0.0000399 seconds
2020-12-03T19:53:43.476+0800: 26440.295: Total time for which application threads were stopped: 0.0001208 seconds, Stopping threads took: 0.0000243 seconds
2020-12-03T19:53:49.480+0800: 26446.299: Total time for which application threads were stopped: 0.0001788 seconds, Stopping threads took: 0.0000365 seconds
2020-12-03T19:55:49.553+0800: 26566.369: Total time for which application threads were stopped: 0.0001177 seconds, Stopping threads took: 0.0000244 seconds
{Heap before GC invocations=32 (full 1):
 par new generation   total 943744K, used 851526K [0x00000006c0000000, 0x0000000700000000, 0x0000000700000000)
  eden space 838912K, 100% used [0x00000006c0000000, 0x00000006f3340000, 0x00000006f3340000)
  from space 104832K,  12% used [0x00000006f3340000, 0x00000006f3f91a90, 0x00000006f99a0000)
  to   space 104832K,   0% used [0x00000006f99a0000, 0x00000006f99a0000, 0x0000000700000000)
 concurrent mark-sweep generation total 3145728K, used 100474K [0x0000000700000000, 0x00000007c0000000, 0x00000007c0000000)
 Metaspace       used 45123K, capacity 46934K, committed 47124K, reserved 1089536K
  class space    used 6113K, capacity 6535K, committed 6576K, reserved 1048576K
2020-12-03T19:57:17.642+0800: 26654.455: [GC (Allocation Failure) 2020-12-03T19:57:17.642+0800: 26654.455: [ParNew
Desired survivor size 53673984 bytes, new threshold 1 (max 1)
- age   1:    4983760 bytes,    4983760 total
: 851526K->5654K(943744K), 0.0095885 secs] 952001K->110295K(4089472K), 0.0097406 secs] [Times: user=0.08 sys=0.00, real=0.01 secs] 
Heap after GC invocations=33 (full 1):
 par new generation   total 943744K, used 5654K [0x00000006c0000000, 0x0000000700000000, 0x0000000700000000)
  eden space 838912K,   0% used [0x00000006c0000000, 0x00000006c0000000, 0x00000006f3340000)
  from space 104832K,   5% used [0x00000006f99a0000, 0x00000006f9f259b0, 0x0000000700000000)
  to   space 104832K,   0% used [0x00000006f3340000, 0x00000006f3340000, 0x00000006f99a0000)
 concurrent mark-sweep generation total 3145728K, used 104640K [0x0000000700000000, 0x00000007c0000000, 0x00000007c0000000)
 Metaspace       used 45123K, capacity 46934K, committed 47124K, reserved 1089536K
  class space    used 6113K, capacity 6535K, committed 6576K, reserved 1048576K
}
2020-12-03T19:57:17.652+0800: 26654.465: Total time for which application threads were stopped: 0.0100192 seconds, Stopping threads took: 0.0000278 seconds
2020-12-03T19:57:29.661+0800: 26666.474: Total time for which application threads were stopped: 0.0001185 seconds, Stopping threads took: 0.0000240 seconds
2020-12-03T20:00:39.781+0800: 26856.598: Total time for which application threads were stopped: 0.0001836 seconds, Stopping threads took: 0.0000379 seconds
2020-12-03T20:01:29.816+0800: 26906.637: Total time for which application threads were stopped: 0.0002121 seconds, Stopping threads took: 0.0000664 seconds
2020-12-03T20:01:39.824+0800: 26916.645: Total time for which application threads were stopped: 0.0001890 seconds, Stopping threads took: 0.0000354 seconds
2020-12-03T20:03:43.909+0800: 27040.725: Total time for which application threads were stopped: 0.0001892 seconds, Stopping threads took: 0.0000362 seconds
2020-12-03T20:06:50.038+0800: 27226.849: Total time for which application threads were stopped: 0.0002032 seconds, Stopping threads took: 0.0000358 seconds
2020-12-03T20:08:44.112+0800: 27340.920: Total time for which application threads were stopped: 0.0001374 seconds, Stopping threads took: 0.0000267 seconds
2020-12-03T20:11:40.237+0800: 27517.040: Total time for which application threads were stopped: 0.0001810 seconds, Stopping threads took: 0.0000348 seconds
{Heap before GC invocations=33 (full 1):
 par new generation   total 943744K, used 844566K [0x00000006c0000000, 0x0000000700000000, 0x0000000700000000)
  eden space 838912K, 100% used [0x00000006c0000000, 0x00000006f3340000, 0x00000006f3340000)
  from space 104832K,   5% used [0x00000006f99a0000, 0x00000006f9f259b0, 0x0000000700000000)
  to   space 104832K,   0% used [0x00000006f3340000, 0x00000006f3340000, 0x00000006f99a0000)
 concurrent mark-sweep generation total 3145728K, used 104640K [0x0000000700000000, 0x00000007c0000000, 0x00000007c0000000)
 Metaspace       used 45125K, capacity 46934K, committed 47124K, reserved 1089536K
  class space    used 6113K, capacity 6535K, committed 6576K, reserved 1048576K
2020-12-03T20:11:41.544+0800: 27518.346: [GC (Allocation Failure) 2020-12-03T20:11:41.544+0800: 27518.347: [ParNew
Desired survivor size 53673984 bytes, new threshold 1 (max 1)
- age   1:   15430864 bytes,   15430864 total
: 844566K->16649K(943744K), 0.0092574 secs] 949207K->121333K(4089472K), 0.0094334 secs] [Times: user=0.08 sys=0.00, real=0.01 secs] 
Heap after GC invocations=34 (full 1):
 par new generation   total 943744K, used 16649K [0x00000006c0000000, 0x0000000700000000, 0x0000000700000000)
  eden space 838912K,   0% used [0x00000006c0000000, 0x00000006c0000000, 0x00000006f3340000)
  from space 104832K,  15% used [0x00000006f3340000, 0x00000006f43827a0, 0x00000006f99a0000)
  to   space 104832K,   0% used [0x00000006f99a0000, 0x00000006f99a0000, 0x0000000700000000)
 concurrent mark-sweep generation total 3145728K, used 104683K [0x0000000700000000, 0x00000007c0000000, 0x00000007c0000000)
 Metaspace       used 45125K, capacity 46934K, committed 47124K, reserved 1089536K
  class space    used 6113K, capacity 6535K, committed 6576K, reserved 1048576K
}
2020-12-03T20:11:41.554+0800: 27518.356: Total time for which application threads were stopped: 0.0097159 seconds, Stopping threads took: 0.0000285 seconds
2020-12-03T20:13:43.648+0800: 27640.447: Total time for which application threads were stopped: 0.0001744 seconds, Stopping threads took: 0.0000352 seconds
2020-12-03T20:13:50.652+0800: 27647.450: Total time for which application threads were stopped: 0.0001292 seconds, Stopping threads took: 0.0000269 seconds
2020-12-03T20:16:10.753+0800: 27787.547: Total time for which application threads were stopped: 0.0001990 seconds, Stopping threads took: 0.0000342 seconds
2020-12-03T20:16:13.754+0800: 27790.548: Total time for which application threads were stopped: 0.0001349 seconds, Stopping threads took: 0.0000188 seconds
2020-12-03T20:16:23.760+0800: 27800.554: Total time for which application threads were stopped: 0.0001846 seconds, Stopping threads took: 0.0000353 seconds
2020-12-03T20:23:10.012+0800: 28206.808: Total time for which application threads were stopped: 0.0012275 seconds, Stopping threads took: 0.0004139 seconds
{Heap before GC invocations=34 (full 1):
 par new generation   total 943744K, used 855561K [0x00000006c0000000, 0x0000000700000000, 0x0000000700000000)
  eden space 838912K, 100% used [0x00000006c0000000, 0x00000006f3340000, 0x00000006f3340000)
  from space 104832K,  15% used [0x00000006f3340000, 0x00000006f43827a0, 0x00000006f99a0000)
  to   space 104832K,   0% used [0x00000006f99a0000, 0x00000006f99a0000, 0x0000000700000000)
 concurrent mark-sweep generation total 3145728K, used 104683K [0x0000000700000000, 0x00000007c0000000, 0x00000007c0000000)
 Metaspace       used 45125K, capacity 46934K, committed 47124K, reserved 1089536K
  class space    used 6113K, capacity 6535K, committed 6576K, reserved 1048576K
2020-12-03T20:26:06.429+0800: 28383.220: [GC (Allocation Failure) 2020-12-03T20:26:06.429+0800: 28383.220: [ParNew
Desired survivor size 53673984 bytes, new threshold 1 (max 1)
- age   1:   11234168 bytes,   11234168 total
: 855561K->12891K(943744K), 0.0374652 secs] 960245K->119627K(4089472K), 0.0379375 secs] [Times: user=0.08 sys=0.23, real=0.04 secs] 
Heap after GC invocations=35 (full 1):
 par new generation   total 943744K, used 12891K [0x00000006c0000000, 0x0000000700000000, 0x0000000700000000)
  eden space 838912K,   0% used [0x00000006c0000000, 0x00000006c0000000, 0x00000006f3340000)
  from space 104832K,  12% used [0x00000006f99a0000, 0x00000006fa636db8, 0x0000000700000000)
  to   space 104832K,   0% used [0x00000006f3340000, 0x00000006f3340000, 0x00000006f99a0000)
 concurrent mark-sweep generation total 3145728K, used 106735K [0x0000000700000000, 0x00000007c0000000, 0x00000007c0000000)
 Metaspace       used 45125K, capacity 46934K, committed 47124K, reserved 1089536K
  class space    used 6113K, capacity 6535K, committed 6576K, reserved 1048576K
}
2020-12-03T20:26:06.467+0800: 28383.258: Total time for which application threads were stopped: 0.0382514 seconds, Stopping threads took: 0.0000445 seconds
2020-12-03T20:33:08.730+0800: 28805.509: Total time for which application threads were stopped: 0.0001510 seconds, Stopping threads took: 0.0000346 seconds
2020-12-03T20:33:09.732+0800: 28806.510: Total time for which application threads were stopped: 0.0001883 seconds, Stopping threads took: 0.0000339 seconds
2020-12-03T20:33:43.756+0800: 28840.534: Total time for which application threads were stopped: 0.0001890 seconds, Stopping threads took: 0.0000372 seconds
{Heap before GC invocations=35 (full 1):
 par new generation   total 943744K, used 851803K [0x00000006c0000000, 0x0000000700000000, 0x0000000700000000)
  eden space 838912K, 100% used [0x00000006c0000000, 0x00000006f3340000, 0x00000006f3340000)
  from space 104832K,  12% used [0x00000006f99a0000, 0x00000006fa636db8, 0x0000000700000000)
  to   space 104832K,   0% used [0x00000006f3340000, 0x00000006f3340000, 0x00000006f99a0000)
 concurrent mark-sweep generation total 3145728K, used 106735K [0x0000000700000000, 0x00000007c0000000, 0x00000007c0000000)
 Metaspace       used 45143K, capacity 46998K, committed 47124K, reserved 1089536K
  class space    used 6113K, capacity 6535K, committed 6576K, reserved 1048576K
2020-12-03T20:39:28.299+0800: 29185.082: [GC (Allocation Failure) 2020-12-03T20:39:28.299+0800: 29185.082: [ParNew
Desired survivor size 53673984 bytes, new threshold 1 (max 1)
- age   1:   22540392 bytes,   22540392 total
: 851803K->23477K(943744K), 0.0338022 secs] 958539K->131240K(4089472K), 0.0339178 secs] [Times: user=0.10 sys=0.15, real=0.04 secs] 
Heap after GC invocations=36 (full 1):
 par new generation   total 943744K, used 23477K [0x00000006c0000000, 0x0000000700000000, 0x0000000700000000)
  eden space 838912K,   0% used [0x00000006c0000000, 0x00000006c0000000, 0x00000006f3340000)
  from space 104832K,  22% used [0x00000006f3340000, 0x00000006f4a2d600, 0x00000006f99a0000)
  to   space 104832K,   0% used [0x00000006f99a0000, 0x00000006f99a0000, 0x0000000700000000)
 concurrent mark-sweep generation total 3145728K, used 107762K [0x0000000700000000, 0x00000007c0000000, 0x00000007c0000000)
 Metaspace       used 45143K, capacity 46998K, committed 47124K, reserved 1089536K
  class space    used 6113K, capacity 6535K, committed 6576K, reserved 1048576K
}
2020-12-03T20:39:28.333+0800: 29185.116: Total time for which application threads were stopped: 0.0341619 seconds, Stopping threads took: 0.0000193 seconds
{Heap before GC invocations=36 (full 1):
 par new generation   total 943744K, used 862389K [0x00000006c0000000, 0x0000000700000000, 0x0000000700000000)
  eden space 838912K, 100% used [0x00000006c0000000, 0x00000006f3340000, 0x00000006f3340000)
  from space 104832K,  22% used [0x00000006f3340000, 0x00000006f4a2d600, 0x00000006f99a0000)
  to   space 104832K,   0% used [0x00000006f99a0000, 0x00000006f99a0000, 0x0000000700000000)
 concurrent mark-sweep generation total 3145728K, used 107762K [0x0000000700000000, 0x00000007c0000000, 0x00000007c0000000)
 Metaspace       used 45143K, capacity 46998K, committed 47124K, reserved 1089536K
  class space    used 6113K, capacity 6535K, committed 6576K, reserved 1048576K
2020-12-03T20:53:54.033+0800: 30050.790: [GC (Allocation Failure) 2020-12-03T20:53:54.033+0800: 30050.790: [ParNew
Desired survivor size 53673984 bytes, new threshold 1 (max 1)
- age   1:    4944680 bytes,    4944680 total
: 862389K->9067K(943744K), 0.0191924 secs] 970152K->123769K(4089472K), 0.0193434 secs] [Times: user=0.10 sys=0.02, real=0.02 secs] 
Heap after GC invocations=37 (full 1):
 par new generation   total 943744K, used 9067K [0x00000006c0000000, 0x0000000700000000, 0x0000000700000000)
  eden space 838912K,   0% used [0x00000006c0000000, 0x00000006c0000000, 0x00000006f3340000)
  from space 104832K,   8% used [0x00000006f99a0000, 0x00000006fa27afd0, 0x0000000700000000)
  to   space 104832K,   0% used [0x00000006f3340000, 0x00000006f3340000, 0x00000006f99a0000)
 concurrent mark-sweep generation total 3145728K, used 114701K [0x0000000700000000, 0x00000007c0000000, 0x00000007c0000000)
 Metaspace       used 45143K, capacity 46998K, committed 47124K, reserved 1089536K
  class space    used 6113K, capacity 6535K, committed 6576K, reserved 1048576K
}
2020-12-03T20:53:54.053+0800: 30050.810: Total time for which application threads were stopped: 0.0196837 seconds, Stopping threads took: 0.0000328 seconds
2020-12-03T21:02:01.501+0800: 30538.259: Total time for which application threads were stopped: 0.0001824 seconds, Stopping threads took: 0.0000374 seconds
{Heap before GC invocations=37 (full 1):
 par new generation   total 943744K, used 847979K [0x00000006c0000000, 0x0000000700000000, 0x0000000700000000)
  eden space 838912K, 100% used [0x00000006c0000000, 0x00000006f3340000, 0x00000006f3340000)
  from space 104832K,   8% used [0x00000006f99a0000, 0x00000006fa27afd0, 0x0000000700000000)
  to   space 104832K,   0% used [0x00000006f3340000, 0x00000006f3340000, 0x00000006f99a0000)
 concurrent mark-sweep generation total 3145728K, used 114701K [0x0000000700000000, 0x00000007c0000000, 0x00000007c0000000)
 Metaspace       used 45143K, capacity 46998K, committed 47124K, reserved 1089536K
  class space    used 6113K, capacity 6535K, committed 6576K, reserved 1048576K
2020-12-03T21:41:32.506+0800: 30940.940: [GC (Allocation Failure) 2020-12-03T21:41:32.507+0800: 30940.941: [ParNew
Desired survivor size 53673984 bytes, new threshold 1 (max 1)
- age   1:   13490832 bytes,   13490832 total
: 847979K->14800K(943744K), 0.0066376 secs] 962681K->129503K(4089472K), 0.0075004 secs] [Times: user=0.07 sys=0.00, real=0.01 secs] 
Heap after GC invocations=38 (full 1):
 par new generation   total 943744K, used 14800K [0x00000006c0000000, 0x0000000700000000, 0x0000000700000000)
  eden space 838912K,   0% used [0x00000006c0000000, 0x00000006c0000000, 0x00000006f3340000)
  from space 104832K,  14% used [0x00000006f3340000, 0x00000006f41b4320, 0x00000006f99a0000)
  to   space 104832K,   0% used [0x00000006f99a0000, 0x00000006f99a0000, 0x0000000700000000)
 concurrent mark-sweep generation total 3145728K, used 114702K [0x0000000700000000, 0x00000007c0000000, 0x00000007c0000000)
 Metaspace       used 45143K, capacity 46998K, committed 47124K, reserved 1089536K
  class space    used 6113K, capacity 6535K, committed 6576K, reserved 1048576K
}
2020-12-03T21:41:32.514+0800: 30940.948: Total time for which application threads were stopped: 0.0076926 seconds, Stopping threads took: 0.0000159 seconds
2020-12-03T21:41:33.514+0800: 30941.948: Total time for which application threads were stopped: 0.0002422 seconds, Stopping threads took: 0.0000429 seconds
2020-12-03T21:46:33.784+0800: 31203.416: Total time for which application threads were stopped: 0.0002558 seconds, Stopping threads took: 0.0000528 seconds
{Heap before GC invocations=38 (full 1):
 par new generation   total 943744K, used 853712K [0x00000006c0000000, 0x0000000700000000, 0x0000000700000000)
  eden space 838912K, 100% used [0x00000006c0000000, 0x00000006f3340000, 0x00000006f3340000)
  from space 104832K,  14% used [0x00000006f3340000, 0x00000006f41b4320, 0x00000006f99a0000)
  to   space 104832K,   0% used [0x00000006f99a0000, 0x00000006f99a0000, 0x0000000700000000)
 concurrent mark-sweep generation total 3145728K, used 114702K [0x0000000700000000, 0x00000007c0000000, 0x00000007c0000000)
 Metaspace       used 45145K, capacity 46998K, committed 47124K, reserved 1089536K
  class space    used 6113K, capacity 6535K, committed 6576K, reserved 1048576K
2020-12-03T22:39:54.438+0800: 31814.416: [GC (Allocation Failure) 2020-12-03T22:39:54.439+0800: 31814.417: [ParNew
Desired survivor size 53673984 bytes, new threshold 1 (max 1)
- age   1:    9142376 bytes,    9142376 total
: 853712K->11485K(943744K), 0.0098300 secs] 968415K->127263K(4089472K), 0.0110930 secs] [Times: user=0.09 sys=0.00, real=0.01 secs] 
Heap after GC invocations=39 (full 1):
 par new generation   total 943744K, used 11485K [0x00000006c0000000, 0x0000000700000000, 0x0000000700000000)
  eden space 838912K,   0% used [0x00000006c0000000, 0x00000006c0000000, 0x00000006f3340000)
  from space 104832K,  10% used [0x00000006f99a0000, 0x00000006fa4d7720, 0x0000000700000000)
  to   space 104832K,   0% used [0x00000006f3340000, 0x00000006f3340000, 0x00000006f99a0000)
 concurrent mark-sweep generation total 3145728K, used 115777K [0x0000000700000000, 0x00000007c0000000, 0x00000007c0000000)
 Metaspace       used 45145K, capacity 46998K, committed 47124K, reserved 1089536K
  class space    used 6113K, capacity 6535K, committed 6576K, reserved 1048576K
}
2020-12-03T22:39:54.449+0800: 31814.427: Total time for which application threads were stopped: 0.0113734 seconds, Stopping threads took: 0.0000282 seconds
2020-12-03T22:49:44.933+0800: 32404.900: Total time for which application threads were stopped: 0.0002215 seconds, Stopping threads took: 0.0000355 seconds
2020-12-03T22:49:45.934+0800: 32405.901: Total time for which application threads were stopped: 0.0002338 seconds, Stopping threads took: 0.0000357 seconds
{Heap before GC invocations=39 (full 1):
 par new generation   total 943744K, used 850397K [0x00000006c0000000, 0x0000000700000000, 0x0000000700000000)
  eden space 838912K, 100% used [0x00000006c0000000, 0x00000006f3340000, 0x00000006f3340000)
  from space 104832K,  10% used [0x00000006f99a0000, 0x00000006fa4d7720, 0x0000000700000000)
  to   space 104832K,   0% used [0x00000006f3340000, 0x00000006f3340000, 0x00000006f99a0000)
 concurrent mark-sweep generation total 3145728K, used 115777K [0x0000000700000000, 0x00000007c0000000, 0x00000007c0000000)
 Metaspace       used 45152K, capacity 46998K, committed 47124K, reserved 1089536K
  class space    used 6113K, capacity 6535K, committed 6576K, reserved 1048576K
2020-12-03T22:53:23.363+0800: 32623.325: [GC (Allocation Failure) 2020-12-03T22:53:23.364+0800: 32623.326: [ParNew
Desired survivor size 53673984 bytes, new threshold 1 (max 1)
- age   1:   16226800 bytes,   16226800 total
: 850397K->16940K(943744K), 0.0091273 secs] 966175K->132719K(4089472K), 0.0102275 secs] [Times: user=0.08 sys=0.00, real=0.01 secs] 
Heap after GC invocations=40 (full 1):
 par new generation   total 943744K, used 16940K [0x00000006c0000000, 0x0000000700000000, 0x0000000700000000)
  eden space 838912K,   0% used [0x00000006c0000000, 0x00000006c0000000, 0x00000006f3340000)
  from space 104832K,  16% used [0x00000006f3340000, 0x00000006f43cb328, 0x00000006f99a0000)
  to   space 104832K,   0% used [0x00000006f99a0000, 0x00000006f99a0000, 0x0000000700000000)
 concurrent mark-sweep generation total 3145728K, used 115779K [0x0000000700000000, 0x00000007c0000000, 0x00000007c0000000)
 Metaspace       used 45152K, capacity 46998K, committed 47124K, reserved 1089536K
  class space    used 6113K, capacity 6535K, committed 6576K, reserved 1048576K
}
2020-12-03T22:53:23.373+0800: 32623.336: Total time for which application threads were stopped: 0.0105040 seconds, Stopping threads took: 0.0000271 seconds
{Heap before GC invocations=40 (full 1):
 par new generation   total 943744K, used 855852K [0x00000006c0000000, 0x0000000700000000, 0x0000000700000000)
  eden space 838912K, 100% used [0x00000006c0000000, 0x00000006f3340000, 0x00000006f3340000)
  from space 104832K,  16% used [0x00000006f3340000, 0x00000006f43cb328, 0x00000006f99a0000)
  to   space 104832K,   0% used [0x00000006f99a0000, 0x00000006f99a0000, 0x0000000700000000)
 concurrent mark-sweep generation total 3145728K, used 115779K [0x0000000700000000, 0x00000007c0000000, 0x00000007c0000000)
 Metaspace       used 45152K, capacity 46998K, committed 47124K, reserved 1089536K
  class space    used 6113K, capacity 6535K, committed 6576K, reserved 1048576K
2020-12-03T23:07:49.410+0800: 33489.356: [GC (Allocation Failure) 2020-12-03T23:07:49.411+0800: 33489.357: [ParNew
Desired survivor size 53673984 bytes, new threshold 1 (max 1)
- age   1:    4946032 bytes,    4946032 total
: 855852K->9887K(943744K), 0.0159545 secs] 971631K->133594K(4089472K), 0.0169229 secs] [Times: user=0.09 sys=0.01, real=0.01 secs] 
Heap after GC invocations=41 (full 1):
 par new generation   total 943744K, used 9887K [0x00000006c0000000, 0x0000000700000000, 0x0000000700000000)
  eden space 838912K,   0% used [0x00000006c0000000, 0x00000006c0000000, 0x00000006f3340000)
  from space 104832K,   9% used [0x00000006f99a0000, 0x00000006fa347ce0, 0x0000000700000000)
  to   space 104832K,   0% used [0x00000006f3340000, 0x00000006f3340000, 0x00000006f99a0000)
 concurrent mark-sweep generation total 3145728K, used 123707K [0x0000000700000000, 0x00000007c0000000, 0x00000007c0000000)
 Metaspace       used 45152K, capacity 46998K, committed 47124K, reserved 1089536K
  class space    used 6113K, capacity 6535K, committed 6576K, reserved 1048576K
}
2020-12-03T23:07:49.427+0800: 33489.373: Total time for which application threads were stopped: 0.0171120 seconds, Stopping threads took: 0.0000167 seconds
{Heap before GC invocations=41 (full 1):
 par new generation   total 943744K, used 848799K [0x00000006c0000000, 0x0000000700000000, 0x0000000700000000)
  eden space 838912K, 100% used [0x00000006c0000000, 0x00000006f3340000, 0x00000006f3340000)
  from space 104832K,   9% used [0x00000006f99a0000, 0x00000006fa347ce0, 0x0000000700000000)
  to   space 104832K,   0% used [0x00000006f3340000, 0x00000006f3340000, 0x00000006f99a0000)
 concurrent mark-sweep generation total 3145728K, used 123707K [0x0000000700000000, 0x00000007c0000000, 0x00000007c0000000)
 Metaspace       used 45152K, capacity 46998K, committed 47124K, reserved 1089536K
  class space    used 6113K, capacity 6535K, committed 6576K, reserved 1048576K
2020-12-03T23:22:13.768+0800: 34353.713: [GC (Allocation Failure) 2020-12-03T23:22:13.769+0800: 34353.714: [ParNew
Desired survivor size 53673984 bytes, new threshold 1 (max 1)
- age   1:   11239296 bytes,   11239296 total
: 848799K->12586K(943744K), 0.0097706 secs] 972506K->136294K(4089472K), 0.0113253 secs] [Times: user=0.09 sys=0.00, real=0.01 secs] 
Heap after GC invocations=42 (full 1):
 par new generation   total 943744K, used 12586K [0x00000006c0000000, 0x0000000700000000, 0x0000000700000000)
  eden space 838912K,   0% used [0x00000006c0000000, 0x00000006c0000000, 0x00000006f3340000)
  from space 104832K,  12% used [0x00000006f3340000, 0x00000006f3f8a870, 0x00000006f99a0000)
  to   space 104832K,   0% used [0x00000006f99a0000, 0x00000006f99a0000, 0x0000000700000000)
 concurrent mark-sweep generation total 3145728K, used 123708K [0x0000000700000000, 0x00000007c0000000, 0x00000007c0000000)
 Metaspace       used 45152K, capacity 46998K, committed 47124K, reserved 1089536K
  class space    used 6113K, capacity 6535K, committed 6576K, reserved 1048576K
}
2020-12-03T23:22:13.779+0800: 34353.724: Total time for which application threads were stopped: 0.0116242 seconds, Stopping threads took: 0.0000354 seconds
2020-12-03T23:22:14.780+0800: 34354.725: Total time for which application threads were stopped: 0.0002232 seconds, Stopping threads took: 0.0000363 seconds
2020-12-03T23:34:30.276+0800: 35090.206: Total time for which application threads were stopped: 0.0000881 seconds, Stopping threads took: 0.0000172 seconds
{Heap before GC invocations=42 (full 1):
 par new generation   total 943744K, used 851498K [0x00000006c0000000, 0x0000000700000000, 0x0000000700000000)
  eden space 838912K, 100% used [0x00000006c0000000, 0x00000006f3340000, 0x00000006f3340000)
  from space 104832K,  12% used [0x00000006f3340000, 0x00000006f3f8a870, 0x00000006f99a0000)
  to   space 104832K,   0% used [0x00000006f99a0000, 0x00000006f99a0000, 0x0000000700000000)
 concurrent mark-sweep generation total 3145728K, used 123708K [0x0000000700000000, 0x00000007c0000000, 0x00000007c0000000)
 Metaspace       used 45157K, capacity 46998K, committed 47124K, reserved 1089536K
  class space    used 6113K, capacity 6535K, committed 6576K, reserved 1048576K
2020-12-03T23:36:00.183+0800: 35180.110: [GC (Allocation Failure) 2020-12-03T23:36:00.184+0800: 35180.111: [ParNew
Desired survivor size 53673984 bytes, new threshold 1 (max 1)
- age   1:    4947984 bytes,    4947984 total
: 851498K->7158K(943744K), 0.0074721 secs] 975206K->131893K(4089472K), 0.0088122 secs] [Times: user=0.06 sys=0.00, real=0.01 secs] 
Heap after GC invocations=43 (full 1):
 par new generation   total 943744K, used 7158K [0x00000006c0000000, 0x0000000700000000, 0x0000000700000000)
  eden space 838912K,   0% used [0x00000006c0000000, 0x00000006c0000000, 0x00000006f3340000)
  from space 104832K,   6% used [0x00000006f99a0000, 0x00000006fa09d8e8, 0x0000000700000000)
  to   space 104832K,   0% used [0x00000006f3340000, 0x00000006f3340000, 0x00000006f99a0000)
 concurrent mark-sweep generation total 3145728K, used 124735K [0x0000000700000000, 0x00000007c0000000, 0x00000007c0000000)
 Metaspace       used 45157K, capacity 46998K, committed 47124K, reserved 1089536K
  class space    used 6113K, capacity 6535K, committed 6576K, reserved 1048576K
}
2020-12-03T23:36:00.192+0800: 35180.119: Total time for which application threads were stopped: 0.0090516 seconds, Stopping threads took: 0.0000157 seconds
2020-12-03T23:49:44.971+0800: 36004.887: Total time for which application threads were stopped: 0.0002040 seconds, Stopping threads took: 0.0000384 seconds
2020-12-03T23:49:45.971+0800: 36005.888: Total time for which application threads were stopped: 0.0001732 seconds, Stopping threads took: 0.0000225 seconds
{Heap before GC invocations=43 (full 1):
 par new generation   total 943744K, used 846070K [0x00000006c0000000, 0x0000000700000000, 0x0000000700000000)
  eden space 838912K, 100% used [0x00000006c0000000, 0x00000006f3340000, 0x00000006f3340000)
  from space 104832K,   6% used [0x00000006f99a0000, 0x00000006fa09d8e8, 0x0000000700000000)
  to   space 104832K,   0% used [0x00000006f3340000, 0x00000006f3340000, 0x00000006f99a0000)
 concurrent mark-sweep generation total 3145728K, used 124735K [0x0000000700000000, 0x00000007c0000000, 0x00000007c0000000)
 Metaspace       used 45197K, capacity 47066K, committed 47124K, reserved 1089536K
  class space    used 6113K, capacity 6535K, committed 6576K, reserved 1048576K
2020-12-03T23:50:14.322+0800: 36034.238: [GC (Allocation Failure) 2020-12-03T23:50:14.323+0800: 36034.239: [ParNew
Desired survivor size 53673984 bytes, new threshold 1 (max 1)
- age   1:   10302400 bytes,   10302400 total
: 846070K->12916K(943744K), 0.0082417 secs] 970805K->137653K(4089472K), 0.0093374 secs] [Times: user=0.08 sys=0.01, real=0.01 secs] 
Heap after GC invocations=44 (full 1):
 par new generation   total 943744K, used 12916K [0x00000006c0000000, 0x0000000700000000, 0x0000000700000000)
  eden space 838912K,   0% used [0x00000006c0000000, 0x00000006c0000000, 0x00000006f3340000)
  from space 104832K,  12% used [0x00000006f3340000, 0x00000006f3fdd118, 0x00000006f99a0000)
  to   space 104832K,   0% used [0x00000006f99a0000, 0x00000006f99a0000, 0x0000000700000000)
 concurrent mark-sweep generation total 3145728K, used 124736K [0x0000000700000000, 0x00000007c0000000, 0x00000007c0000000)
 Metaspace       used 45197K, capacity 47066K, committed 47124K, reserved 1089536K
  class space    used 6113K, capacity 6535K, committed 6576K, reserved 1048576K
}
2020-12-03T23:50:14.332+0800: 36034.247: Total time for which application threads were stopped: 0.0096412 seconds, Stopping threads took: 0.0000303 seconds
{Heap before GC invocations=44 (full 1):
 par new generation   total 943744K, used 851828K [0x00000006c0000000, 0x0000000700000000, 0x0000000700000000)
  eden space 838912K, 100% used [0x00000006c0000000, 0x00000006f3340000, 0x00000006f3340000)
  from space 104832K,  12% used [0x00000006f3340000, 0x00000006f3fdd118, 0x00000006f99a0000)
  to   space 104832K,   0% used [0x00000006f99a0000, 0x00000006f99a0000, 0x0000000700000000)
 concurrent mark-sweep generation total 3145728K, used 124736K [0x0000000700000000, 0x00000007c0000000, 0x00000007c0000000)
 Metaspace       used 45199K, capacity 47066K, committed 47124K, reserved 1089536K
  class space    used 6113K, capacity 6535K, committed 6576K, reserved 1048576K
2020-12-04T00:05:47.615+0800: 36967.515: [GC (Allocation Failure) 2020-12-04T00:05:47.617+0800: 36967.516: [ParNew
Desired survivor size 53673984 bytes, new threshold 1 (max 1)
- age   1:    7041632 bytes,    7041632 total
: 851828K->8845K(943744K), 0.0161874 secs] 976565K->141539K(4089472K), 0.0177649 secs] [Times: user=0.10 sys=0.01, real=0.02 secs] 
Heap after GC invocations=45 (full 1):
 par new generation   total 943744K, used 8845K [0x00000006c0000000, 0x0000000700000000, 0x0000000700000000)
  eden space 838912K,   0% used [0x00000006c0000000, 0x00000006c0000000, 0x00000006f3340000)
  from space 104832K,   8% used [0x00000006f99a0000, 0x00000006fa243570, 0x0000000700000000)
  to   space 104832K,   0% used [0x00000006f3340000, 0x00000006f3340000, 0x00000006f99a0000)
 concurrent mark-sweep generation total 3145728K, used 132694K [0x0000000700000000, 0x00000007c0000000, 0x00000007c0000000)
 Metaspace       used 45199K, capacity 47066K, committed 47124K, reserved 1089536K
  class space    used 6113K, capacity 6535K, committed 6576K, reserved 1048576K
}
2020-12-04T00:05:47.633+0800: 36967.533: Total time for which application threads were stopped: 0.0180426 seconds, Stopping threads took: 0.0000276 seconds
2020-12-04T00:05:48.634+0800: 36968.533: Total time for which application threads were stopped: 0.0001872 seconds, Stopping threads took: 0.0000371 seconds
2020-12-04T00:09:43.903+0800: 37203.795: Total time for which application threads were stopped: 0.0001898 seconds, Stopping threads took: 0.0000353 seconds
2020-12-04T01:42:43.367+0800: 37803.505: Total time for which application threads were stopped: 0.0002912 seconds, Stopping threads took: 0.0000461 seconds
{Heap before GC invocations=45 (full 1):
 par new generation   total 943744K, used 847757K [0x00000006c0000000, 0x0000000700000000, 0x0000000700000000)
  eden space 838912K, 100% used [0x00000006c0000000, 0x00000006f3340000, 0x00000006f3340000)
  from space 104832K,   8% used [0x00000006f99a0000, 0x00000006fa243570, 0x0000000700000000)
  to   space 104832K,   0% used [0x00000006f3340000, 0x00000006f3340000, 0x00000006f99a0000)
 concurrent mark-sweep generation total 3145728K, used 132694K [0x0000000700000000, 0x00000007c0000000, 0x00000007c0000000)
 Metaspace       used 45248K, capacity 47130K, committed 47380K, reserved 1089536K
  class space    used 6117K, capacity 6535K, committed 6576K, reserved 1048576K
2020-12-04T01:44:27.598+0800: 37907.733: [GC (Allocation Failure) 2020-12-04T01:44:27.599+0800: 37907.734: [ParNew
Desired survivor size 53673984 bytes, new threshold 1 (max 1)
- age   1:    8112104 bytes,    8112104 total
: 847757K->8938K(943744K), 0.0224555 secs] 980451K->143683K(4089472K), 0.0238306 secs] [Times: user=0.21 sys=0.01, real=0.03 secs] 
Heap after GC invocations=46 (full 1):
 par new generation   total 943744K, used 8938K [0x00000006c0000000, 0x0000000700000000, 0x0000000700000000)
  eden space 838912K,   0% used [0x00000006c0000000, 0x00000006c0000000, 0x00000006f3340000)
  from space 104832K,   8% used [0x00000006f3340000, 0x00000006f3bfaab0, 0x00000006f99a0000)
  to   space 104832K,   0% used [0x00000006f99a0000, 0x00000006f99a0000, 0x0000000700000000)
 concurrent mark-sweep generation total 3145728K, used 134744K [0x0000000700000000, 0x00000007c0000000, 0x00000007c0000000)
 Metaspace       used 45248K, capacity 47130K, committed 47380K, reserved 1089536K
  class space    used 6117K, capacity 6535K, committed 6576K, reserved 1048576K
}
2020-12-04T01:44:27.622+0800: 37907.757: Total time for which application threads were stopped: 0.0242754 seconds, Stopping threads took: 0.0000335 seconds
{Heap before GC invocations=46 (full 1):
 par new generation   total 943744K, used 847850K [0x00000006c0000000, 0x0000000700000000, 0x0000000700000000)
  eden space 838912K, 100% used [0x00000006c0000000, 0x00000006f3340000, 0x00000006f3340000)
  from space 104832K,   8% used [0x00000006f3340000, 0x00000006f3bfaab0, 0x00000006f99a0000)
  to   space 104832K,   0% used [0x00000006f99a0000, 0x00000006f99a0000, 0x0000000700000000)
 concurrent mark-sweep generation total 3145728K, used 134744K [0x0000000700000000, 0x00000007c0000000, 0x00000007c0000000)
 Metaspace       used 45248K, capacity 47130K, committed 47380K, reserved 1089536K
  class space    used 6117K, capacity 6535K, committed 6576K, reserved 1048576K
2020-12-04T08:22:51.407+0800: 38825.321: [GC (Allocation Failure) 2020-12-04T08:22:51.408+0800: 38825.322: [ParNew
Desired survivor size 53673984 bytes, new threshold 1 (max 1)
- age   1:    8091264 bytes,    8091264 total
: 847850K->9316K(943744K), 0.0100806 secs] 982595K->145099K(4089472K), 0.0111724 secs] [Times: user=0.09 sys=0.00, real=0.01 secs] 
Heap after GC invocations=47 (full 1):
 par new generation   total 943744K, used 9316K [0x00000006c0000000, 0x0000000700000000, 0x0000000700000000)
  eden space 838912K,   0% used [0x00000006c0000000, 0x00000006c0000000, 0x00000006f3340000)
  from space 104832K,   8% used [0x00000006f99a0000, 0x00000006fa2b91b0, 0x0000000700000000)
  to   space 104832K,   0% used [0x00000006f3340000, 0x00000006f3340000, 0x00000006f99a0000)
 concurrent mark-sweep generation total 3145728K, used 135783K [0x0000000700000000, 0x00000007c0000000, 0x00000007c0000000)
 Metaspace       used 45248K, capacity 47130K, committed 47380K, reserved 1089536K
  class space    used 6117K, capacity 6535K, committed 6576K, reserved 1048576K
}
2020-12-04T08:22:51.418+0800: 38825.332: Total time for which application threads were stopped: 0.0114614 seconds, Stopping threads took: 0.0000325 seconds
2020-12-04T08:26:52.808+0800: 39066.717: Total time for which application threads were stopped: 0.0001831 seconds, Stopping threads took: 0.0000367 seconds
2020-12-04T08:35:51.702+0800: 39605.601: Total time for which application threads were stopped: 0.0002589 seconds, Stopping threads took: 0.0000379 seconds
{Heap before GC invocations=47 (full 1):
 par new generation   total 943744K, used 848228K [0x00000006c0000000, 0x0000000700000000, 0x0000000700000000)
  eden space 838912K, 100% used [0x00000006c0000000, 0x00000006f3340000, 0x00000006f3340000)
  from space 104832K,   8% used [0x00000006f99a0000, 0x00000006fa2b91b0, 0x0000000700000000)
  to   space 104832K,   0% used [0x00000006f3340000, 0x00000006f3340000, 0x00000006f99a0000)
 concurrent mark-sweep generation total 3145728K, used 135783K [0x0000000700000000, 0x00000007c0000000, 0x00000007c0000000)
 Metaspace       used 45265K, capacity 47138K, committed 47380K, reserved 1089536K
  class space    used 6118K, capacity 6535K, committed 6576K, reserved 1048576K
2020-12-04T08:36:29.175+0800: 39643.073: [GC (Allocation Failure) 2020-12-04T08:36:29.176+0800: 39643.074: [ParNew
Desired survivor size 53673984 bytes, new threshold 1 (max 1)
- age   1:   14981120 bytes,   14981120 total
: 848228K->17405K(943744K), 0.0070559 secs] 984011K->153189K(4089472K), 0.0074635 secs] [Times: user=0.07 sys=0.00, real=0.01 secs] 
Heap after GC invocations=48 (full 1):
 par new generation   total 943744K, used 17405K [0x00000006c0000000, 0x0000000700000000, 0x0000000700000000)
  eden space 838912K,   0% used [0x00000006c0000000, 0x00000006c0000000, 0x00000006f3340000)
  from space 104832K,  16% used [0x00000006f3340000, 0x00000006f443f478, 0x00000006f99a0000)
  to   space 104832K,   0% used [0x00000006f99a0000, 0x00000006f99a0000, 0x0000000700000000)
 concurrent mark-sweep generation total 3145728K, used 135784K [0x0000000700000000, 0x00000007c0000000, 0x00000007c0000000)
 Metaspace       used 45265K, capacity 47138K, committed 47380K, reserved 1089536K
  class space    used 6118K, capacity 6535K, committed 6576K, reserved 1048576K
}
2020-12-04T08:36:29.183+0800: 39643.081: Total time for which application threads were stopped: 0.0077161 seconds, Stopping threads took: 0.0000171 seconds
2020-12-04T08:51:29.645+0800: 40543.526: Total time for which application threads were stopped: 0.0001946 seconds, Stopping threads took: 0.0000352 seconds
{Heap before GC invocations=48 (full 1):
 par new generation   total 943744K, used 856317K [0x00000006c0000000, 0x0000000700000000, 0x0000000700000000)
  eden space 838912K, 100% used [0x00000006c0000000, 0x00000006f3340000, 0x00000006f3340000)
  from space 104832K,  16% used [0x00000006f3340000, 0x00000006f443f478, 0x00000006f99a0000)
  to   space 104832K,   0% used [0x00000006f99a0000, 0x00000006f99a0000, 0x0000000700000000)
 concurrent mark-sweep generation total 3145728K, used 135784K [0x0000000700000000, 0x00000007c0000000, 0x00000007c0000000)
 Metaspace       used 45267K, capacity 47138K, committed 47380K, reserved 1089536K
  class space    used 6118K, capacity 6535K, committed 6576K, reserved 1048576K
2020-12-04T08:52:33.566+0800: 40607.446: [GC (Allocation Failure) 2020-12-04T08:52:33.566+0800: 40607.446: [ParNew
Desired survivor size 53673984 bytes, new threshold 1 (max 1)
- age   1:    4944008 bytes,    4944008 total
: 856317K->9516K(943744K), 0.0171417 secs] 992101K->155315K(4089472K), 0.0172941 secs] [Times: user=0.10 sys=0.01, real=0.02 secs] 
Heap after GC invocations=49 (full 1):
 par new generation   total 943744K, used 9516K [0x00000006c0000000, 0x0000000700000000, 0x0000000700000000)
  eden space 838912K,   0% used [0x00000006c0000000, 0x00000006c0000000, 0x00000006f3340000)
  from space 104832K,   9% used [0x00000006f99a0000, 0x00000006fa2eb380, 0x0000000700000000)
  to   space 104832K,   0% used [0x00000006f3340000, 0x00000006f3340000, 0x00000006f99a0000)
 concurrent mark-sweep generation total 3145728K, used 145799K [0x0000000700000000, 0x00000007c0000000, 0x00000007c0000000)
 Metaspace       used 45267K, capacity 47138K, committed 47380K, reserved 1089536K
  class space    used 6118K, capacity 6535K, committed 6576K, reserved 1048576K
}
2020-12-04T08:52:33.584+0800: 40607.463: Total time for which application threads were stopped: 0.0176566 seconds, Stopping threads took: 0.0000334 seconds
2020-12-04T08:55:49.882+0800: 40803.758: Total time for which application threads were stopped: 0.0000964 seconds, Stopping threads took: 0.0000189 seconds
{Heap before GC invocations=49 (full 1):
 par new generation   total 943744K, used 848428K [0x00000006c0000000, 0x0000000700000000, 0x0000000700000000)
  eden space 838912K, 100% used [0x00000006c0000000, 0x00000006f3340000, 0x00000006f3340000)
  from space 104832K,   9% used [0x00000006f99a0000, 0x00000006fa2eb380, 0x0000000700000000)
  to   space 104832K,   0% used [0x00000006f3340000, 0x00000006f3340000, 0x00000006f99a0000)
 concurrent mark-sweep generation total 3145728K, used 145799K [0x0000000700000000, 0x00000007c0000000, 0x00000007c0000000)
 Metaspace       used 45267K, capacity 47138K, committed 47380K, reserved 1089536K
  class space    used 6118K, capacity 6535K, committed 6576K, reserved 1048576K
2020-12-04T09:09:28.875+0800: 41547.901: [GC (Allocation Failure) 2020-12-04T09:09:28.876+0800: 41547.902: [ParNew
Desired survivor size 53673984 bytes, new threshold 1 (max 1)
- age   1:   11237232 bytes,   11237232 total
: 848428K->12369K(943744K), 0.0089127 secs] 994227K->158169K(4089472K), 0.0099045 secs] [Times: user=0.08 sys=0.00, real=0.01 secs] 
Heap after GC invocations=50 (full 1):
 par new generation   total 943744K, used 12369K [0x00000006c0000000, 0x0000000700000000, 0x0000000700000000)
  eden space 838912K,   0% used [0x00000006c0000000, 0x00000006c0000000, 0x00000006f3340000)
  from space 104832K,  11% used [0x00000006f3340000, 0x00000006f3f546d8, 0x00000006f99a0000)
  to   space 104832K,   0% used [0x00000006f99a0000, 0x00000006f99a0000, 0x0000000700000000)
 concurrent mark-sweep generation total 3145728K, used 145800K [0x0000000700000000, 0x00000007c0000000, 0x00000007c0000000)
 Metaspace       used 45267K, capacity 47138K, committed 47380K, reserved 1089536K
  class space    used 6118K, capacity 6535K, committed 6576K, reserved 1048576K
}
2020-12-04T09:09:28.885+0800: 41547.911: Total time for which application threads were stopped: 0.0102585 seconds, Stopping threads took: 0.0000378 seconds
2020-12-04T09:22:49.281+0800: 42348.290: Total time for which application threads were stopped: 0.0002353 seconds, Stopping threads took: 0.0000704 seconds
{Heap before GC invocations=50 (full 1):
 par new generation   total 943744K, used 851281K [0x00000006c0000000, 0x0000000700000000, 0x0000000700000000)
  eden space 838912K, 100% used [0x00000006c0000000, 0x00000006f3340000, 0x00000006f3340000)
  from space 104832K,  11% used [0x00000006f3340000, 0x00000006f3f546d8, 0x00000006f99a0000)
  to   space 104832K,   0% used [0x00000006f99a0000, 0x00000006f99a0000, 0x0000000700000000)
 concurrent mark-sweep generation total 3145728K, used 145800K [0x0000000700000000, 0x00000007c0000000, 0x00000007c0000000)
 Metaspace       used 45267K, capacity 47138K, committed 47380K, reserved 1089536K
  class space    used 6118K, capacity 6535K, committed 6576K, reserved 1048576K
2020-12-04T09:24:32.005+0800: 42451.012: [GC (Allocation Failure) 2020-12-04T09:24:32.006+0800: 42451.013: [ParNew
Desired survivor size 53673984 bytes, new threshold 1 (max 1)
- age   1:   14377440 bytes,   14377440 total
: 851281K->14945K(943744K), 0.0249728 secs] 997081K->161772K(4089472K), 0.0261453 secs] [Times: user=0.07 sys=0.10, real=0.03 secs] 
Heap after GC invocations=51 (full 1):
 par new generation   total 943744K, used 14945K [0x00000006c0000000, 0x0000000700000000, 0x0000000700000000)
  eden space 838912K,   0% used [0x00000006c0000000, 0x00000006c0000000, 0x00000006f3340000)
  from space 104832K,  14% used [0x00000006f99a0000, 0x00000006fa8384f8, 0x0000000700000000)
  to   space 104832K,   0% used [0x00000006f3340000, 0x00000006f3340000, 0x00000006f99a0000)
 concurrent mark-sweep generation total 3145728K, used 146827K [0x0000000700000000, 0x00000007c0000000, 0x00000007c0000000)
 Metaspace       used 45267K, capacity 47138K, committed 47380K, reserved 1089536K
  class space    used 6118K, capacity 6535K, committed 6576K, reserved 1048576K
}
2020-12-04T09:24:32.031+0800: 42451.038: Total time for which application threads were stopped: 0.0263782 seconds, Stopping threads took: 0.0000185 seconds
2020-12-04T09:35:49.485+0800: 43128.506: Total time for which application threads were stopped: 0.0002076 seconds, Stopping threads took: 0.0000360 seconds
2020-12-04T09:37:06.537+0800: 43205.556: Total time for which application threads were stopped: 0.0001204 seconds, Stopping threads took: 0.0000209 seconds
2020-12-04T09:37:45.565+0800: 43244.583: Total time for which application threads were stopped: 0.0001932 seconds, Stopping threads took: 0.0000363 seconds
{Heap before GC invocations=51 (full 1):
 par new generation   total 943744K, used 853857K [0x00000006c0000000, 0x0000000700000000, 0x0000000700000000)
  eden space 838912K, 100% used [0x00000006c0000000, 0x00000006f3340000, 0x00000006f3340000)
  from space 104832K,  14% used [0x00000006f99a0000, 0x00000006fa8384f8, 0x0000000700000000)
  to   space 104832K,   0% used [0x00000006f3340000, 0x00000006f3340000, 0x00000006f99a0000)
 concurrent mark-sweep generation total 3145728K, used 146827K [0x0000000700000000, 0x00000007c0000000, 0x00000007c0000000)
 Metaspace       used 45304K, capacity 47138K, committed 47380K, reserved 1089536K
  class space    used 6118K, capacity 6535K, committed 6576K, reserved 1048576K
2020-12-04T09:38:30.937+0800: 43289.953: [GC (Allocation Failure) 2020-12-04T09:38:30.938+0800: 43289.954: [ParNew
Desired survivor size 53673984 bytes, new threshold 1 (max 1)
- age   1:   15200032 bytes,   15200032 total
: 853857K->17313K(943744K), 0.0078361 secs] 1000684K->164142K(4089472K), 0.0086412 secs] [Times: user=0.08 sys=0.01, real=0.01 secs] 
Heap after GC invocations=52 (full 1):
 par new generation   total 943744K, used 17313K [0x00000006c0000000, 0x0000000700000000, 0x0000000700000000)
  eden space 838912K,   0% used [0x00000006c0000000, 0x00000006c0000000, 0x00000006f3340000)
  from space 104832K,  16% used [0x00000006f3340000, 0x00000006f4428780, 0x00000006f99a0000)
  to   space 104832K,   0% used [0x00000006f99a0000, 0x00000006f99a0000, 0x0000000700000000)
 concurrent mark-sweep generation total 3145728K, used 146828K [0x0000000700000000, 0x00000007c0000000, 0x00000007c0000000)
 Metaspace       used 45304K, capacity 47138K, committed 47380K, reserved 1089536K
  class space    used 6118K, capacity 6535K, committed 6576K, reserved 1048576K
}
2020-12-04T09:38:30.946+0800: 43289.962: Total time for which application threads were stopped: 0.0088350 seconds, Stopping threads took: 0.0000144 seconds
{Heap before GC invocations=52 (full 1):
 par new generation   total 943744K, used 856225K [0x00000006c0000000, 0x0000000700000000, 0x0000000700000000)
  eden space 838912K, 100% used [0x00000006c0000000, 0x00000006f3340000, 0x00000006f3340000)
  from space 104832K,  16% used [0x00000006f3340000, 0x00000006f4428780, 0x00000006f99a0000)
  to   space 104832K,   0% used [0x00000006f99a0000, 0x00000006f99a0000, 0x0000000700000000)
 concurrent mark-sweep generation total 3145728K, used 146828K [0x0000000700000000, 0x00000007c0000000, 0x00000007c0000000)
 Metaspace       used 45304K, capacity 47138K, committed 47380K, reserved 1089536K
  class space    used 6118K, capacity 6535K, committed 6576K, reserved 1048576K
2020-12-04T09:52:55.795+0800: 44154.786: [GC (Allocation Failure) 2020-12-04T09:52:55.796+0800: 44154.787: [ParNew
Desired survivor size 53673984 bytes, new threshold 1 (max 1)
- age   1:    4944040 bytes,    4944040 total
: 856225K->9052K(943744K), 0.0169001 secs] 1003054K->163842K(4089472K), 0.0180660 secs] [Times: user=0.08 sys=0.02, real=0.02 secs] 
Heap after GC invocations=53 (full 1):
 par new generation   total 943744K, used 9052K [0x00000006c0000000, 0x0000000700000000, 0x0000000700000000)
  eden space 838912K,   0% used [0x00000006c0000000, 0x00000006c0000000, 0x00000006f3340000)
  from space 104832K,   8% used [0x00000006f99a0000, 0x00000006fa277250, 0x0000000700000000)
  to   space 104832K,   0% used [0x00000006f3340000, 0x00000006f3340000, 0x00000006f99a0000)
 concurrent mark-sweep generation total 3145728K, used 154790K [0x0000000700000000, 0x00000007c0000000, 0x00000007c0000000)
 Metaspace       used 45304K, capacity 47138K, committed 47380K, reserved 1089536K
  class space    used 6118K, capacity 6535K, committed 6576K, reserved 1048576K
}
2020-12-04T09:52:55.813+0800: 44154.804: Total time for which application threads were stopped: 0.0182287 seconds, Stopping threads took: 0.0000249 seconds
{Heap before GC invocations=53 (full 1):
 par new generation   total 943744K, used 847964K [0x00000006c0000000, 0x0000000700000000, 0x0000000700000000)
  eden space 838912K, 100% used [0x00000006c0000000, 0x00000006f3340000, 0x00000006f3340000)
  from space 104832K,   8% used [0x00000006f99a0000, 0x00000006fa277250, 0x0000000700000000)
  to   space 104832K,   0% used [0x00000006f3340000, 0x00000006f3340000, 0x00000006f99a0000)
 concurrent mark-sweep generation total 3145728K, used 154790K [0x0000000700000000, 0x00000007c0000000, 0x00000007c0000000)
 Metaspace       used 45304K, capacity 47138K, committed 47380K, reserved 1089536K
  class space    used 6118K, capacity 6535K, committed 6576K, reserved 1048576K
2020-12-04T10:07:45.065+0800: 45044.034: [GC (Allocation Failure) 2020-12-04T10:07:45.067+0800: 45044.035: [ParNew
Desired survivor size 53673984 bytes, new threshold 1 (max 1)
- age   1:   13656824 bytes,   13656824 total
: 847964K->15724K(943744K), 0.0089519 secs] 1002754K->170515K(4089472K), 0.0102450 secs] [Times: user=0.07 sys=0.02, real=0.01 secs] 
